07-25 14:52:28.709   831   831 I MI-SF   : surfaceflinger setAffinity mode=0
07-25 14:52:28.709   831   831 E MI-SF   : surfaceflinger setAffinity success
07-25 14:52:28.710   831   831 I PowerHalWrapper: updateFps(): 60
07-25 14:52:28.712   774  2969 I hwcomposer: [HWCDisplay] updateAppliedConfigState: applied config complete[idx:792253073422640, config:1]
07-25 14:52:28.712   831   831 I PowerHalWrapper: updateFps(): 60
07-25 14:52:28.716   779   856 E HfLooper: light_data = 1.000000, raw_data = 0.000000, ir_data =14.000000, gain =1
07-25 14:52:28.721  1557  1590 I DisplayDeviceRepository: Display device changed render timings: "Built-in Screen", renderFrameRate=60.0, presentationDeadlineNanos=16600000, appVsyncOffsetNanos=1133334
07-25 14:52:28.726  1557  1814 D AudioSystem: +setParameters(): screen_state=on
07-25 14:52:28.728  1557  1588 W WindowManager:  displayMetricsChanged=false physicalDisplayChanged=false displayId=0 newUniqueId=local:4627039422300187648 currentUnique=local:4627039422300187648
07-25 14:52:28.728  1557  1588 D DisplayContentStubImpl: Display{#0 state=ON size=720x1600 ROTATION_0} isActivityEmbeddingSplitEnable false
07-25 14:52:28.729  1557  1557 I SetGameMode:  mDefaultDisplay state is :2
07-25 14:52:28.730  1557  1814 D AudioSystem: start get log level!
07-25 14:52:28.732  1557  1588 D WindowManager:  applyPostLayoutPolicyLw modify AppearanceRegion  win = Window{231a6a7 u0 com.whatsapp/com.whatsapp.Conversation} isEnable = false appearance = 0 getRecordAppearance() = 0
07-25 14:52:28.732  1557  1588 D MiuiRefreshRatePolicy: reset
07-25 14:52:28.740  1557  1591 D WindowManager:  applyPostLayoutPolicyLw modify AppearanceRegion  win = Window{231a6a7 u0 com.whatsapp/com.whatsapp.Conversation} isEnable = false appearance = 0 getRecordAppearance() = 0
07-25 14:52:28.741  2119  2546 D FiveGPowerController: onDisplayChanged to STATE ON
07-25 14:52:28.741  1557  1591 D MiuiRefreshRatePolicy: reset
07-25 14:52:28.741  2119  2546 D FiveGPowerController: onDisplayChanged isLastScreenOn is still on,ignore current displayChanged!!!
07-25 14:52:28.747   762 14226 D AudioALSAHardware: +setParameters(): screen_state=on
07-25 14:52:28.748   762 14226 D AudioALSAStreamOut: +setScreenState(), flag 2, mode 1
07-25 14:52:28.748   762 14226 D AudioALSAStreamOut: +setScreenState(), flag 8, mode 1
07-25 14:52:28.748  2134  2288 W GestureStubView_Left: onDisplayChanged
07-25 14:52:28.748   762 14226 D AudioALSAStreamOut: +setScreenState(), flag 4, mode 1
07-25 14:52:28.748  2134  2288 W GestureStubView_Left: adaptRotation   currentRotation=0   mRotation=0
07-25 14:52:28.748   762 14226 D AudioALSAStreamOut: +setScreenState(), flag 32768, mode 1
07-25 14:52:28.748   762 14226 D AudioALSAStreamOut: +setScreenState(), flag 65536, mode 1
07-25 14:52:28.748  2134  2288 W GestureStubView_Right: onDisplayChanged
07-25 14:52:28.748  2134  2288 W GestureStubView_Right: adaptRotation   currentRotation=0   mRotation=0
07-25 14:52:28.748   762 14226 D AudioALSAHardware: -setParameters(): screen_state=on
07-25 14:52:28.751  2134  2134 W Launcher: onDisplayChanged: newRotation=0, mCurrentRotation=0
07-25 14:52:28.754  2127  2127 V AutoDensityController: on display changed 0 context dpi:293 origin dpi:320 target dpi:293
07-25 14:52:28.815   779   856 E HfLooper: light_data = 1.000000, raw_data = 0.000000, ir_data =14.000000, gain =1
07-25 14:52:28.871   774  1369 I hwcomposer: [HWC] (0)fire a callback of refresh to SF[4]
07-25 14:52:28.890   831   831 I BufferQueueProducer: [FramebufferSurface](this:0xb40000799c39e710,id:-1,api:1,p:831,c:831) queueBuffer: fps=1.75 dur=1142.48 max=636.19 min=506.29
07-25 14:52:28.893   831   831 I MI-SF   : surfaceflinger setAffinity mode=1
07-25 14:52:28.893   831   831 E MI-SF   : surfaceflinger setAffinity success
07-25 14:52:28.893   831   831 I MI-SF   : surfaceflinger setreAffinity reTid=1042
07-25 14:52:28.893   831   831 E MI-SF   : surfaceflinger setAffinity success
07-25 14:52:28.915   779   856 E HfLooper: light_data = 1.000000, raw_data = 0.000000, ir_data =14.000000, gain =1
07-25 14:52:28.988  1331  1404 D connsyslogger: SD_LOG_ROOT is /data/debuglogger/connsyslog/fw.
07-25 14:52:28.989  1331  1404 D connsyslogger: systemReady:1
07-25 14:52:29.017   779   856 E HfLooper: light_data = 1.000000, raw_data = 0.000000, ir_data =14.000000, gain =1
07-25 14:52:29.116   779   856 E HfLooper: light_data = 1.000000, raw_data = 0.000000, ir_data =14.000000, gain =1
07-25 14:52:29.215   779   856 E HfLooper: light_data = 1.000000, raw_data = 0.000000, ir_data =14.000000, gain =1
07-25 14:52:29.236   774   774 I hwcomposer: [HWCDisplay] [Display_0 (type:1, mode:2)] fps:4.780382,dur:1045.94,max:452.97,min:5.99
07-25 14:52:29.238   831   831 I MI-SF   : surfaceflinger setAffinity mode=0
07-25 14:52:29.238   831   831 E MI-SF   : surfaceflinger setAffinity success
07-25 14:52:29.241  1557  1612 I ExtM    : zram userate is low, no need to flush: 43
07-25 14:52:29.295   774  1369 I hwcomposer: [HWC] (0)fire a callback of refresh to SF[4]
07-25 14:52:29.300  1557  1780 I MiuiNetworkPolicy: updateUidState uid = 10252, uidState = 15
07-25 14:52:29.300  1557  1575 E ApplicationHelper: Fail to get PackageManager
07-25 14:52:29.300  1557  1601 W ActivityManager: Rescheduling restart of crashed service com.imo.android.imoim/.DummyService in 26687ms for mem-pressure-event
07-25 14:52:29.300  1557  1601 W ActivityManager: Rescheduling restart of crashed service com.xiaomi.bluetooth/com.android.bluetooth.ble.app.headset.BluetoothHeadsetService in 56687ms for mem-pressure-event
07-25 14:52:29.301  1557  1601 W ActivityManager: Rescheduling restart of crashed service com.xiaomi.mipicks/.downloadinstall.downloader.service.DownloadService in 86687ms for mem-pressure-event
07-25 14:52:29.301  1557  1601 W ActivityManager: Rescheduling restart of crashed service com.xiaomi.discover/com.xiaomi.downloader.service.DownloadService in 116687ms for mem-pressure-event
07-25 14:52:29.301  1557  1601 W ActivityManager: Rescheduling restart of crashed service com.facebook.services/com.facebook.oxygen.services.fbns.PreloadedFbnsService in 146687ms for mem-pressure-event
07-25 14:52:29.310   831   831 I MI-SF   : surfaceflinger setAffinity mode=1
07-25 14:52:29.310   831   831 E MI-SF   : surfaceflinger setAffinity success
07-25 14:52:29.310   831   831 I MI-SF   : surfaceflinger setreAffinity reTid=1042
07-25 14:52:29.310   831   831 E MI-SF   : surfaceflinger setAffinity success
07-25 14:52:29.316   779   856 E HfLooper: light_data = 1.000000, raw_data = 0.000000, ir_data =14.000000, gain =1
07-25 14:52:29.349  1557  1612 I ExtM    : zram userate is low, no need to flush: 43
07-25 14:52:29.415   779   856 E HfLooper: light_data = 1.000000, raw_data = 0.000000, ir_data =14.000000, gain =1
07-25 14:52:29.515   779   856 E HfLooper: light_data = 1.000000, raw_data = 0.000000, ir_data =14.000000, gain =1
07-25 14:52:29.616   779   856 E HfLooper: light_data = 1.000000, raw_data = 0.000000, ir_data =14.000000, gain =1
07-25 14:52:29.653   791   890 I libPerfCtl: xgfGetFPS pid:1956 fps:-1
07-25 14:52:29.653   791   890 I libPerfCtl: xgfGetFPS pid:2127 fps:-1
07-25 14:52:29.653   791   890 I libPerfCtl: xgfGetFPS pid:2134 fps:-1
07-25 14:52:29.653   791   890 I libPerfCtl: xgfGetFPS pid:8209 fps:-1
07-25 14:52:29.653   791   890 I libPerfCtl: xgfGetFPS pid:13358 fps:-1
07-25 14:52:29.716   779   856 E HfLooper: light_data = 1.000000, raw_data = 0.000000, ir_data =14.000000, gain =1
07-25 14:52:29.732   831   831 I BufferQueueProducer: [com.whatsapp/com.whatsapp.Conversation#69393](this:0xb40000792c45db10,id:-1,api:0,p:-1,c:831) queueBuffer: fps=2.90 dur=1033.48 max=521.03 min=11.65
07-25 14:52:29.737   831   831 I MI-SF   : surfaceflinger setAffinity mode=0
07-25 14:52:29.738   831   831 E MI-SF   : surfaceflinger setAffinity success
07-25 14:52:29.795   774  1369 I hwcomposer: [HWC] (0)fire a callback of refresh to SF[4]
07-25 14:52:29.810   831   831 I MI-SF   : surfaceflinger setAffinity mode=1
07-25 14:52:29.811   831   831 E MI-SF   : surfaceflinger setAffinity success
07-25 14:52:29.811   831   831 I MI-SF   : surfaceflinger setreAffinity reTid=1042
07-25 14:52:29.811   831   831 E MI-SF   : surfaceflinger setAffinity success
07-25 14:52:29.815  2127  2127 D ArtChoreographerMonitor: invoke error.
07-25 14:52:29.816   779   856 E HfLooper: light_data = 1.000000, raw_data = 0.000000, ir_data =14.000000, gain =1
07-25 14:52:29.848   831   831 I BufferQueueProducer: [StatusBar#123](this:0xb40000792c550c70,id:-1,api:0,p:-1,c:831) queueBuffer: fps=0.33 dur=6130.19 max=5152.28 min=977.91
07-25 14:52:29.853   831   831 I MI-SF   : surfaceflinger setAffinity mode=0
07-25 14:52:29.854   831   831 E MI-SF   : surfaceflinger setAffinity success
07-25 14:52:29.917   779   856 E HfLooper: light_data = 1.000000, raw_data = 0.000000, ir_data =14.000000, gain =1
07-25 14:52:29.918  1557  1862 I SmartPower: com.google.android.adservices.api/10239(8802): background->idle(6002ms) R(remove from whitelist) adj=100.
07-25 14:52:29.918  1198  1781 D AALLightSensor: oldLux=1 [SA:-1 LA:-1] newLux=1 (oriLux: 1)
07-25 14:52:29.927   774  1369 I hwcomposer: [HWC] (0)fire a callback of refresh to SF[4]
07-25 14:52:29.940   831   831 I BufferQueueProducer: [FramebufferSurface](this:0xb40000799c39e710,id:-1,api:1,p:831,c:831) queueBuffer: fps=2.86 dur=1050.42 max=500.31 min=133.04
07-25 14:52:29.944   831   831 I MI-SF   : surfaceflinger setAffinity mode=1
07-25 14:52:29.944   831   831 E MI-SF   : surfaceflinger setAffinity success
07-25 14:52:29.944   831   831 I MI-SF   : surfaceflinger setreAffinity reTid=1042
07-25 14:52:29.944   831   831 E MI-SF   : surfaceflinger setAffinity success
07-25 14:52:29.987  2127  2127 D ArtChoreographerMonitor: invoke error.
07-25 14:52:30.017   779   856 E HfLooper: light_data = 1.000000, raw_data = 0.000000, ir_data =14.000000, gain =1
07-25 14:52:30.117   779   856 E HfLooper: light_data = 1.000000, raw_data = 0.000000, ir_data =14.000000, gain =1
07-25 14:52:30.214   779   856 E HfLooper: light_data = 1.000000, raw_data = 0.000000, ir_data =14.000000, gain =1
07-25 14:52:30.236   774   774 I hwcomposer: [HWCDisplay] [Display_0 (type:1, mode:2)] fps:5.998298,dur:1000.28,max:427.86,min:43.52
07-25 14:52:30.238   831   831 I MI-SF   : surfaceflinger setAffinity mode=0
07-25 14:52:30.238   831   831 E MI-SF   : surfaceflinger setAffinity success
07-25 14:52:30.295   774  1369 I hwcomposer: [HWC] (0)fire a callback of refresh to SF[4]
07-25 14:52:30.311   831   831 I MI-SF   : surfaceflinger setAffinity mode=1
07-25 14:52:30.311   831   831 E MI-SF   : surfaceflinger setAffinity success
07-25 14:52:30.311   831   831 I MI-SF   : surfaceflinger setreAffinity reTid=1042
07-25 14:52:30.311   831   831 E MI-SF   : surfaceflinger setAffinity success
07-25 14:52:30.315   779   856 E HfLooper: light_data = 1.000000, raw_data = 0.000000, ir_data =14.000000, gain =1
07-25 14:52:30.354  2119  2119 W Settings: Setting airplane_mode_on has moved from android.provider.Settings.System to android.provider.Settings.Global, returning read-only value.
07-25 14:52:30.365  2119  2119 W Settings: Setting airplane_mode_on has moved from android.provider.Settings.System to android.provider.Settings.Global, returning read-only value.
07-25 14:52:30.384 15638 16522 E FbnsAIDLClientManager: Max Try reached for binding to FbnsAIDLService, threadId 883
07-25 14:52:30.387 15638 16522 E FbnsAIDLClientManager: Fbns AIDL request got RemoteException
07-25 14:52:30.387 15638 16522 E FbnsAIDLClientManager: android.os.RemoteException: AIDLService is not bound
07-25 14:52:30.387 15638 16522 E FbnsAIDLClientManager:         at X.BQE.call(:405)
07-25 14:52:30.387 15638 16522 E FbnsAIDLClientManager:         at java.util.concurrent.FutureTask.run(FutureTask.java:264)
07-25 14:52:30.387 15638 16522 E FbnsAIDLClientManager:         at java.util.concurrent.ThreadPoolExecutor.runWorker(ThreadPoolExecutor.java:1145)
07-25 14:52:30.387 15638 16522 E FbnsAIDLClientManager:         at java.util.concurrent.ThreadPoolExecutor$Worker.run(ThreadPoolExecutor.java:644)
07-25 14:52:30.387 15638 16522 E FbnsAIDLClientManager:         at java.lang.Thread.run(Thread.java:1012)
07-25 14:52:30.416   779   856 E HfLooper: light_data = 1.000000, raw_data = 0.000000, ir_data =14.000000, gain =1
07-25 14:52:30.515   779   856 E HfLooper: light_data = 1.000000, raw_data = 0.000000, ir_data =14.000000, gain =1
07-25 14:52:30.617   779   856 E HfLooper: light_data = 1.000000, raw_data = 0.000000, ir_data =14.000000, gain =1
07-25 14:52:30.654   791   890 I libPerfCtl: xgfGetFPS pid:1956 fps:-1
07-25 14:52:30.655   791   890 I libPerfCtl: xgfGetFPS pid:2127 fps:-1
07-25 14:52:30.655   791   890 I libPerfCtl: xgfGetFPS pid:2134 fps:-1
07-25 14:52:30.655   791   890 I libPerfCtl: xgfGetFPS pid:8209 fps:-1
07-25 14:52:30.655   791   890 I libPerfCtl: xgfGetFPS pid:13358 fps:-1
07-25 14:52:30.716   779   856 E HfLooper: light_data = 1.000000, raw_data = 0.000000, ir_data =14.000000, gain =1
07-25 14:52:30.732   831   831 I BufferQueueProducer: [com.whatsapp/com.whatsapp.Conversation#69393](this:0xb40000792c45db10,id:-1,api:0,p:-1,c:831) queueBuffer: fps=2.00 dur=1000.07 max=500.17 min=499.90
07-25 14:52:30.738   831   831 I MI-SF   : surfaceflinger setAffinity mode=0
07-25 14:52:30.738   831   831 E MI-SF   : surfaceflinger setAffinity success
07-25 14:52:30.795   774  1369 I hwcomposer: [HWC] (0)fire a callback of refresh to SF[4]
07-25 14:52:30.812   831   831 I MI-SF   : surfaceflinger setAffinity mode=1
07-25 14:52:30.812   831   831 E MI-SF   : surfaceflinger setAffinity success
07-25 14:52:30.812   831   831 I MI-SF   : surfaceflinger setreAffinity reTid=1042
07-25 14:52:30.812   831   831 E MI-SF   : surfaceflinger setAffinity success
07-25 14:52:30.815   779   856 E HfLooper: light_data = 1.000000, raw_data = 0.000000, ir_data =14.000000, gain =1
07-25 14:52:30.916   779   856 E HfLooper: light_data = 1.000000, raw_data = 0.000000, ir_data =14.000000, gain =1
07-25 14:52:30.920  1557  1862 I SmartPower: com.android.vending/10160(16788): background->idle(4556ms) R(adj below visible) adj=500.
07-25 14:52:30.921  1557  1862 I SmartPower: com.android.vending:background/10160(16927): background->idle(3203ms) R(adj below visible) adj=500.
07-25 14:52:30.989  1331  1404 D connsyslogger: SD_LOG_ROOT is /data/debuglogger/connsyslog/fw.
07-25 14:52:30.989  1331  1404 D connsyslogger: systemReady:1
07-25 14:52:31.016   779   856 E HfLooper: light_data = 1.000000, raw_data = 0.000000, ir_data =14.000000, gain =1
07-25 14:52:31.116   779   856 E HfLooper: light_data = 1.000000, raw_data = 0.000000, ir_data =14.000000, gain =1
07-25 14:52:31.215   779   856 E HfLooper: light_data = 1.000000, raw_data = 0.000000, ir_data =14.000000, gain =1
07-25 14:52:31.221   831   831 I MI-SF   : surfaceflinger setAffinity mode=0
07-25 14:52:31.221   831   831 E MI-SF   : surfaceflinger setAffinity success
07-25 14:52:31.280   774  1369 I hwcomposer: [HWC] (0)fire a callback of refresh to SF[4]
07-25 14:52:31.291   831   831 I BufferQueueProducer: [FramebufferSurface](this:0xb40000799c39e710,id:-1,api:1,p:831,c:831) queueBuffer: fps=2.22 dur=1350.80 max=500.77 min=367.50
07-25 14:52:31.292   774   774 I hwcomposer: [HWCDisplay] [Display_0 (type:1, mode:2)] fps:4.733155,dur:1056.38,max:427.47,min:72.82
07-25 14:52:31.295   831   831 I MI-SF   : surfaceflinger setAffinity mode=1
07-25 14:52:31.295   831   831 E MI-SF   : surfaceflinger setAffinity success
07-25 14:52:31.295   831   831 I MI-SF   : surfaceflinger setreAffinity reTid=1042
07-25 14:52:31.295   831   831 E MI-SF   : surfaceflinger setAffinity success
07-25 14:52:31.315   779   856 E HfLooper: light_data = 1.000000, raw_data = 0.000000, ir_data =14.000000, gain =1
07-25 14:52:31.416   779   856 E HfLooper: light_data = 1.000000, raw_data = 0.000000, ir_data =14.000000, gain =1
07-25 14:52:31.515   779   856 E HfLooper: light_data = 1.000000, raw_data = 0.000000, ir_data =14.000000, gain =1
07-25 14:52:31.615   779   856 E HfLooper: light_data = 1.000000, raw_data = 0.000000, ir_data =14.000000, gain =1
07-25 14:52:31.655   791   890 I libPerfCtl: xgfGetFPS pid:2127 fps:-1
07-25 14:52:31.655   791   890 I libPerfCtl: xgfGetFPS pid:2134 fps:-1
07-25 14:52:31.655   791   890 I libPerfCtl: xgfGetFPS pid:13358 fps:-1
07-25 14:52:31.716   779   856 E HfLooper: light_data = 1.000000, raw_data = 0.000000, ir_data =14.000000, gain =1
07-25 14:52:31.722   831   831 I MI-SF   : surfaceflinger setAffinity mode=0
07-25 14:52:31.722   831   831 E MI-SF   : surfaceflinger setAffinity success
07-25 14:52:31.779   774  1369 I hwcomposer: [HWC] (0)fire a callback of refresh to SF[4]
07-25 14:52:31.795   831   831 I MI-SF   : surfaceflinger setAffinity mode=1
07-25 14:52:31.795   831   831 E MI-SF   : surfaceflinger setAffinity success
07-25 14:52:31.795   831   831 I MI-SF   : surfaceflinger setreAffinity reTid=1042
07-25 14:52:31.795   831   831 E MI-SF   : surfaceflinger setAffinity success
07-25 14:52:31.811  1557  1601 W ActivityManager: Rescheduling restart of crashed service com.imo.android.imoim/.DummyService in 24177ms for mem-pressure-event
07-25 14:52:31.811  1557  1575 E ApplicationHelper: Fail to get PackageManager
07-25 14:52:31.811  1557  1575 E ApplicationHelper: Fail to get PackageManager
07-25 14:52:31.811  1557  1601 W ActivityManager: Rescheduling restart of crashed service com.xiaomi.bluetooth/com.android.bluetooth.ble.app.headset.BluetoothHeadsetService in 0ms for mem-pressure-event
07-25 14:52:31.812  1557  1601 W ActivityManager: Rescheduling restart of crashed service com.xiaomi.mipicks/.downloadinstall.downloader.service.DownloadService in 0ms for mem-pressure-event
07-25 14:52:31.812  1557  1601 W ActivityManager: Rescheduling restart of crashed service com.xiaomi.discover/com.xiaomi.downloader.service.DownloadService in 34177ms for mem-pressure-event
07-25 14:52:31.812  1557  1601 W ActivityManager: Rescheduling restart of crashed service com.facebook.services/com.facebook.oxygen.services.fbns.PreloadedFbnsService in 0ms for mem-pressure-event
07-25 14:52:31.814  1557  1606 D CompatChangeReporter: Compat change id reported: 151861875; UID 1002; state: ENABLED
07-25 14:52:31.815  1557  1606 V GrammaticalInflectionUtils: AttributionSource: android.content.AttributionSource@a3471b5b does not have READ_SYSTEM_GRAMMATICAL_GENDER permission.
07-25 14:52:31.815   779   856 E HfLooper: light_data = 1.000000, raw_data = 0.000000, ir_data =14.000000, gain =1
07-25 14:52:31.819  1557  1606 V GrammaticalInflectionUtils: AttributionSource: android.content.AttributionSource@1890d9d7 does not have READ_SYSTEM_GRAMMATICAL_GENDER permission.
07-25 14:52:31.822  1557  1606 D CompatChangeReporter: Compat change id reported: 151861875; UID 10100; state: ENABLED
07-25 14:52:31.822  1557  1606 V GrammaticalInflectionUtils: AttributionSource: android.content.AttributionSource@48619e11 does not have READ_SYSTEM_GRAMMATICAL_GENDER permission.
07-25 14:52:31.832   758   758 D Zygote  : Forked child process 16999
07-25 14:52:31.833  1557  1607 D MiuiProcessPolicyManager: promote com.xiaomi.bluetooth maxAdj to svcb  , maxProcState to + PER
07-25 14:52:31.833  2127  2127 D ArtChoreographerMonitor: invoke error.
07-25 14:52:31.834  1557  1607 I ActivityManager: Start proc 16999:com.xiaomi.bluetooth/1002 for service {com.xiaomi.bluetooth/com.android.bluetooth.ble.app.headset.BluetoothHeadsetService} caller=com.milink.service
07-25 14:52:31.841 16999 16999 E Zygote  : process_name_ptr:16999 com.xiaomi.bluetooth
07-25 14:52:31.841 16999 16999 E Zygote  : SetMemoryProtected process_name_ptr:16999 com.xiaomi.bluetooth
07-25 14:52:31.845   758   758 D Zygote  : Forked child process 17000
07-25 14:52:31.847  1557  1607 I ActivityManager: Start proc 17000:com.xiaomi.mipicks/u0a222 for service {com.xiaomi.mipicks/com.xiaomi.mipicks.downloadinstall.downloader.service.DownloadService} caller=com.xiaomi.mipicks
07-25 14:52:31.849 16999 16999 I iaomi.bluetooth: Using CollectorTypeCMC GC.
07-25 14:52:31.849   831   831 I BufferQueueProducer: [StatusBar#123](this:0xb40000792c550c70,id:-1,api:0,p:-1,c:831) queueBuffer: fps=0.50 dur=2001.31 max=2001.31 min=2001.31
07-25 14:52:31.853   831   831 I MI-SF   : surfaceflinger setAffinity mode=0
07-25 14:52:31.853   831   831 E MI-SF   : surfaceflinger setAffinity success
07-25 14:52:31.857 16999 16999 E iaomi.bluetooth: Not starting debugger since process cannot load the jdwp agent.
07-25 14:52:31.861   758   758 D Zygote  : Forked child process 17008
07-25 14:52:31.862 16999 16999 D nativeloader: Load libframework-connectivity-tiramisu-jni.so using APEX ns com_android_tethering for caller /apex/com.android.tethering/javalib/framework-connectivity-t.jar: ok
07-25 14:52:31.862 17000 17000 E Zygote  : process_name_ptr:17000 com.xiaomi.mipicks
07-25 14:52:31.862 17000 17000 E Zygote  : SetMemoryProtected process_name_ptr:17000 com.xiaomi.mipicks
07-25 14:52:31.865  1557  1607 I ActivityManager: Start proc 17008:com.facebook.services/u0a100 for service {com.facebook.services/com.facebook.oxygen.services.fbns.PreloadedFbnsService} caller=com.facebook.services
07-25 14:52:31.868 16999 16999 I MessageMonitor: Load libmiui_runtime
07-25 14:52:31.871 17008 17008 E Zygote  : process_name_ptr:17008 com.facebook.services
07-25 14:52:31.871 17008 17008 E Zygote  : SetMemoryProtected process_name_ptr:17008 com.facebook.services
07-25 14:52:31.875  1557  5977 I SmartPower: com.xiaomi.bluetooth/1002(16999): died->background(9862ms) R(process start ) adj=-10000.
07-25 14:52:31.878  1557  1782 I AS.AudioService: getMode, get current owner's mode
07-25 14:52:31.878  1557  1782 I AS.AudioService: getMode, currentModeHandler is null
07-25 14:52:31.879 17008 17008 I cebook.services: Using CollectorTypeCMC GC.
07-25 14:52:31.879 17000 17000 I .xiaomi.mipicks: Using CollectorTypeCMC GC.
07-25 14:52:31.882  1557  1780 I MiuiNetworkPolicy: updateUidState uid = 1002, uidState = 19
07-25 14:52:31.882  1557  1834 D isUidValid: uid = 1002
07-25 14:52:31.884  1557  1575 E ApplicationHelper: Fail to get PackageManager
07-25 14:52:31.886 17000 17000 E .xiaomi.mipicks: Not starting debugger since process cannot load the jdwp agent.
07-25 14:52:31.887 17008 17008 E cebook.services: Not starting debugger since process cannot load the jdwp agent.
07-25 14:52:31.889 16999 16999 D MiuiMonitorThread: Shared singleton Thread for stability monitor start
07-25 14:52:31.894 17000 17000 D nativeloader: Load libframework-connectivity-tiramisu-jni.so using APEX ns com_android_tethering for caller /apex/com.android.tethering/javalib/framework-connectivity-t.jar: ok
07-25 14:52:31.895 16999 17025 D ActivityThread: the event that target app starts is : AppLaunchEvent{mType='441', mProcessName='com.xiaomi.bluetooth', mPackageName='com.xiaomi.bluetooth', mIsMainProcess='true', mVersionCode='35', mLaunchTime='2025-07-25'}
07-25 14:52:31.896 17008 17008 D nativeloader: Load libframework-connectivity-tiramisu-jni.so using APEX ns com_android_tethering for caller /apex/com.android.tethering/javalib/framework-connectivity-t.jar: ok
07-25 14:52:31.896  4945  7664 W MQSEventManager: occur
07-25 14:52:31.905 17000 17000 I MessageMonitor: Load libmiui_runtime
07-25 14:52:31.907 16999 16999 D ActivityThread: setEmbeddedParam packageName=com.xiaomi.bluetooth processName=com.xiaomi.bluetooth isEmbedded=false isIsolated=false
07-25 14:52:31.910   774  1369 I hwcomposer: [HWC] (0)fire a callback of refresh to SF[4]
07-25 14:52:31.911 17008 17008 I MessageMonitor: Load libmiui_runtime
07-25 14:52:31.911  1557  5977 I SmartPower: com.xiaomi.mipicks/10222(17000): died->background(9846ms) R(process start ) adj=-10000.
07-25 14:52:31.915   779   856 E HfLooper: light_data = 1.000000, raw_data = 0.000000, ir_data =14.000000, gain =1
07-25 14:52:31.920  1557  1573 I SmartPower: com.facebook.services/10100(17008): died->background(5435ms) R(process start ) adj=-10000.
07-25 14:52:31.920 16999 16999 D nativeloader: Configuring clns-shared-7 for other apk /system_ext/app/miuisystem/miuisystem.apk. target_sdk_version=35, uses_libraries=ALL, library_path=/system_ext/app/BluetoothExtension/lib/arm64:/system_ext/app/BluetoothExtension/BluetoothExtension.apk!/lib/arm64-v8a:/system/lib64:/system_ext/lib64:/system_ext/priv-app/RtMiCloudSDK/RtMiCloudSDK.apk!/lib/arm64-v8a:/system_ext/app/miuisystem/miuisystem.apk!/lib/arm64-v8a, permitted_path=/data:/mnt/expand:/data/user_de/0/com.xiaomi.bluetooth:/system_ext/app/BluetoothExtension:/system/lib64:/system_ext/lib64
07-25 14:52:31.920 16999 16999 D nativeloader: Extending system_exposed_libraries: libapuwareapusys.mtk.so:libapuwareapusys_v2.mtk.so:libapuwarexrp.mtk.so:libapuwarexrp_v2.mtk.so:libapuwareutils.mtk.so:libapuwareutils_v2.mtk.so:libapuwarehmp.mtk.so:libneuron_graph_delegate.mtk.so:libneuronusdk_adapter.mtk.so:libtflite_mtk.mtk.so:libarmnn_ndk.mtk.so:libcmdl_ndk.mtk.so:libnir_neon_driver_ndk.mtk.so:libmvpu_runtime.mtk.so:libmvpu_runtime_pub.mtk.so:libmvpu_engine_pub.mtk.so:libmvpu_pattern_pub.mtk.so:libmvpuop_mtk_cv.mtk.so:libmvpuop_mtk_nn.mtk.so:libmvpu_runtime_25.mtk.so:libmvpu_runtime_25_pub.mtk.so:libmvpu_engine_25_pub.mtk.so:libmvpu_pattern_25_pub.mtk.so:libmvpuop25_mtk_cv.mtk.so:libmvpuop25_mtk_nn.mtk.so:libmvpu_config.mtk.so:libteeservice_client.trustonic.so:libmisys_jni.xiaomi.so:libpag.hyperos.so:libffavc.hyperos.so
07-25 14:52:31.921  1557  6006 D ConnectivityService: Returning BLOCKED NetworkInfo to uid=10150
07-25 14:52:31.924   831   831 I MI-SF   : surfaceflinger setAffinity mode=1
07-25 14:52:31.924   831   831 E MI-SF   : surfaceflinger setAffinity success
07-25 14:52:31.924   831   831 I MI-SF   : surfaceflinger setreAffinity reTid=1042
07-25 14:52:31.924   831   831 E MI-SF   : surfaceflinger setAffinity success
07-25 14:52:31.925  1557  1780 I MiuiNetworkPolicy: updateUidState uid = 10222, uidState = 19
07-25 14:52:31.926  1557  1575 E ApplicationHelper: Fail to get PackageManager
07-25 14:52:31.928 17000 17000 D MiuiMonitorThread: Shared singleton Thread for stability monitor start
07-25 14:52:31.929  1557  1780 I MiuiNetworkPolicy: updateUidState uid = 10100, uidState = 19
07-25 14:52:31.930  1557  1575 E ApplicationHelper: Fail to get PackageManager
07-25 14:52:31.933 17008 17008 D MiuiMonitorThread: Shared singleton Thread for stability monitor start
07-25 14:52:31.934 17000 17000 D CompatChangeReporter: Compat change id reported: 242716250; UID 10222; state: ENABLED
07-25 14:52:31.937 17000 17034 D ActivityThread: the event that target app starts is : AppLaunchEvent{mType='441', mProcessName='com.xiaomi.mipicks', mPackageName='com.xiaomi.mipicks', mIsMainProcess='true', mVersionCode='4003844', mLaunchTime='2025-07-25'}
07-25 14:52:31.938  4945  4974 W MQSEventManager: occur
07-25 14:52:31.942 16999 16999 D nativeloader: Configuring clns-shared-8 for other apk /system_ext/priv-app/RtMiCloudSDK/RtMiCloudSDK.apk. target_sdk_version=35, uses_libraries=ALL, library_path=/system_ext/app/BluetoothExtension/lib/arm64:/system_ext/app/BluetoothExtension/BluetoothExtension.apk!/lib/arm64-v8a:/system/lib64:/system_ext/lib64:/system_ext/priv-app/RtMiCloudSDK/RtMiCloudSDK.apk!/lib/arm64-v8a:/system_ext/app/miuisystem/miuisystem.apk!/lib/arm64-v8a, permitted_path=/data:/mnt/expand:/data/user_de/0/com.xiaomi.bluetooth:/system_ext/app/BluetoothExtension:/system/lib64:/system_ext/lib64
07-25 14:52:31.942 17008 17037 D ActivityThread: the event that target app starts is : AppLaunchEvent{mType='441', mProcessName='com.facebook.services', mPackageName='com.facebook.services', mIsMainProcess='true', mVersionCode='750457217', mLaunchTime='2025-07-25'}
07-25 14:52:31.943 16999 16999 D nativeloader: Extending system_exposed_libraries: libapuwareapusys.mtk.so:libapuwareapusys_v2.mtk.so:libapuwarexrp.mtk.so:libapuwarexrp_v2.mtk.so:libapuwareutils.mtk.so:libapuwareutils_v2.mtk.so:libapuwarehmp.mtk.so:libneuron_graph_delegate.mtk.so:libneuronusdk_adapter.mtk.so:libtflite_mtk.mtk.so:libarmnn_ndk.mtk.so:libcmdl_ndk.mtk.so:libnir_neon_driver_ndk.mtk.so:libmvpu_runtime.mtk.so:libmvpu_runtime_pub.mtk.so:libmvpu_engine_pub.mtk.so:libmvpu_pattern_pub.mtk.so:libmvpuop_mtk_cv.mtk.so:libmvpuop_mtk_nn.mtk.so:libmvpu_runtime_25.mtk.so:libmvpu_runtime_25_pub.mtk.so:libmvpu_engine_25_pub.mtk.so:libmvpu_pattern_25_pub.mtk.so:libmvpuop25_mtk_cv.mtk.so:libmvpuop25_mtk_nn.mtk.so:libmvpu_config.mtk.so:libteeservice_client.trustonic.so:libmisys_jni.xiaomi.so:libpag.hyperos.so:libffavc.hyperos.so
07-25 14:52:31.945  4945  4974 W MQSEventManager: occur
07-25 14:52:31.945 16999 16999 D ApplicationLoaders: Returning zygote-cached class loader: /system/framework/org.apache.http.legacy.jar
07-25 14:52:31.945 16999 16999 D ApplicationLoaders: Returning zygote-cached class loader: /system_ext/framework/androidx.window.extensions.jar
07-25 14:52:31.945 16999 16999 D ApplicationLoaders: Returning zygote-cached class loader: /system_ext/framework/androidx.window.sidecar.jar
07-25 14:52:31.947   373   373 I lowmemorykiller: Kill 'com.google.android.gms' (16569), uid 10146, oom_score_adj 800 to free 146840kB rss, 41800kB swap; reason: cw
07-25 14:52:31.948   373   373 W LibMBrainProxy: MBrain offline
07-25 14:52:31.948 17008 17008 D ActivityThread: setEmbeddedParam packageName=com.facebook.services processName=com.facebook.services isEmbedded=false isIsolated=false
07-25 14:52:31.950  1557  1620 I ActivityManager: Killing 16332:com.miui.weather2/u0a252 (adj 700): MiuiMemoryService(recent-provider)
07-25 14:52:31.951 17000 17000 D ActivityThread: setEmbeddedParam packageName=com.xiaomi.mipicks processName=com.xiaomi.mipicks isEmbedded=false isIsolated=false
07-25 14:52:31.955   373   423 E lowmemorykiller: process_mrelease 16569 failed: No such process
07-25 14:52:31.956 17000 17000 D ApplicationLoaders: Returning zygote-cached class loader: /system/framework/org.apache.http.legacy.jar
07-25 14:52:31.956 17000 17000 D ApplicationLoaders: Returning zygote-cached class loader: /system_ext/framework/androidx.window.extensions.jar
07-25 14:52:31.956 17000 17000 D ApplicationLoaders: Returning zygote-cached class loader: /system_ext/framework/androidx.window.sidecar.jar
07-25 14:52:31.966  4405  6667 I NearbyPresence: (REDACTED) %s verified [==] new request %s equals to the old request
07-25 14:52:31.967 17008 17008 D nativeloader: Configuring clns-7 for other apk /data/app/~~SodD0CWwEEccQVtgAaPz6Q==/com.facebook.services-gkLrzP-O_5Hurf6s7G2J7Q==/base.apk. target_sdk_version=35, uses_libraries=, library_path=/data/app/~~SodD0CWwEEccQVtgAaPz6Q==/com.facebook.services-gkLrzP-O_5Hurf6s7G2J7Q==/lib/arm64:/data/app/~~SodD0CWwEEccQVtgAaPz6Q==/com.facebook.services-gkLrzP-O_5Hurf6s7G2J7Q==/base.apk!/lib/arm64-v8a, permitted_path=/data:/mnt/expand:/data/user/0/com.facebook.services
07-25 14:52:31.969 17008 17008 D CompatChangeReporter: Compat change id reported: 202956589; UID 10100; state: ENABLED
07-25 14:52:31.976 17008 17008 V GraphicsEnvironment: Currently set values for:
07-25 14:52:31.976 17008 17008 V GraphicsEnvironment:   angle_gl_driver_selection_pkgs=[]
07-25 14:52:31.976 17008 17008 V GraphicsEnvironment:   angle_gl_driver_selection_values=[]
07-25 14:52:31.976 17008 17008 V GraphicsEnvironment: Global.Settings values are invalid: number of packages: 0, number of values: 0
07-25 14:52:31.981 17008 17036 I ActivityThread: TrafficStats init done
07-25 14:52:31.984 17008 17036 I ForceDarkHelperStubImpl: initialize for com.facebook.services , ForceDarkOrigin
07-25 14:52:31.990   758   758 I Zygote  : Process 16569 exited due to signal 9 (Killed)
07-25 14:52:31.991 17008 17036 D nativeloader: Load libforcedarkimpl.so using system ns (caller=/system_ext/framework/miui-framework.jar): ok
07-25 14:52:31.991 17008 17036 D HWUI    : JNI_OnLoad success
07-25 14:52:31.992 17008 17036 I MiuiForceDarkConfig: setConfig density:2.000000, mainRule:0, secondaryRule:0, tertiaryRule:0
07-25 14:52:31.992  1557  6006 I ActivityManager: Process com.google.android.gms (pid 16569) has died: svcb BFGS
07-25 14:52:31.993  1557  1837 E ProcessManager: error write exception log
07-25 14:52:31.994  1557  6006 D CompatChangeReporter: Compat change id reported: 311208629; UID 10160; state: ENABLED
07-25 14:52:31.995   758   758 I Zygote  : Process 16332 exited due to signal 9 (Killed)
07-25 14:52:31.996  1557  1608 I libprocessgroup: Removed cgroup /sys/fs/cgroup/uid_10252/pid_16332
07-25 14:52:31.996 16999 16999 D nativeloader: Configuring clns-shared-9 for other apk /system_ext/app/BluetoothExtension/BluetoothExtension.apk. target_sdk_version=35, uses_libraries=, library_path=/system_ext/app/BluetoothExtension/lib/arm64:/system_ext/app/BluetoothExtension/BluetoothExtension.apk!/lib/arm64-v8a:/system/lib64:/system_ext/lib64:/system_ext/priv-app/RtMiCloudSDK/RtMiCloudSDK.apk!/lib/arm64-v8a:/system_ext/app/miuisystem/miuisystem.apk!/lib/arm64-v8a, permitted_path=/data:/mnt/expand:/data/user_de/0/com.xiaomi.bluetooth:/system_ext/app/BluetoothExtension:/system/lib64:/system_ext/lib64
07-25 14:52:31.997  1557  1608 I libprocessgroup: Removed cgroup /sys/fs/cgroup/uid_10146/pid_16569
07-25 14:52:31.997  1557  6006 W ActivityManager: Scheduling restart of crashed service com.google.android.gms/.ads.identifier.service.AdvertisingIdService in 1000ms for connection
07-25 14:52:31.997  1557  6006 W ActivityManager: Scheduling restart of crashed service com.google.android.gms/.chimera.GmsBoundBrokerService in 10999ms for connection
07-25 14:52:31.998  1557  6006 W ActivityManager: Scheduling restart of crashed service com.google.android.gms/.chimera.GmsApiService in 43990ms for connection
07-25 14:52:32.000  1557  1575 E ApplicationHelper: Fail to get PackageManager
07-25 14:52:32.000  1557  1575 E ApplicationHelper: Fail to get PackageManager
07-25 14:52:32.000  1557  1780 I MiuiNetworkPolicy: updateUidState uid = 10160, uidState = 10
07-25 14:52:32.003  2127  2127 D ArtChoreographerMonitor: invoke error.
07-25 14:52:32.004 16999 16999 D CompatChangeReporter: Compat change id reported: 202956589; UID 1002; state: ENABLED
07-25 14:52:32.004  1557  6006 I mtkpower_client: [PowerHal_Wrap_notifyAppState] com.google.android.gms/com.google.android.gms pid=16569 activityId:16569 state:3
07-25 14:52:32.004   791   791 I IPCThreadState: oneway function results for code 2 on binder at 0xb400007b3b41dc00 will be dropped but finished with status UNKNOWN_TRANSACTION
07-25 14:52:32.005   791   791 I vendor.mediatek.hardware.mtkpower_applist-service.mediatek: packName: com.google.android.gms actName: com.google.android.gms pid: 16569 uid: 10146 state: 3
07-25 14:52:32.005   791   791 I MTK_APPList: [notifyAPPstate] com.google.android.gms/com.google.android.gms, pid=16569, uid=10146, state:DEAD, fps:-1, win:0
07-25 14:52:32.005   791   791 I MTK_APPList: [notifyAPPstate] multi_resumed_app_count: 1
07-25 14:52:32.005   791   791 I MTK_APPList: [notifyAPPstate] multi_resumed_app_info[0] com.whatsapp/com.whatsapp.Conversation, pid:13358, fps:-1, isMultiWindow:0
07-25 14:52:32.005   791   791 I MTK_APPList: [getForegroundAPPCount] 1
07-25 14:52:32.005   791   791 I MTK_APPList: [notifyAPPstate] pack:com.google.android.gms, pid:16569, STATE_DEAD
07-25 14:52:32.005   791   791 I MTK_APPList: [notifyNetdUID] 10299
07-25 14:52:32.006   791   791 I mtkpower_client: PowerHal_Wrap_setSysInfo, result:0
07-25 14:52:32.007   791   791 I MTK_APPList: [notifyPID] 13358
07-25 14:52:32.007  1557  1837 E ProcessManager: error write exception log
07-25 14:52:32.007   792   975 I libPowerHal: [perfSetSysInfo] pid type:24, 13358
07-25 14:52:32.007   791   791 I mtkpower_client: PowerHal_Wrap_setSysInfo, result:0
07-25 14:52:32.008  1557  1575 D DisplayManagerService: Drop pending events for gone uid 10252
07-25 14:52:32.009 22587 15754 I MIUISafety-Monitor: onUid 10252 gone
07-25 14:52:32.009  1557  5977 I ScnModule: [GameDetection] packname: com.miui.weather2, apkSize: 24583432.
07-25 14:52:32.010  1557  5977 I mtkpower_client: [PowerHal_Wrap_notifyAppState] com.miui.weather2/com.miui.weather2 pid=16332 activityId:16332 state:3
07-25 14:52:32.010  1557  1780 I MiuiNetworkPolicy: removeUidState uid = 10252
07-25 14:52:32.010   791   791 I IPCThreadState: oneway function results for code 2 on binder at 0xb400007b3b41dc00 will be dropped but finished with status UNKNOWN_TRANSACTION
07-25 14:52:32.010   791   791 I vendor.mediatek.hardware.mtkpower_applist-service.mediatek: packName: com.miui.weather2 actName: com.miui.weather2 pid: 16332 uid: 10252 state: 3
07-25 14:52:32.010   791   791 I MTK_APPList: [notifyAPPstate] com.miui.weather2/com.miui.weather2, pid=16332, uid=10252, state:DEAD, fps:-1, win:0
07-25 14:52:32.010   791   791 I MTK_APPList: [notifyAPPstate] multi_resumed_app_count: 1
07-25 14:52:32.010   791   791 I MTK_APPList: [notifyAPPstate] multi_resumed_app_info[0] com.whatsapp/com.whatsapp.Conversation, pid:13358, fps:-1, isMultiWindow:0
07-25 14:52:32.010   791   791 I MTK_APPList: [getForegroundAPPCount] 1
07-25 14:52:32.010   791   791 I MTK_APPList: [notifyAPPstate] pack:com.miui.weather2, pid:16332, STATE_DEAD
07-25 14:52:32.010   791   791 I MTK_APPList: [notifyNetdUID] 10299
07-25 14:52:32.011   791   791 I mtkpower_client: PowerHal_Wrap_setSysInfo, result:0
07-25 14:52:32.011   791   791 I MTK_APPList: [notifyPID] 13358
07-25 14:52:32.012 17008 17036 I ActivityThread: Miui Feature Init done
07-25 14:52:32.012   792   975 I libPowerHal: [perfSetSysInfo] pid type:24, 13358
07-25 14:52:32.012   791   791 I mtkpower_client: PowerHal_Wrap_setSysInfo, result:0
07-25 14:52:32.014  1557  1575 E ApplicationHelper: Fail to get PackageManager
07-25 14:52:32.015  1557  1575 E ApplicationHelper: Fail to get PackageManager
07-25 14:52:32.015   779   856 E HfLooper: light_data = 1.000000, raw_data = 0.000000, ir_data =14.000000, gain =1
07-25 14:52:32.015  1557  1780 I MiuiNetworkPolicy: updateUidState uid = 10160, uidState = 19
07-25 14:52:32.028 17008 17008 D d       : ExceptionHandlerManager not explicitly initialized, using default mode
07-25 14:52:32.028 17008 17008 D d       : initializing exception handler manager, prioritized=true
07-25 14:52:32.031  1557  1858 E HyperSentinel: -------------------------------------------------------
07-25 14:52:32.032  1557  1858 E HyperSentinel: Event_ThreadAmount
07-25 14:52:32.032  1557  1858 E HyperSentinel: -> audit event by proc 16788 "com.android.vending": running threads amount, 0 -> 78
07-25 14:52:32.033 17008 17008 W SoLoader: Initializing SoLoader: 0
07-25 14:52:32.033 17008 17008 W SoLoader: context.getApplicationContext returned null, holding reference to original context.ApplicationSoSource fallbacks to: /data/app/~~SodD0CWwEEccQVtgAaPz6Q==/com.facebook.services-gkLrzP-O_5Hurf6s7G2J7Q==/lib/arm64
07-25 14:52:32.034 17008 17008 W SoLoader: Recording new base apk path: /data/app/~~SodD0CWwEEccQVtgAaPz6Q==/com.facebook.services-gkLrzP-O_5Hurf6s7G2J7Q==/base.apk
07-25 14:52:32.034 17008 17008 W SoLoader: Previously recorded 0 base apk paths.
07-25 14:52:32.034 17008 17008 D CompatChangeReporter: Compat change id reported: 312399441; UID 10100; state: ENABLED
07-25 14:52:32.035 17008 17008 I SoLoader: Preparing SO source: DirectorySoSource[root = /vendor/lib64 flags = 2]
07-25 14:52:32.035 17008 17008 I SoLoader: Preparing SO source: DirectorySoSource[root = /system/lib64 flags = 2]
07-25 14:52:32.036 17008 17008 I SoLoader: Preparing SO source: ApplicationSoSource[DirectorySoSource[root = /data/app/~~SodD0CWwEEccQVtgAaPz6Q==/com.facebook.services-gkLrzP-O_5Hurf6s7G2J7Q==/lib/arm64 flags = 1]]
07-25 14:52:32.036 17008 17008 I SoLoader: Preparing SO source: BackupSoSource[root = /data/data/com.facebook.services/lib-main flags = 1 apks = [ExtractFromZipSoSource[/data/app/~~SodD0CWwEEccQVtgAaPz6Q==/com.facebook.services-gkLrzP-O_5Hurf6s7G2J7Q==/base.apk]]]
07-25 14:52:32.036 17008 17008 I SoLoader: init finish: 4 SO sources prepared
07-25 14:52:32.036 17008 17008 W SoLoader: SoLoader initialized: 0
07-25 14:52:32.037 16999 16999 V GraphicsEnvironment: Currently set values for:
07-25 14:52:32.037 16999 16999 V GraphicsEnvironment:   angle_gl_driver_selection_pkgs=[]
07-25 14:52:32.037 16999 16999 V GraphicsEnvironment:   angle_gl_driver_selection_values=[]
07-25 14:52:32.037 16999 16999 V GraphicsEnvironment: Global.Settings values are invalid: number of packages: 0, number of values: 0
07-25 14:52:32.039 17008 17008 I ResMonitorStub: Get RMS proxy takes 1 ms
07-25 14:52:32.040 16999 17019 I ActivityThread: TrafficStats init done
07-25 14:52:32.042 16999 17019 I ForceDarkHelperStubImpl: initialize for com.xiaomi.bluetooth , ForceDarkOrigin
07-25 14:52:32.047 16999 17019 D nativeloader: Load libforcedarkimpl.so using system ns (caller=/system_ext/framework/miui-framework.jar): ok
07-25 14:52:32.053 17000 17000 D nativeloader: Configuring clns-7 for other apk /data/app/~~PAQKzt67J3yduRlLaOSEZQ==/com.xiaomi.mipicks-jS9azx6ICaDvlx3V4gteqw==/base.apk. target_sdk_version=34, uses_libraries=, library_path=/data/app/~~PAQKzt67J3yduRlLaOSEZQ==/com.xiaomi.mipicks-jS9azx6ICaDvlx3V4gteqw==/lib/arm64:/data/app/~~PAQKzt67J3yduRlLaOSEZQ==/com.xiaomi.mipicks-jS9azx6ICaDvlx3V4gteqw==/base.apk!/lib/arm64-v8a, permitted_path=/data:/mnt/expand:/data/user/0/com.xiaomi.mipicks
07-25 14:52:32.055 16999 17019 D HWUI    : JNI_OnLoad success
07-25 14:52:32.056  1557  1612 I ExtM    : zram userate is low, no need to flush: 43
07-25 14:52:32.056 16999 17019 I MiuiForceDarkConfig: setConfig density:2.000000, mainRule:0, secondaryRule:0, tertiaryRule:0
07-25 14:52:32.056  1557  6006 I ClipboardServiceI: checkProviderWakePathForClipboard: com.facebook.servicesis not a activePermissionOwner
07-25 14:52:32.059 16999 16999 D MiuiApplication: MiuiApplication: Constructed com.android.bluetooth.ble.MiuiApplication@2345dc5
07-25 14:52:32.061 16999 16999 I ResMonitorStub: Get RMS proxy takes 1 ms
07-25 14:52:32.069 16999 17019 I ActivityThread: Miui Feature Init done
07-25 14:52:32.079 17000 17000 V GraphicsEnvironment: Currently set values for:
07-25 14:52:32.079 17000 17000 V GraphicsEnvironment:   angle_gl_driver_selection_pkgs=[]
07-25 14:52:32.079 17000 17000 V GraphicsEnvironment:   angle_gl_driver_selection_values=[]
07-25 14:52:32.079 17000 17000 V GraphicsEnvironment: Global.Settings values are invalid: number of packages: 0, number of values: 0
07-25 14:52:32.080 17000 17000 V GraphicsEnvironment: App is not on the allowlist for updatable production driver.
07-25 14:52:32.081  1557  1573 D PackageManager: set app component=ComponentInfo{com.facebook.services/com.facebook.oxygen.services.helium.trampoline.HeliumSandboxedService} enabled state: 1 from com.facebook.services,uid=10100,pid=17008
07-25 14:52:32.082 17000 17033 I ActivityThread: TrafficStats init done
07-25 14:52:32.082 16999 16999 D CompatChangeReporter: Compat change id reported: 312399441; UID 1002; state: ENABLED
07-25 14:52:32.083  1557  2231 D PackageManager: set app component=ComponentInfo{com.facebook.services/com.facebook.oxygen.services.helium.trampoline.HeliumSandboxedService0} enabled state: 1 from com.facebook.services,uid=10100,pid=17008
07-25 14:52:32.084  1557  1575 E ApplicationHelper: Fail to get PackageManager
07-25 14:52:32.084  1557  1780 I MiuiNetworkPolicy: updateUidState uid = 10100, uidState = 10
07-25 14:52:32.084 17000 17033 I ForceDarkHelperStubImpl: initialize for com.xiaomi.mipicks , ForceDarkOrigin
07-25 14:52:32.085  1557  2231 D PackageManager: set app component=ComponentInfo{com.facebook.services/com.facebook.oxygen.services.helium.trampoline.HeliumSandboxedService1} enabled state: 1 from com.facebook.services,uid=10100,pid=17008
07-25 14:52:32.087 17008 17008 W libc    : Access denied finding property "ro.vendor.perf.scroll_opt"
07-25 14:52:32.089 17000 17033 D nativeloader: Load libforcedarkimpl.so using system ns (caller=/system_ext/framework/miui-framework.jar): ok
07-25 14:52:32.090 17000 17033 D HWUI    : JNI_OnLoad success
07-25 14:52:32.090 17000 17033 I MiuiForceDarkConfig: setConfig density:2.000000, mainRule:0, secondaryRule:0, tertiaryRule:0
07-25 14:52:32.103 17008 17008 D nativeloader: Load libpowerhalwrap_jni.so using system ns (caller=/system_ext/framework/mediatek-framework.jar): ok
07-25 14:52:32.104 17000 17033 I ActivityThread: Miui Feature Init done
07-25 14:52:32.104 17008 17008 I PowerHalWrapper: PowerHalWrapper.getInstance
07-25 14:52:32.106 17008 17008 I M-ProMotion: M-ProMotion is disabled
07-25 14:52:32.115   779   856 E HfLooper: light_data = 1.000000, raw_data = 0.000000, ir_data =14.000000, gain =1
07-25 14:52:32.118 17008 17008 W fbservices:InitStatus: Not blocking Service (173162190)
07-25 14:52:32.126 17008 17008 W fbservices:InitStatus: Not blocking Service (173162190)
07-25 14:52:32.127 17008 17008 W fbservices:InitStatus: Not blocking Service (173162190)
07-25 14:52:32.145  1557  1573 I ClipboardServiceI: checkProviderWakePathForClipboard: com.xiaomi.bluetoothis not a activePermissionOwner
07-25 14:52:32.149 17000 17000 D TaskSortUtil: task analyse cost makeTime 7
07-25 14:52:32.149 17000 17000 D TaskSortUtil: BridgeTask
07-25 14:52:32.153  1557  1573 I ClipboardServiceI: checkProviderWakePathForClipboard: com.xiaomi.mipicksis not a activePermissionOwner
07-25 14:52:32.167 17000 17000 I MMKV    : Disable checkProcessMode()
07-25 14:52:32.168  1557  1612 I ExtM    : zram userate is low, no need to flush: 43
07-25 14:52:32.177 17000 17000 D nativeloader: Load /data/app/~~PAQKzt67J3yduRlLaOSEZQ==/com.xiaomi.mipicks-jS9azx6ICaDvlx3V4gteqw==/base.apk!/lib/arm64-v8a/libmmkv.so using ns clns-7 from class loader (caller=/data/app/~~PAQKzt67J3yduRlLaOSEZQ==/com.xiaomi.mipicks-jS9azx6ICaDvlx3V4gteqw==/base.apk!classes3.dex): ok
07-25 14:52:32.178 17000 17000 I MMKV    : current API level = 35, libc++_shared=0
07-25 14:52:32.178 17000 17000 I MMKV    : <MMKV.cpp:165::initialize> version v1.2.15, page size 4096, arch arm64-v8a
07-25 14:52:32.178 17000 17000 I MMKV    : <MMKV.cpp:176::initialize> armv8 AES instructions is supported
07-25 14:52:32.178 17000 17000 I MMKV    : <MMKV.cpp:184::initialize> armv8 CRC32 instructions is supported
07-25 14:52:32.178 17000 17000 I MMKV    : <MMKV.cpp:208::initializeMMKV> root dir: /data/user/0/com.xiaomi.mipicks/files/mmkv
07-25 14:52:32.179 17000 17000 D CompatChangeReporter: Compat change id reported: 247079863; UID 10222; state: ENABLED
07-25 14:52:32.180 17000 17000 I MMKV    : <MemoryFile.cpp:97::open> open fd[0x8f], /data/user/0/com.xiaomi.mipicks/files/mmkv/com.xiaomi.mipicks_preferences
07-25 14:52:32.180 17000 17000 I MMKV    : <MemoryFile.cpp:97::open> open fd[0x90], /data/user/0/com.xiaomi.mipicks/files/mmkv/com.xiaomi.mipicks_preferences.crc
07-25 14:52:32.180 17000 17000 I MMKV    : <MMKV_IO.cpp:81::loadFromFile> loading [com.xiaomi.mipicks_preferences] with 3962 actual size, file size 4096, InterProcess 1, meta info version:3
07-25 14:52:32.180 17000 17000 I MMKV    : <MMKV_IO.cpp:86::loadFromFile> loading [com.xiaomi.mipicks_preferences] with crc 2121384189 sequence 444 version 3
07-25 14:52:32.180 17000 17000 I MMKV    : <MMKV_IO.cpp:130::loadFromFile> loaded [com.xiaomi.mipicks_preferences] with 56 key-values
07-25 14:52:32.186 17000 17000 I MMKV    : <MemoryFile.cpp:97::open> open fd[0x91], /data/user/0/com.xiaomi.mipicks/files/mmkv/dynamic_host
07-25 14:52:32.186 17000 17000 I MMKV    : <MemoryFile.cpp:97::open> open fd[0x92], /data/user/0/com.xiaomi.mipicks/files/mmkv/dynamic_host.crc
07-25 14:52:32.187 17000 17000 I MMKV    : <MMKV_IO.cpp:81::loadFromFile> loading [dynamic_host] with 292 actual size, file size 4096, InterProcess 1, meta info version:3
07-25 14:52:32.187 17000 17000 I MMKV    : <MMKV_IO.cpp:86::loadFromFile> loading [dynamic_host] with crc 3817664584 sequence 11 version 3
07-25 14:52:32.187 17000 17000 I MMKV    : <MMKV_IO.cpp:130::loadFromFile> loaded [dynamic_host] with 1 key-values
07-25 14:52:32.190 16999 16999 D ConfigNetContentProvider: onCreate
07-25 14:52:32.191   373   373 I lowmemorykiller: Kill 'com.android.vending:background' (16927), uid 10160, oom_score_adj 915 to free 156364kB rss, 44432kB swap; reason: cw
07-25 14:52:32.191   373   373 W LibMBrainProxy: MBrain offline
07-25 14:52:32.195  1557  1858 E HyperSentinel: -------------------------------------------------------
07-25 14:52:32.195  1557  1858 E HyperSentinel: Event_ThreadAmount
07-25 14:52:32.195  1557  1858 E HyperSentinel: -> audit event by proc 16927 "": running threads amount, 0 -> 60
07-25 14:52:32.196 17000 17000 I ResMonitorStub: Get RMS proxy takes 0 ms
07-25 14:52:32.199   373   422 E lowmemorykiller: process_mrelease 16927 failed: No such process
07-25 14:52:32.216   779   856 E HfLooper: light_data = 1.000000, raw_data = 0.000000, ir_data =14.000000, gain =1
07-25 14:52:32.216   831   831 I BufferQueueProducer: [com.whatsapp/com.whatsapp.Conversation#69393](this:0xb40000792c45db10,id:-1,api:0,p:-1,c:831) queueBuffer: fps=2.02 dur=1483.64 max=500.33 min=483.53
07-25 14:52:32.219   831   831 I MI-SF   : surfaceflinger setAffinity mode=0
07-25 14:52:32.219   831   831 E MI-SF   : surfaceflinger setAffinity success
07-25 14:52:32.224 16999 16999 D AutoDensity: autodensity debugEnable =
07-25 14:52:32.234  1557  1669 I ActivityManager: Process com.android.vending:background (pid 16927) has died: cch+15 CEM
07-25 14:52:32.235  1557  1795 D ConnectivityService: releasing NetworkRequest [ REQUEST id=133246, [ Capabilities: INTERNET&NOT_RESTRICTED&TRUSTED&NOT_VCN_MANAGED&NOT_BANDWIDTH_CONSTRAINED Uid: 10160 RequestorUid: 10160 RequestorPkg: com.android.vending UnderlyingNetworks: Null] ] (release request)
07-25 14:52:32.235   758   758 I Zygote  : Process 16927 exited due to signal 9 (Killed)
07-25 14:52:32.235  1557  1837 E ProcessManager: error write exception log
