07-25 14:52:32.639 16999 16999 D MiuiPeripheralConnectionServiceReal: setPeripheralConnectionService() - trying to set service to com.xiaomi.bluetooth.peripheral.MiuiPeripheralConnectionServiceReal@3bbc4fc
07-25 14:52:32.639  4945 17180 E MiuiPerfServiceClient: failed to read /sys/kernel/debug/ion/heaps/ion_mm_heap
07-25 14:52:32.640   568   568 I [MITEE] : mitee_keymaster_call 229 12
07-25 14:52:32.640   568   568 E [MITEE] : Request: 28 Max size: 131072
07-25 14:52:32.641  1557  1795 D ConnectivityService: NetReassign [no changes] [c 0] [a 2] [i 6]
07-25 14:52:32.644   568   568 I [MITEE] : mitee_keymaster_call 229 4
07-25 14:52:32.644   568   568 E [MITEE] : Request: 298 Max size: 131072
07-25 14:52:32.645  1557  2593 D CompatChangeReporter: Compat change id reported: 311402873; UID 1000; state: ENABLED
07-25 14:52:32.646  1557  2593 D CompatChangeReporter: Compat change id reported: 323349338; UID 1000; state: ENABLED
07-25 14:52:32.648 17000 17169 I FA      : App measurement disabled by setAnalyticsCollectionEnabled(false)
07-25 14:52:32.648 17000 17169 E .xiaomi.mipicks: No package ID 6a found for resource ID 0x6a0b000f.
07-25 14:52:32.649 16999 16999 D MiuiPeripheralConnectionServiceReal: cloudSppServiceState = 0
07-25 14:52:32.649   568   568 I [MITEE] : mitee_keymaster_call 229 8
07-25 14:52:32.649   568   568 E [MITEE] : Request: 50 Max size: 131072
07-25 14:52:32.650 17000 17169 I FA      : App measurement initialized, version: 131000
07-25 14:52:32.650 17000 17169 I FA      : To enable debug logging run: adb shell setprop log.tag.FA VERBOSE
07-25 14:52:32.650 17000 17169 I FA      : To enable faster debug mode event logging run:
07-25 14:52:32.650 17000 17169 I FA      :   adb shell setprop debug.firebase.analytics.app com.xiaomi.mipicks
07-25 14:52:32.651 16999 17185 D MiuiPCRegisterManager: loadStoredConfigList
07-25 14:52:32.652   568   568 I [MITEE] : mitee_keymaster_call 229 12
07-25 14:52:32.652 16999 17185 D MiuiPCRegisterManager: connectPendingMap: size = 0
07-25 14:52:32.652   568   568 E [MITEE] : Request: 28 Max size: 131072
07-25 14:52:32.654  4945 17180 I MiuiPerfServiceClient: IonService schedule
07-25 14:52:32.655   791   890 I libPerfCtl: xgfGetFPS pid:2127 fps:-1
07-25 14:52:32.655   791   890 I libPerfCtl: xgfGetFPS pid:2134 fps:-1
07-25 14:52:32.655   791   890 I libPerfCtl: xgfGetFPS pid:13358 fps:-1
07-25 14:52:32.657   568   568 I [MITEE] : mitee_keymaster_call 229 4
07-25 14:52:32.657   568   568 E [MITEE] : Request: 298 Max size: 131072
07-25 14:52:32.659  4945  4945 I MiuiPerfServiceClient: MeminfoService onStartJob
07-25 14:52:32.662   568   568 I [MITEE] : mitee_keymaster_call 229 8
07-25 14:52:32.662   568   568 E [MITEE] : Request: 148 Max size: 131072
07-25 14:52:32.664 16999 16999 D MiuiPeripheralConnectionService: onCreate
07-25 14:52:32.664 16999 16999 D MiuiPeripheralConnectionService: setPeripheralConnectionService() : com.xiaomi.bluetooth.peripheral.MiuiPeripheralConnectionService@4359a6
07-25 14:52:32.664   568   568 I [MITEE] : mitee_keymaster_call 229 12
07-25 14:52:32.664   568   568 E [MITEE] : Request: 28 Max size: 131072
07-25 14:52:32.665 16999 16999 D MiuiPeripheralConnectionService: pc_service_version: 1
07-25 14:52:32.665 16999 16999 D SplitInstallManagerImpl: App has no fused modules.
07-25 14:52:32.665 16999 16999 D SplitInstallManagerImpl: Split names are: []
07-25 14:52:32.666 16999 16999 D MiuiPeripheralConnectionService: bindRealService start
07-25 14:52:32.668 16999 16999 D BluetoothAdapter: getProfileProxy(),bluetooth service not start
07-25 14:52:32.668 16999 16999 D BluetoothAdapter: getProfileProxy(),bluetooth service not start
07-25 14:52:32.668 16999 16999 D BluetoothAdapter: getProfileProxy(),bluetooth service not start
07-25 14:52:32.669 16999 16999 D MiuiNearbyServiceV2: onCreate
07-25 14:52:32.671 16999 16999 D MiuiNearbyScanConfigManager: loadSavedConfigDeviceList
07-25 14:52:32.671 16999 16999 D MiuiNearbyScanConfigManager: scan configs :
07-25 14:52:32.672 16999 17187 D MiuiScanManagerV2: MSG_INIT_SERVICE
07-25 14:52:32.675   568   568 I [MITEE] : mitee_keymaster_call 229 4
07-25 14:52:32.675   568   568 E [MITEE] : Request: 274 Max size: 131072
07-25 14:52:32.683 16999 16999 D MiuiThirdPartAppConnectionManager: connection configs :
07-25 14:52:32.683 16999 16999 D MiuiNearbyServiceV2: setNearbyService() - trying to set service to com.android.bluetooth.ble.app.MiuiNearbyServiceV2@a6bfffb
07-25 14:52:32.684 16999 17188 D MiuiNearbyServiceV2: handleMessage: what: 100
07-25 14:52:32.684   568   568 I [MITEE] : mitee_keymaster_call 229 8
07-25 14:52:32.684   568   568 E [MITEE] : Request: 34 Max size: 131072
07-25 14:52:32.686 16999 16999 D MiuiNearbyServiceV2: register for observer succeed
07-25 14:52:32.687 16999 17188 D MiuiForXiaoAiManager: getProfileProxy
07-25 14:52:32.687 16999 17188 D BluetoothAdapter: getProfileProxy(),profile = 1
07-25 14:52:32.687 16999 17188 D BluetoothAdapter: getProfileProxy(),profile = 2
07-25 14:52:32.687 16999 17188 D BluetoothAdapter: getProfileProxy(),profile = 22
07-25 14:52:32.687   568   568 I [MITEE] : mitee_keymaster_call 229 12
07-25 14:52:32.687   568   568 E [MITEE] : Request: 28 Max size: 131072
07-25 14:52:32.687  1557  1575 E ApplicationHelper: Fail to get PackageManager
07-25 14:52:32.689 16999 16999 D MiuiNearbyServiceV2: register for observer succeed, flag:1
07-25 14:52:32.690 16999 17188 E MiuiForXiaoAiManager: fetchAndParseFDS
07-25 14:52:32.691  1557  4792 D CompatChangeReporter: Compat change id reported: 271850009; UID 10221; state: ENABLED
07-25 14:52:32.691  1557  4792 E JobScheduler: ResourceBudgetManagerInternal is null
07-25 14:52:32.691   758   758 D Zygote  : Forked child process 17189
07-25 14:52:32.692 16999 17188 E MiuiForXiaoAiManager: File Not Found
07-25 14:52:32.692  1557  4792 V GrammaticalInflectionUtils: AttributionSource: android.content.AttributionSource@16dc0138 does not have READ_SYSTEM_GRAMMATICAL_GENDER permission.
07-25 14:52:32.695  1557  1607 D MiuiProcessPolicyManager: promote com.google.android.gms maxAdj to svcb  , maxProcState to + PER
07-25 14:52:32.697  1557  1607 I ActivityManager: Start proc 17189:com.google.android.gms/u0a146 for service {com.google.android.gms/com.google.android.gms.measurement.service.MeasurementBrokerService} caller=com.xiaomi.mipicks
07-25 14:52:32.700 17189 17189 E Zygote  : process_name_ptr:17189 com.google.android.gms
07-25 14:52:32.701 17189 17189 E Zygote  : SetMemoryProtected process_name_ptr:17189 com.google.android.gms
07-25 14:52:32.702   568   568 I [MITEE] : mitee_keymaster_call 229 4
07-25 14:52:32.702   568   568 E [MITEE] : Request: 298 Max size: 131072
07-25 14:52:32.703  1557  1575 E ApplicationHelper: Fail to get PackageManager
07-25 14:52:32.704 16999 16999 D BluetoothAdapter: getProfileProxy(),bluetooth service not start
07-25 14:52:32.704 16999 16999 D BluetoothAdapter: getProfileProxy(),bluetooth service not start
07-25 14:52:32.704 16999 16999 D BluetoothAdapter: getProfileProxy(),bluetooth service not start
07-25 14:52:32.704 16999 16999 D MiuiPeripheralConnectionServiceReal: onNearbyApiServiceConnected
07-25 14:52:32.704 16999 16999 D MiuiPeripheralConnectionService: onRealServiceConnected
07-25 14:52:32.708   568   568 I [MITEE] : mitee_keymaster_call 229 8
07-25 14:52:32.708   568   568 E [MITEE] : Request: 50 Max size: 131072
07-25 14:52:32.708 17189 17189 I gle.android.gms: Using CollectorTypeCMC GC.
07-25 14:52:32.709  1557  1575 E ApplicationHelper: Fail to get PackageManager
07-25 14:52:32.711   568   568 I [MITEE] : mitee_keymaster_call 229 12
07-25 14:52:32.711   568   568 E [MITEE] : Request: 28 Max size: 131072
07-25 14:52:32.713   758   758 D Zygote  : Forked child process 17194
07-25 14:52:32.713 16999 17188 E MiuiForXiaoAiManager: checkXiaoMiCarKey
07-25 14:52:32.714 16999 17188 E MiuiForXiaoAiManager: checkXiaoMiCarScan
07-25 14:52:32.715  1557  1575 E ApplicationHelper: Fail to get PackageManager
07-25 14:52:32.715   568   568 I [MITEE] : mitee_keymaster_call 229 4
07-25 14:52:32.715   779   856 E HfLooper: light_data = 1.000000, raw_data = 0.000000, ir_data =14.000000, gain =1
07-25 14:52:32.715   568   568 E [MITEE] : Request: 298 Max size: 131072
07-25 14:52:32.716  1557  1607 I ActivityManager: Start proc 17194:com.thesouledstore/u0a221 for service {com.thesouledstore/com.moengage.core.internal.data.reports.DataSyncJob} caller=android
07-25 14:52:32.717 17189 17189 E gle.android.gms: Not starting debugger since process cannot load the jdwp agent.
07-25 14:52:32.720  1557  2232 D CompatChangeReporter: Compat change id reported: 311208629; UID 1002; state: ENABLED
07-25 14:52:32.721   568   568 I [MITEE] : mitee_keymaster_call 229 8
07-25 14:52:32.721   568   568 E [MITEE] : Request: 181 Max size: 131072
07-25 14:52:32.721 16999 17188 E MiuiForXiaoAiManager: checkXiaoMiCarConnected
07-25 14:52:32.721 16999 17188 D HeadsetIconShowManager: getProfileProxy
07-25 14:52:32.721 16999 17188 D BluetoothAdapter: getProfileProxy(),profile = 1
07-25 14:52:32.721 16999 17188 D BluetoothAdapter: getProfileProxy(),profile = 22
07-25 14:52:32.722 16999 16999 D BluetoothAdapter: getProfileProxy(),bluetooth service not start
07-25 14:52:32.723  1557  4792 I whetstone.activity: Power Event callback listener is empty for resId=256
07-25 14:52:32.723  1557  4792 D BatteryStatsManagerStub: notifyEvent for resId=256 used 0ms
07-25 14:52:32.723 16999 16999 D BluetoothAdapter: getProfileProxy(),bluetooth service not start
07-25 14:52:32.723   568   568 I [MITEE] : mitee_keymaster_call 229 12
07-25 14:52:32.723   568   568 E [MITEE] : Request: 28 Max size: 131072
07-25 14:52:32.724  4945 17186 I MiuiPerfServiceClient: MeminfoService schedule
07-25 14:52:32.726  1557  1575 E ApplicationHelper: Fail to get PackageManager
07-25 14:52:32.726  1557  1575 E ApplicationHelper: Fail to get PackageManager
07-25 14:52:32.727 16999 17188 D MiuiNearbyServiceV2: handleMessage: what: 101
07-25 14:52:32.731 17189 17189 D nativeloader: Load libframework-connectivity-tiramisu-jni.so using APEX ns com_android_tethering for caller /apex/com.android.tethering/javalib/framework-connectivity-t.jar: ok
07-25 14:52:32.733   568   568 I [MITEE] : mitee_keymaster_call 229 4
07-25 14:52:32.733   568   568 E [MITEE] : Request: 274 Max size: 131072
07-25 14:52:32.735   774   774 I hwcomposer: [HWCDisplay] [Display_0 (type:1, mode:2)] fps:4.851021,dur:1443.00,max:446.43,min:59.44
07-25 14:52:32.736   831   831 I MI-SF   : surfaceflinger setAffinity mode=0
07-25 14:52:32.736 17194 17194 E Zygote  : process_name_ptr:17194 com.thesouledstore
07-25 14:52:32.737   831   831 E MI-SF   : surfaceflinger setAffinity success
07-25 14:52:32.737 17194 17194 E Zygote  : SetMemoryProtected process_name_ptr:17194 com.thesouledstore
07-25 14:52:32.742   568   568 I [MITEE] : mitee_keymaster_call 229 8
07-25 14:52:32.742   568   568 E [MITEE] : Request: 34 Max size: 131072
07-25 14:52:32.744   568   568 I [MITEE] : mitee_keymaster_call 229 12
07-25 14:52:32.744   568   568 E [MITEE] : Request: 28 Max size: 131072
07-25 14:52:32.747 17189 17189 I MessageMonitor: Load libmiui_runtime
07-25 14:52:32.749   568   568 I [MITEE] : mitee_keymaster_call 229 4
07-25 14:52:32.749   568   568 E [MITEE] : Request: 298 Max size: 131072
07-25 14:52:32.751 16999 17188 D OfflineFindBroadcastManager: initBroadcastReceiver
07-25 14:52:32.753 16999 17188 D OfflineFindBroadcastManager: isNoNetworkBroadcastOpen: false
07-25 14:52:32.755   568   568 I [MITEE] : mitee_keymaster_call 229 8
07-25 14:52:32.755   568   568 E [MITEE] : Request: 50 Max size: 131072
07-25 14:52:32.756 16999 17188 D OfflineFindBroadcastManager: isPowerOffBroadcastOpen: false
07-25 14:52:32.756  1557  2232 I SmartPower: com.google.android.gms/10146(17189): died->background(765ms) R(process start ) adj=-10000.
07-25 14:52:32.756 17194 17194 I .thesouledstore: Using CollectorTypeCMC GC.
07-25 14:52:32.758 16999 17188 D OfflineFindBroadcastManager: isPoweroffBroadcastCloudOpen: false
07-25 14:52:32.758   568   568 I [MITEE] : mitee_keymaster_call 229 12
07-25 14:52:32.758   568   568 E [MITEE] : Request: 28 Max size: 131072
07-25 14:52:32.759 16999 17188 W libc    : Access denied finding property "ro.bluetooth.finder.supported"
07-25 14:52:32.759 16999 17188 D OfflineFindBroadcastManager: not support shut down find.isSupportOfflineFind: false poweroffBroadcastCloud: false
07-25 14:52:32.762 16999 17188 D OfflineFindBroadcastManager: cancel alarm to for offline broadcast
07-25 14:52:32.763   568   568 I [MITEE] : mitee_keymaster_call 229 4
07-25 14:52:32.763   568   568 E [MITEE] : Request: 298 Max size: 131072
07-25 14:52:32.763 17194 17194 E .thesouledstore: Not starting debugger since process cannot load the jdwp agent.
07-25 14:52:32.763 16999 17188 D OfflineFindBroadcastManager: registerNetworkCallback
07-25 14:52:32.764  1557  1575 E ApplicationHelper: Fail to get PackageManager
07-25 14:52:32.767  1557  2232 D CompatChangeReporter: Compat change id reported: 319212206; UID 1002; state: ENABLED
07-25 14:52:32.769   568   568 I [MITEE] : mitee_keymaster_call 229 8
07-25 14:52:32.769   568   568 E [MITEE] : Request: 148 Max size: 131072
07-25 14:52:32.772   568   568 I [MITEE] : mitee_keymaster_call 229 12
07-25 14:52:32.772   568   568 E [MITEE] : Request: 28 Max size: 131072
07-25 14:52:32.772 16999 17188 D OfflineFindBroadcastManager: isNetworkAvailable
07-25 14:52:32.773 17189 17189 D MiuiMonitorThread: Shared singleton Thread for stability monitor start
07-25 14:52:32.776  1557  1795 D ConnectivityService: NetReassign [no changes] [c 0] [a 1] [i 6]
07-25 14:52:32.776 16999 17188 D OfflineFindBroadcastManager: has network
07-25 14:52:32.776 17194 17194 D nativeloader: Load libframework-connectivity-tiramisu-jni.so using APEX ns com_android_tethering for caller /apex/com.android.tethering/javalib/framework-connectivity-t.jar: ok
07-25 14:52:32.777 16999 17205 D OfflineFindBroadcastManager: Cellular Network Callback onAvailable, isWifiAvailable: false
07-25 14:52:32.778 16999 17205 D OfflineFindBroadcastManager: isNoNetworkBroadcastOpen: false
07-25 14:52:32.778 16999 17205 D OfflineFindBroadcastManager: broadcast switch is closed
07-25 14:52:32.780 17189 17213 D ActivityThread: the event that target app starts is : AppLaunchEvent{mType='441', mProcessName='com.google.android.gms', mPackageName='com.google.android.gms', mIsMainProcess='true', mVersionCode='252635035', mLaunchTime='2025-07-25'}
07-25 14:52:32.781  4945  7664 W MQSEventManager: occur
07-25 14:52:32.783 17194 17194 I MessageMonitor: Load libmiui_runtime
07-25 14:52:32.784  1557  1795 D ConnectivityService: NetReassign [no changes] [c 0] [a 1] [i 6]
07-25 14:52:32.784   568   568 I [MITEE] : mitee_keymaster_call 229 4
07-25 14:52:32.784   568   568 E [MITEE] : Request: 274 Max size: 131072
07-25 14:52:32.790  1557  2232 I SmartPower: com.thesouledstore/10221(17194): died->background(1800737ms) R(process start ) adj=-10000.
07-25 14:52:32.793   568   568 I [MITEE] : mitee_keymaster_call 229 8
07-25 14:52:32.793   568   568 E [MITEE] : Request: 34 Max size: 131072
07-25 14:52:32.793 17189 17189 D ActivityThread: setEmbeddedParam packageName=com.google.android.gms processName=com.google.android.gms isEmbedded=false isIsolated=false
07-25 14:52:32.794   774  1369 I hwcomposer: [HWC] (0)fire a callback of refresh to SF[4]
07-25 14:52:32.796   568   568 I [MITEE] : mitee_keymaster_call 229 12
07-25 14:52:32.796   568   568 E [MITEE] : Request: 28 Max size: 131072
07-25 14:52:32.798  1557  1780 I MiuiNetworkPolicy: updateUidState uid = 10221, uidState = 19
07-25 14:52:32.799  1557  1575 E ApplicationHelper: Fail to get PackageManager
07-25 14:52:32.801   568   568 I [MITEE] : mitee_keymaster_call 229 4
07-25 14:52:32.801   568   568 E [MITEE] : Request: 298 Max size: 131072
07-25 14:52:32.802 17189 17189 D ApplicationLoaders: Returning zygote-cached class loader: /system/framework/org.apache.http.legacy.jar
07-25 14:52:32.805 17194 17194 D MiuiMonitorThread: Shared singleton Thread for stability monitor start
07-25 14:52:32.805   831   831 I BufferQueueProducer: [FramebufferSurface](this:0xb40000799c39e710,id:-1,api:1,p:831,c:831) queueBuffer: fps=2.64 dur=1514.12 max=516.99 min=130.19
07-25 14:52:32.807   568   568 I [MITEE] : mitee_keymaster_call 229 8
07-25 14:52:32.807   568   568 E [MITEE] : Request: 50 Max size: 131072
07-25 14:52:32.808   831   831 I MI-SF   : surfaceflinger setAffinity mode=1
07-25 14:52:32.808   831   831 E MI-SF   : surfaceflinger setAffinity success
07-25 14:52:32.808   831   831 I MI-SF   : surfaceflinger setreAffinity reTid=1042
07-25 14:52:32.808   831   831 E MI-SF   : surfaceflinger setAffinity success
07-25 14:52:32.809   568   568 I [MITEE] : mitee_keymaster_call 229 12
07-25 14:52:32.809   568   568 E [MITEE] : Request: 28 Max size: 131072
07-25 14:52:32.810 17189 17189 D nativeloader: Configuring clns-7 for other apk /system/framework/com.android.media.remotedisplay.jar. target_sdk_version=36, uses_libraries=ALL, library_path=/data/app/~~9x20RdRMENYcTUYvEEDmBQ==/com.google.android.gms-QIWLUYY1--B3O1rnpheR9Q==/lib/arm64:/data/app/~~9x20RdRMENYcTUYvEEDmBQ==/com.google.android.gms-QIWLUYY1--B3O1rnpheR9Q==/base.apk!/lib/arm64-v8a, permitted_path=/data:/mnt/expand:/data/user/0/com.google.android.gms
07-25 14:52:32.810 17189 17189 D nativeloader: Extending system_exposed_libraries: libapuwareapusys.mtk.so:libapuwareapusys_v2.mtk.so:libapuwarexrp.mtk.so:libapuwarexrp_v2.mtk.so:libapuwareutils.mtk.so:libapuwareutils_v2.mtk.so:libapuwarehmp.mtk.so:libneuron_graph_delegate.mtk.so:libneuronusdk_adapter.mtk.so:libtflite_mtk.mtk.so:libarmnn_ndk.mtk.so:libcmdl_ndk.mtk.so:libnir_neon_driver_ndk.mtk.so:libmvpu_runtime.mtk.so:libmvpu_runtime_pub.mtk.so:libmvpu_engine_pub.mtk.so:libmvpu_pattern_pub.mtk.so:libmvpuop_mtk_cv.mtk.so:libmvpuop_mtk_nn.mtk.so:libmvpu_runtime_25.mtk.so:libmvpu_runtime_25_pub.mtk.so:libmvpu_engine_25_pub.mtk.so:libmvpu_pattern_25_pub.mtk.so:libmvpuop25_mtk_cv.mtk.so:libmvpuop25_mtk_nn.mtk.so:libmvpu_config.mtk.so:libteeservice_client.trustonic.so:libmisys_jni.xiaomi.so:libpag.hyperos.so:libffavc.hyperos.so
07-25 14:52:32.810 17194 17194 D CompatChangeReporter: Compat change id reported: 242716250; UID 10221; state: ENABLED
07-25 14:52:32.815   568   568 I [MITEE] : mitee_keymaster_call 229 4
07-25 14:52:32.815   568   568 E [MITEE] : Request: 298 Max size: 131072
07-25 14:52:32.815   779   856 E HfLooper: light_data = 1.000000, raw_data = 0.000000, ir_data =14.000000, gain =1
07-25 14:52:32.821 17189 17189 D nativeloader: Configuring clns-8 for other apk /system/framework/com.android.location.provider.jar. target_sdk_version=36, uses_libraries=ALL, library_path=/data/app/~~9x20RdRMENYcTUYvEEDmBQ==/com.google.android.gms-QIWLUYY1--B3O1rnpheR9Q==/lib/arm64:/data/app/~~9x20RdRMENYcTUYvEEDmBQ==/com.google.android.gms-QIWLUYY1--B3O1rnpheR9Q==/base.apk!/lib/arm64-v8a, permitted_path=/data:/mnt/expand:/data/user/0/com.google.android.gms
07-25 14:52:32.821 17189 17189 D nativeloader: Extending system_exposed_libraries: libapuwareapusys.mtk.so:libapuwareapusys_v2.mtk.so:libapuwarexrp.mtk.so:libapuwarexrp_v2.mtk.so:libapuwareutils.mtk.so:libapuwareutils_v2.mtk.so:libapuwarehmp.mtk.so:libneuron_graph_delegate.mtk.so:libneuronusdk_adapter.mtk.so:libtflite_mtk.mtk.so:libarmnn_ndk.mtk.so:libcmdl_ndk.mtk.so:libnir_neon_driver_ndk.mtk.so:libmvpu_runtime.mtk.so:libmvpu_runtime_pub.mtk.so:libmvpu_engine_pub.mtk.so:libmvpu_pattern_pub.mtk.so:libmvpuop_mtk_cv.mtk.so:libmvpuop_mtk_nn.mtk.so:libmvpu_runtime_25.mtk.so:libmvpu_runtime_25_pub.mtk.so:libmvpu_engine_25_pub.mtk.so:libmvpu_pattern_25_pub.mtk.so:libmvpuop25_mtk_cv.mtk.so:libmvpuop25_mtk_nn.mtk.so:libmvpu_config.mtk.so:libteeservice_client.trustonic.so:libmisys_jni.xiaomi.so:libpag.hyperos.so:libffavc.hyperos.so
07-25 14:52:32.821   568   568 I [MITEE] : mitee_keymaster_call 229 8
07-25 14:52:32.821   568   568 E [MITEE] : Request: 181 Max size: 131072
07-25 14:52:32.824   568   568 I [MITEE] : mitee_keymaster_call 229 12
07-25 14:52:32.824   568   568 E [MITEE] : Request: 28 Max size: 131072
07-25 14:52:32.826  1557  1575 E ApplicationHelper: Fail to get PackageManager
07-25 14:52:32.826  1557  1575 E ApplicationHelper: Fail to get PackageManager
07-25 14:52:32.826  1557  1575 E ApplicationHelper: Fail to get PackageManager
07-25 14:52:32.827 17189 17189 D ApplicationLoaders: Returning zygote-cached class loader: /system_ext/framework/androidx.window.extensions.jar
07-25 14:52:32.827 17189 17189 D ApplicationLoaders: Returning zygote-cached class loader: /system_ext/framework/androidx.window.sidecar.jar
07-25 14:52:32.833   568   568 I [MITEE] : mitee_keymaster_call 229 4
07-25 14:52:32.833   568   568 E [MITEE] : Request: 274 Max size: 131072
07-25 14:52:32.833 17194 17194 D ActivityThread: setEmbeddedParam packageName=com.thesouledstore processName=com.thesouledstore isEmbedded=false isIsolated=false
07-25 14:52:32.837 17194 17194 D ApplicationLoaders: Returning zygote-cached class loader: /system/framework/org.apache.http.legacy.jar
07-25 14:52:32.842   568   568 I [MITEE] : mitee_keymaster_call 229 8
07-25 14:52:32.842   568   568 E [MITEE] : Request: 34 Max size: 131072
07-25 14:52:32.844   568   568 I [MITEE] : mitee_keymaster_call 229 12
07-25 14:52:32.845   568   568 E [MITEE] : Request: 28 Max size: 131072
07-25 14:52:32.849   568   568 I [MITEE] : mitee_keymaster_call 229 4
07-25 14:52:32.849   568   568 E [MITEE] : Request: 298 Max size: 131072
07-25 14:52:32.855   568   568 I [MITEE] : mitee_keymaster_call 229 8
07-25 14:52:32.856   568   568 E [MITEE] : Request: 50 Max size: 131072
07-25 14:52:32.858   568   568 I [MITEE] : mitee_keymaster_call 229 12
07-25 14:52:32.858   568   568 E [MITEE] : Request: 28 Max size: 131072
07-25 14:52:32.863   568   568 I [MITEE] : mitee_keymaster_call 229 4
07-25 14:52:32.863   568   568 E [MITEE] : Request: 298 Max size: 131072
07-25 14:52:32.867  2127  2127 D ArtChoreographerMonitor: invoke error.
07-25 14:52:32.869   568   568 I [MITEE] : mitee_keymaster_call 229 8
07-25 14:52:32.870   568   568 E [MITEE] : Request: 148 Max size: 131072
07-25 14:52:32.873   568   568 I [MITEE] : mitee_keymaster_call 229 12
07-25 14:52:32.873   568   568 E [MITEE] : Request: 28 Max size: 131072
07-25 14:52:32.877  1557  1575 E ApplicationHelper: Fail to get PackageManager
07-25 14:52:32.877  1557  1575 E ApplicationHelper: Fail to get PackageManager
07-25 14:52:32.877  1557  1575 E ApplicationHelper: Fail to get PackageManager
07-25 14:52:32.882 17000 17074 W BpBinder: Slow Binder: BpBinder transact took 569 ms, interface=android.content.IContentProvider, code=1 oneway=false
07-25 14:52:32.883   831   831 I BufferQueueProducer: [StatusBar#123](this:0xb40000792c550c70,id:-1,api:0,p:-1,c:831) queueBuffer: fps=0.97 dur=1033.66 max=1033.66 min=1033.66
07-25 14:52:32.886   831   831 I MI-SF   : surfaceflinger setAffinity mode=0
07-25 14:52:32.887   831   831 E MI-SF   : surfaceflinger setAffinity success
07-25 14:52:32.897 17189 17189 D nativeloader: Configuring clns-9 for other apk /data/app/~~9x20RdRMENYcTUYvEEDmBQ==/com.google.android.gms-QIWLUYY1--B3O1rnpheR9Q==/base.apk. target_sdk_version=36, uses_libraries=, library_path=/data/app/~~9x20RdRMENYcTUYvEEDmBQ==/com.google.android.gms-QIWLUYY1--B3O1rnpheR9Q==/lib/arm64:/data/app/~~9x20RdRMENYcTUYvEEDmBQ==/com.google.android.gms-QIWLUYY1--B3O1rnpheR9Q==/base.apk!/lib/arm64-v8a, permitted_path=/data:/mnt/expand:/data/user/0/com.google.android.gms
07-25 14:52:32.908 17189 17189 V GraphicsEnvironment: Currently set values for:
07-25 14:52:32.909 17189 17189 V GraphicsEnvironment:   angle_gl_driver_selection_pkgs=[]
07-25 14:52:32.909 17189 17189 V GraphicsEnvironment:   angle_gl_driver_selection_values=[]
07-25 14:52:32.909 17189 17189 V GraphicsEnvironment: Global.Settings values are invalid: number of packages: 0, number of values: 0
07-25 14:52:32.912 17189 17212 I ActivityThread: TrafficStats init done
07-25 14:52:32.914 17189 17212 I ForceDarkHelperStubImpl: initialize for com.google.android.gms , ForceDarkOrigin
07-25 14:52:32.915   779   856 E HfLooper: light_data = 1.000000, raw_data = 0.000000, ir_data =14.000000, gain =1
07-25 14:52:32.921 17189 17212 D nativeloader: Load libforcedarkimpl.so using system ns (caller=/system_ext/framework/miui-framework.jar): ok
07-25 14:52:32.921 17189 17212 D HWUI    : JNI_OnLoad success
07-25 14:52:32.922 17189 17212 I MiuiForceDarkConfig: setConfig density:2.000000, mainRule:0, secondaryRule:0, tertiaryRule:0
07-25 14:52:32.926 17008 17178 I DGW     : I[sendRequest:88] DGW Connecting to https://z-m-gateway.facebook.com/notifgateway
07-25 14:52:32.928 17189 17189 I GmsApplication: Using GservicesReaderQueryDelegate
07-25 14:52:32.930 17189 17212 I ActivityThread: Miui Feature Init done
07-25 14:52:32.930   568   568 I [MITEE] : mitee_keymaster_call 229 4
07-25 14:52:32.931   568   568 E [MITEE] : Request: 339 Max size: 131072
07-25 14:52:32.933 17189 17189 W SQLiteCompatibilityWalFlags: Cannot read global setting sqlite_compatibility_wal_flags - Application state not available
07-25 14:52:32.938   568   568 I [MITEE] : mitee_keymaster_call 229 12
07-25 14:52:32.938   568   568 E [MITEE] : Request: 62 Max size: 131072
07-25 14:52:32.946   774  1369 I hwcomposer: [HWC] (0)fire a callback of refresh to SF[4]
07-25 14:52:32.957   831   831 I MI-SF   : surfaceflinger setAffinity mode=1
07-25 14:52:32.958   831   831 E MI-SF   : surfaceflinger setAffinity success
07-25 14:52:32.958   831   831 I MI-SF   : surfaceflinger setreAffinity reTid=1042
07-25 14:52:32.958   831   831 E MI-SF   : surfaceflinger setAffinity success
07-25 14:52:32.959 17194 17194 W ziparchive: Unable to open '/data/app/~~3dlD1YotCp9fcsKgs9626g==/com.thesouledstore-atGeqCemiDGs5bYJQhjQ0A==/split_config.arm64_v8a.dm': No such file or directory
07-25 14:52:32.959 17194 17194 W ziparchive: Unable to open '/data/app/~~3dlD1YotCp9fcsKgs9626g==/com.thesouledstore-atGeqCemiDGs5bYJQhjQ0A==/split_config.arm64_v8a.dm': No such file or directory
07-25 14:52:32.959 17189 17189 I ResMonitorStub: Get RMS proxy takes 1 ms
07-25 14:52:32.967 17194 17194 W .thesouledstore: Entry not found
07-25 14:52:32.968 17194 17194 W ziparchive: Unable to open '/data/app/~~3dlD1YotCp9fcsKgs9626g==/com.thesouledstore-atGeqCemiDGs5bYJQhjQ0A==/split_config.xhdpi.dm': No such file or directory
07-25 14:52:32.968 17194 17194 W ziparchive: Unable to open '/data/app/~~3dlD1YotCp9fcsKgs9626g==/com.thesouledstore-atGeqCemiDGs5bYJQhjQ0A==/split_config.xhdpi.dm': No such file or directory
07-25 14:52:32.974 17194 17194 W .thesouledstore: Entry not found
07-25 14:52:32.977 17194 17194 D nativeloader: Configuring clns-7 for other apk /data/app/~~3dlD1YotCp9fcsKgs9626g==/com.thesouledstore-atGeqCemiDGs5bYJQhjQ0A==/base.apk:/data/app/~~3dlD1YotCp9fcsKgs9626g==/com.thesouledstore-atGeqCemiDGs5bYJQhjQ0A==/split_config.arm64_v8a.apk:/data/app/~~3dlD1YotCp9fcsKgs9626g==/com.thesouledstore-atGeqCemiDGs5bYJQhjQ0A==/split_config.xhdpi.apk. target_sdk_version=34, uses_libraries=, library_path=/data/app/~~3dlD1YotCp9fcsKgs9626g==/com.thesouledstore-atGeqCemiDGs5bYJQhjQ0A==/lib/arm64:/data/app/~~3dlD1YotCp9fcsKgs9626g==/com.thesouledstore-atGeqCemiDGs5bYJQhjQ0A==/base.apk!/lib/arm64-v8a:/data/app/~~3dlD1YotCp9fcsKgs9626g==/com.thesouledstore-atGeqCemiDGs5bYJQhjQ0A==/split_config.arm64_v8a.apk!/lib/arm64-v8a:/data/app/~~3dlD1YotCp9fcsKgs9626g==/com.thesouledstore-atGeqCemiDGs5bYJQhjQ0A==/split_config.xhdpi.apk!/lib/arm64-v8a, permitted_path=/data:/mnt/expand:/data/user/0/com.thesouledstore
07-25 14:52:32.981  1557  3289 I ClipboardServiceI: checkProviderWakePathForClipboard: com.google.android.gmsis not a activePermissionOwner
07-25 14:52:32.988 17189 17189 W ProviderHelper: Unknown dynamite feature providerinstaller.dynamite
07-25 14:52:32.988 17189 17189 I DynamiteModule: Considering local module com.google.android.gms.providerinstaller.dynamite:1 and remote module com.google.android.gms.providerinstaller.dynamite:0
07-25 14:52:32.988 17189 17189 I DynamiteModule: Selected local version of com.google.android.gms.providerinstaller.dynamite
07-25 14:52:32.990  1331  1404 D connsyslogger: SD_LOG_ROOT is /data/debuglogger/connsyslog/fw.
07-25 14:52:32.990  1331  1404 D connsyslogger: systemReady:1
07-25 14:52:32.999 17189 17189 D nativeloader: Load /data/app/~~9x20RdRMENYcTUYvEEDmBQ==/com.google.android.gms-QIWLUYY1--B3O1rnpheR9Q==/base.apk!/lib/arm64-v8a/libconscrypt_gmscore_jni.so using ns clns-9 from class loader (caller=/data/app/~~9x20RdRMENYcTUYvEEDmBQ==/com.google.android.gms-QIWLUYY1--B3O1rnpheR9Q==/base.apk): ok
07-25 14:52:33.000 17189 17189 V NativeCrypto: Registering com/google/android/gms/org/conscrypt/NativeCrypto's 315 native methods...
07-25 14:52:33.014 17189 17189 I ProviderInstaller: Installed default security provider GmsCore_OpenSSL
07-25 14:52:33.016   779   856 E HfLooper: light_data = 1.000000, raw_data = 0.000000, ir_data =14.000000, gain =1
07-25 14:52:33.020 17189 17240 I GMS_MM_Logger: (REDACTED) Start time: %s
07-25 14:52:33.020 17189 17240 I GMS_MM_Logger: Started.
07-25 14:52:33.020 17194 17194 V GraphicsEnvironment: Currently set values for:
07-25 14:52:33.020 17194 17194 V GraphicsEnvironment:   angle_gl_driver_selection_pkgs=[]
07-25 14:52:33.020 17194 17194 V GraphicsEnvironment:   angle_gl_driver_selection_values=[]
07-25 14:52:33.020 17194 17194 V GraphicsEnvironment: Global.Settings values are invalid: number of packages: 0, number of values: 0
07-25 14:52:33.021 17194 17194 V GraphicsEnvironment: App is not on the allowlist for updatable production driver.
07-25 14:52:33.022  1557  2408 I ClipboardServiceI: checkProviderWakePathForClipboard: com.thesouledstoreis not a activePermissionOwner
07-25 14:52:33.023 17194 17216 I ActivityThread: TrafficStats init done
07-25 14:52:33.026 17194 17194 D ActivityThread: useGrowthLimitOutExpendMethod invoke error.
07-25 14:52:33.029  1557  1606 W ActivityManager: Rescheduling restart of crashed service com.imo.android.imoim/.DummyService in 22959ms for other
07-25 14:52:33.029  1557  1606 W ActivityManager: Rescheduling restart of crashed service com.xiaomi.discover/com.xiaomi.downloader.service.DownloadService in 62959ms for other
07-25 14:52:33.033 17189 17240 I Watchcat: Started
07-25 14:52:33.034  2127  2127 D ArtChoreographerMonitor: invoke error.
07-25 14:52:33.035 17189 17189 D BoundBrokerSvc: onBind: Intent { act=com.google.android.gms.measurement.START pkg=com.google.android.gms }
07-25 14:52:33.035 17189 17189 D BoundBrokerSvc: Loading bound service for intent: Intent { act=com.google.android.gms.measurement.START pkg=com.google.android.gms }
07-25 14:52:33.038  1557  3289 D ForceDarkAppConfigProvider: cloudConfigVersion: -1   localConfigVersion:20250206
07-25 14:52:33.038  1557  3289 I UiModeManager: systemserver package:com.thesouledstore null
07-25 14:52:33.039 17194 17216 I ForceDarkHelperStubImpl: initialize for com.thesouledstore , ForceDarkAppConfig: null
07-25 14:52:33.040  1557  1601 W ActivityManager: Rescheduling restart of crashed service com.imo.android.imoim/.DummyService in 22948ms for mem-pressure-event
07-25 14:52:33.040  1557  1601 W ActivityManager: Rescheduling restart of crashed service com.xiaomi.discover/com.xiaomi.downloader.service.DownloadService in 42948ms for mem-pressure-event
07-25 14:52:33.045 17189 17200 I DynamiteModule: Considering local module com.google.android.gms.googlecertificates:7 and remote module com.google.android.gms.googlecertificates:7
07-25 14:52:33.045 17189 17200 I DynamiteModule: Selected local version of com.google.android.gms.googlecertificates
07-25 14:52:33.045 17194 17216 D nativeloader: Load libforcedarkimpl.so using system ns (caller=/system_ext/framework/miui-framework.jar): ok
07-25 14:52:33.046 17194 17216 D HWUI    : JNI_OnLoad success
07-25 14:52:33.046 17194 17216 I MiuiForceDarkConfig: setConfig density:2.000000, mainRule:0, secondaryRule:0, tertiaryRule:0
07-25 14:52:33.048 17189 17189 D BoundBrokerSvc: onBind: Intent { act=com.google.firebase.dynamiclinks.service.START pkg=com.google.android.gms }
07-25 14:52:33.048 17189 17189 D BoundBrokerSvc: Loading bound service for intent: Intent { act=com.google.firebase.dynamiclinks.service.START pkg=com.google.android.gms }
07-25 14:52:33.054 17189 17189 D BoundBrokerSvc: onBind: Intent { act=com.google.android.gms.pay.service.BIND dat=chimera-action:/... cmp=com.google.android.gms/.chimera.GmsApiService }
07-25 14:52:33.054 17189 17189 D BoundBrokerSvc: Loading bound service for intent: Intent { act=com.google.android.gms.pay.service.BIND dat=chimera-action:/... cmp=com.google.android.gms/.chimera.GmsApiService }
07-25 14:52:33.057 17194 17216 I ActivityThread: Miui Feature Init done
07-25 14:52:33.057 17189 17200 W GoogleCertificates: GoogleCertificates has been initialized already
07-25 14:52:33.060  1557  1575 E ApplicationHelper: Fail to get PackageManager
07-25 14:52:33.063 17194 17194 I ResMonitorStub: Get RMS proxy takes 2 ms
07-25 14:52:33.072 22558 25063 D AdvertisingProxy: limit ad tracking enabled is false
07-25 14:52:33.072 22558 25063 D AdvertisingProxy: AdInfo ServiceConnected adId: 158ec14c-b5c0-4c47-82a2-d784289fac21 ,limitAdTrackingEnabled :1
07-25 14:52:33.076  1557  2232 I ClipboardServiceI: checkProviderWakePathForClipboard: com.google.android.gmsis not a activePermissionOwner
07-25 14:52:33.092 17189 17249 I FA-SVC  : App measurement initialized, version: 252635
07-25 14:52:33.112 17189 17229 W TracingHelper: No RequestContext found in the trace or trace not available. [CONTEXT service_id=259 ratelimit_count=100000 ]
07-25 14:52:33.115   779   856 E HfLooper: light_data = 1.000000, raw_data = 0.000000, ir_data =14.000000, gain =1
07-25 14:52:33.122  4405 16909 I NetworkScheduler: (REDACTED) Error inserting %s
07-25 14:52:33.140  1557  1612 I ExtM    : zram userate is low, no need to flush: 43
07-25 14:52:33.155 17194 17194 D nativeloader: Load /data/app/~~3dlD1YotCp9fcsKgs9626g==/com.thesouledstore-atGeqCemiDGs5bYJQhjQ0A==/split_config.arm64_v8a.apk!/lib/arm64-v8a/libcrashlytics.so using ns clns-7 from class loader (caller=/data/app/~~3dlD1YotCp9fcsKgs9626g==/com.thesouledstore-atGeqCemiDGs5bYJQhjQ0A==/base.apk!classes2.dex): ok
07-25 14:52:33.178  1557  1575 E ApplicationHelper: Fail to get PackageManager
07-25 14:52:33.178  1557  2408 I ClipboardServiceI: checkProviderWakePathForClipboard: com.thesouledstoreis not a activePermissionOwner
07-25 14:52:33.188 17194 17253 W .thesouledstore: ClassLoaderContext classpath size mismatch. expected=1, found=0 (DLC[];PCL[base.apk*129399461]{PCL[/system/framework/org.apache.http.legacy.jar*4025584831]#PCL[/system/framework/com.android.media.remotedisplay.jar*2042759013]#PCL[/system/framework/com.android.location.provider.jar*3414091812]#PCL[/system_ext/framework/androidx.window.extensions.jar*681982811]#PCL[/system_ext/framework/androidx.window.sidecar.jar*150681844]} | DLC[];PCL[])
07-25 14:52:33.188  1557  2593 D PackageManager: set app component=ComponentInfo{com.instagram.android/com.instagram.push.FbnsInitBroadcastReceiver} enabled state: 1 from com.instagram.android,uid=10055,pid=15638
07-25 14:52:33.196  1557  1575 E ApplicationHelper: Fail to get PackageManager
07-25 14:52:33.197 17008 17008 W fbservices:InitStatus: Not blocking Service (173162190)
07-25 14:52:33.197 17008 17008 W fbservices:InitStatus: Not blocking Service (173162190)
07-25 14:52:33.201  1557  2408 D PackageManager: set app component=ComponentInfo{com.instagram.android/com.instagram.push.FbnsInitBroadcastReceiver} enabled state: 1 from com.instagram.android,uid=10055,pid=15638
07-25 14:52:33.206  1557  2408 D CompatChangeReporter: Compat change id reported: 161145287; UID 10221; state: ENABLED
07-25 14:52:33.215 17194 17253 W System  : ClassLoader referenced unknown path:
07-25 14:52:33.215 17194 17253 D nativeloader: Configuring clns-8 for other apk . target_sdk_version=36, uses_libraries=, library_path=/data/app/~~9x20RdRMENYcTUYvEEDmBQ==/com.google.android.gms-QIWLUYY1--B3O1rnpheR9Q==/lib/arm64:/data/app/~~9x20RdRMENYcTUYvEEDmBQ==/com.google.android.gms-QIWLUYY1--B3O1rnpheR9Q==/base.apk!/lib/arm64-v8a, permitted_path=/data:/mnt/expand:/data/user/0/com.google.android.gms
07-25 14:52:33.215   779   856 E HfLooper: light_data = 1.000000, raw_data = 0.000000, ir_data =14.000000, gain =1
07-25 14:52:33.220  1557  2387 D FileUtils: Rounded bytes from 3762401280 to 4000000000
07-25 14:52:33.220 17008 17008 W fbservices:InitStatus: Not blocking Service (173162190)
07-25 14:52:33.225 17194 17254 D libcrashlytics: Initializing libcrashlytics version 3.2.0
07-25 14:52:33.230 17194 17253 W .thesouledstore: ClassLoaderContext classpath element checksum mismatch. expected=129399461, found=3558812400 (DLC[];PCL[base.apk*129399461]{PCL[/system/framework/org.apache.http.legacy.jar*4025584831]#PCL[/system/framework/com.android.media.remotedisplay.jar*2042759013]#PCL[/system/framework/com.android.location.provider.jar*3414091812]#PCL[/system_ext/framework/androidx.window.extensions.jar*681982811]#PCL[/system_ext/framework/androidx.window.sidecar.jar*150681844]} | DLC[];PCL[/data/app/~~3dlD1YotCp9fcsKgs9626g==/com.thesouledstore-atGeqCemiDGs5bYJQhjQ0A==/base.apk*3558812400]{PCL[/system/framework/org.apache.http.legacy.jar*4025584831]})
07-25 14:52:33.233   831   831 I BufferQueueProducer: [com.whatsapp/com.whatsapp.Conversation#69393](this:0xb40000792c45db10,id:-1,api:0,p:-1,c:831) queueBuffer: fps=1.97 dur=1017.21 max=517.12 min=500.10
07-25 14:52:33.237   831   831 I MI-SF   : surfaceflinger setAffinity mode=0
07-25 14:52:33.237   831   831 E MI-SF   : surfaceflinger setAffinity success
07-25 14:52:33.237 17008 17008 E fbservices:FbnsServiceDelegateV2: onBind invalid signature: Intent { act=com.facebook.push.fbns.ipc.IFbnsAIDLService cmp=com.facebook.services/com.facebook.oxygen.services.fbns.PreloadedFbnsService (has extras) }
07-25 14:52:33.240 17008 17008 W fbservices:InitStatus: Not blocking Service (173162190)
07-25 14:52:33.241 17008 17008 W fbservices:InitStatus: Not blocking Service (173162190)
07-25 14:52:33.248  1557  1612 I ExtM    : zram userate is low, no need to flush: 43
07-25 14:52:33.256 17008 17179 W DGW     : W[onSuccessfulResponse:666] StreamGroupTransport on successful response. DGW for serviceId=notifgateway is now connected.
07-25 14:52:33.259 17194 17254 D libcrashlytics: Initializing native crash handling successful.
07-25 14:52:33.267  1557  2387 D FileUtils: Rounded bytes from 3762401280 to 4000000000
07-25 14:52:33.267 17000 17081 W .xiaomi.mipicks: Long monitor contention with owner DownloadInstallManager (17085) at void com.xiaomi.market.data.LocalAppManager$InstalledApps.ensureInited()(LocalAppManager.java:50) waiters=0 in void com.xiaomi.market.data.LocalAppManager$InstalledApps.ensureInited() for 823ms
07-25 14:52:33.268 17000 17089 W .xiaomi.mipicks: Long monitor contention with owner DownloadInstallManager (17085) at void com.xiaomi.market.data.LocalAppManager$InstalledApps.ensureInited()(LocalAppManager.java:50) waiters=1 in void com.xiaomi.market.data.LocalAppManager$InstalledApps.ensureInited() for 818ms
07-25 14:52:33.269 17000 17081 W FirebaseRemoteConfig: No value of type 'FirebaseRemoteConfigValue' exists for parameter key 'maxCacheSizeForAppInfo'.
07-25 14:52:33.276 17194 17194 D Sentry  : io.sentry.auto-init read: false
07-25 14:52:33.276 17194 17194 I Sentry  : Retrieving auto-init from AndroidManifest.xml
07-25 14:52:33.276 17000 17085 W FirebaseRemoteConfig: No value of type 'FirebaseRemoteConfigValue' exists for parameter key 'maxDownTaskNum'.
07-25 14:52:33.276 17000 17085 W FirebaseRemoteConfig: No value of type 'FirebaseRemoteConfigValue' exists for parameter key 'parallelDownNum'.
07-25 14:52:33.277 17000 17085 W FirebaseRemoteConfig: No value of type 'FirebaseRemoteConfigValue' exists for parameter key 'taskThreadNum'.
07-25 14:52:33.279  1557  2232 D PackageManager: set app component=ComponentInfo{com.thesouledstore/androidx.work.impl.background.systemjob.SystemJobService} enabled state: 1 from com.thesouledstore,uid=10221,pid=17194
07-25 14:52:33.293  1557  2387 I ClipboardServiceI: checkProviderWakePathForClipboard: com.thesouledstoreis not a activePermissionOwner
07-25 14:52:33.294   774  1369 I hwcomposer: [HWC] (0)fire a callback of refresh to SF[4]
07-25 14:52:33.298 17000 17081 I MMKV    : <MemoryFile.cpp:97::open> open fd[0xdd], /data/user/0/com.xiaomi.mipicks/files/mmkv/app_update
07-25 14:52:33.298 17000 17081 I MMKV    : <MemoryFile.cpp:97::open> open fd[0xdf], /data/user/0/com.xiaomi.mipicks/files/mmkv/app_update.crc
07-25 14:52:33.299 17194 17194 W com.facebook.m: You haven't set a value for AdvertiserIDCollectionEnabled. Set the flag to TRUE if you want to collect Advertiser ID for better advertising and analytics results. To request user consent before collecting data, set the flag value to FALSE, then change to TRUE once user consent is received. Learn more: https://developers.facebook.com/docs/app-events/getting-started-app-events-android#disable-auto-events.
07-25 14:52:33.301 17000 17081 I MMKV    : <MMKV_IO.cpp:81::loadFromFile> loading [app_update] with 35016 actual size, file size 65536, InterProcess 1, meta info version:3
07-25 14:52:33.301 17000 17081 I MMKV    : <MMKV_IO.cpp:86::loadFromFile> loading [app_update] with crc 948806351 sequence 2 version 3
07-25 14:52:33.302 17000 17081 I MMKV    : <MMKV_IO.cpp:130::loadFromFile> loaded [app_update] with 4 key-values
07-25 14:52:33.306   831   831 I MI-SF   : surfaceflinger setAffinity mode=1
07-25 14:52:33.307   831   831 E MI-SF   : surfaceflinger setAffinity success
07-25 14:52:33.307   831   831 I MI-SF   : surfaceflinger setreAffinity reTid=1042
07-25 14:52:33.307   831   831 E MI-SF   : surfaceflinger setAffinity success
07-25 14:52:33.311 22587 22587 D AppUpdateReceiver: receive broadcast
07-25 14:52:33.312 17194 17287 W com.microsoft.clarity.nd.s0: Apps that target Android API 30+ (Android 11+) cannot call Facebook native apps unless the package visibility needs are declared. Please follow https://developers.facebook.com/docs/android/troubleshooting/#faq_267321845055988 to make the declaration.
07-25 14:52:33.313 17194 17279 E .thesouledstore: No package ID 6a found for resource ID 0x6a0b000f.
07-25 14:52:33.314 17194 17279 I FA      : App measurement initialized, version: 131000
07-25 14:52:33.314 17194 17279 I FA      : To enable debug logging run: adb shell setprop log.tag.FA VERBOSE
07-25 14:52:33.315 17194 17279 I FA      : To enable faster debug mode event logging run:
07-25 14:52:33.315 17194 17279 I FA      :   adb shell setprop debug.firebase.analytics.app com.thesouledstore
07-25 14:52:33.316   779   856 E HfLooper: light_data = 1.000000, raw_data = 0.000000, ir_data =14.000000, gain =1
07-25 14:52:33.321  1557  3289 D CompatChangeReporter: Compat change id reported: 261072174; UID 10221; state: ENABLED
07-25 14:52:33.398 17194 17194 D nativeloader: Load /data/app/~~3dlD1YotCp9fcsKgs9626g==/com.thesouledstore-atGeqCemiDGs5bYJQhjQ0A==/split_config.arm64_v8a.apk!/lib/arm64-v8a/libhermes.so using ns clns-7 from class loader (caller=/data/app/~~3dlD1YotCp9fcsKgs9626g==/com.thesouledstore-atGeqCemiDGs5bYJQhjQ0A==/base.apk!classes2.dex): ok
07-25 14:52:33.415   779   856 E HfLooper: light_data = 1.000000, raw_data = 0.000000, ir_data =14.000000, gain =1
07-25 14:52:33.432 17194 17194 D nativeloader: Load /data/app/~~3dlD1YotCp9fcsKgs9626g==/com.thesouledstore-atGeqCemiDGs5bYJQhjQ0A==/split_config.arm64_v8a.apk!/lib/arm64-v8a/libhermes_executor.so using ns clns-7 from class loader (caller=/data/app/~~3dlD1YotCp9fcsKgs9626g==/com.thesouledstore-atGeqCemiDGs5bYJQhjQ0A==/base.apk!classes2.dex): ok
07-25 14:52:33.437  1557  1780 I MiuiNetworkPolicy: updateUidState uid = 10221, uidState = 8
07-25 14:52:33.438  1557  1575 E ApplicationHelper: Fail to get PackageManager
07-25 14:52:33.439  1557  1682 W JobServiceContext: Sending onNetworkChanged for a job that isn't started. JobStatus{250568 #u0a221/90003 com.thesouledstore/com.moengage.core.internal.data.reports.DataSyncJob u=0 s=10221 TIME=-1s639ms:+29m58s361ms NET READY}
07-25 14:52:33.442 17194 17194 W libc    : Access denied finding property "ro.vendor.perf.scroll_opt"
07-25 14:52:33.448 17194 17194 D nativeloader: Load libpowerhalwrap_jni.so using system ns (caller=/system_ext/framework/mediatek-framework.jar): ok
07-25 14:52:33.449 17194 17194 I PowerHalWrapper: PowerHalWrapper.getInstance
07-25 14:52:33.449 17194 17194 I M-ProMotion: M-ProMotion is disabled
07-25 14:52:33.463  1557  1575 E ApplicationHelper: Fail to get PackageManager
07-25 14:52:33.463  1557  1575 E ApplicationHelper: Fail to get PackageManager
07-25 14:52:33.484 17194 17299 D CompatChangeReporter: Compat change id reported: 253665015; UID 10221; state: ENABLED
07-25 14:52:33.486   814  1253 D AudioFlinger: updateActiveAudioState mLastActiveAudioState=1 isActiveAudio=1
07-25 14:52:33.487  1557  2387 D CompatChangeReporter: Compat change id reported: 253665015; UID 10221; state: ENABLED
07-25 14:52:33.493   814  1254 D AudioFlinger: updateActiveAudioState mLastActiveAudioState=1 isActiveAudio=1
07-25 14:52:33.495   814  1250 D AudioFlinger: updateActiveAudioState mLastActiveAudioState=1 isActiveAudio=1
07-25 14:52:33.497  1557  2232 I whetstone.activity: Power Event callback listener is empty for resId=256
07-25 14:52:33.497  1557  2232 D BatteryStatsManagerStub: notifyEvent for resId=256 used 0ms
07-25 14:52:33.499   814  1257 D AudioFlinger: updateActiveAudioState mLastActiveAudioState=1 isActiveAudio=1
07-25 14:52:33.502  1557  1780 I MiuiNetworkPolicy: updateUidState uid = 10221, uidState = 10
07-25 14:52:33.502  1557  1575 E ApplicationHelper: Fail to get PackageManager
07-25 14:52:33.502  1557  2232 W JobScheduler: Job didn't exist in JobStore:
07-25 14:52:33.502  1557  1575 E ApplicationHelper: Fail to get PackageManager
07-25 14:52:33.506  1557  1780 I MiuiNetworkPolicy: updateUidState uid = 10221, uidState = 19
07-25 14:52:33.507  1557  1575 E ApplicationHelper: Fail to get PackageManager
07-25 14:52:33.507  1557  1575 E ApplicationHelper: Fail to get PackageManager
07-25 14:52:33.509   814  1251 D AudioFlinger: updateActiveAudioState mLastActiveAudioState=1 isActiveAudio=0
07-25 14:52:33.515   779   856 E HfLooper: light_data = 1.000000, raw_data = 0.000000, ir_data =14.000000, gain =1
07-25 14:52:33.530 17189 17249 D AdvertisingIdClient: Creating AdvertisingIdClient
07-25 14:52:33.530 17189 17249 D AdvertisingIdClient: AdvertisingIdClient already created.
07-25 14:52:33.531 17189 17249 D AdvertisingIdClient: AdvertisingIdClient is not bounded. Starting to bind it...
07-25 14:52:33.537 17189 17249 D AdvertisingIdClient: AdvertisingIdClient is bounded
07-25 14:52:33.540 17189 17249 I AdvertisingIdClient: shouldSendLog -1
07-25 14:52:33.541 17189 17249 I AdvertisingIdClient: GetInfoInternal elapse 10ms
07-25 14:52:33.545 17189 17189 I AdvertisingIdClient: getting error as 17: API: ClientTelemetry.API is not available on this device. Connection failed with: ConnectionResult{statusCode=API_DISABLED_FOR_CONNECTION, resolution=null, message=null}
07-25 14:52:33.553  1557  1575 E ApplicationHelper: Fail to get PackageManager
07-25 14:52:33.553  1557  1575 E ApplicationHelper: Fail to get PackageManager
07-25 14:52:33.616   779   856 E HfLooper: light_data = 1.000000, raw_data = 0.000000, ir_data =14.000000, gain =1
07-25 14:52:33.657   791   890 I libPerfCtl: xgfGetFPS pid:2127 fps:-1
07-25 14:52:33.657   791   890 I libPerfCtl: xgfGetFPS pid:2134 fps:-1
07-25 14:52:33.657   791   890 I libPerfCtl: xgfGetFPS pid:13358 fps:-1
07-25 14:52:33.716   779   856 E HfLooper: light_data = 1.000000, raw_data = 0.000000, ir_data =14.000000, gain =1
07-25 14:52:33.754   774   774 I hwcomposer: [HWCDisplay] [Display_0 (type:1, mode:2)] fps:5.887990,dur:1019.02,max:449.17,min:69.65
07-25 14:52:33.756   831   831 I MI-SF   : surfaceflinger setAffinity mode=0
07-25 14:52:33.757   831   831 E MI-SF   : surfaceflinger setAffinity success
07-25 14:52:33.815   774  1369 I hwcomposer: [HWC] (0)fire a callback of refresh to SF[4]
07-25 14:52:33.816   779   856 E HfLooper: light_data = 1.000000, raw_data = 0.000000, ir_data =14.000000, gain =1
07-25 14:52:33.826   831   831 I BufferQueueProducer: [FramebufferSurface](this:0xb40000799c39e710,id:-1,api:1,p:831,c:831) queueBuffer: fps=2.94 dur=1020.67 max=521.37 min=150.25
07-25 14:52:33.829   831   831 I MI-SF   : surfaceflinger setAffinity mode=1
07-25 14:52:33.830   831   831 E MI-SF   : surfaceflinger setAffinity success
07-25 14:52:33.830   831   831 I MI-SF   : surfaceflinger setreAffinity reTid=1042
07-25 14:52:33.830   831   831 E MI-SF   : surfaceflinger setAffinity success
07-25 14:52:33.873  2119  2119 W Settings: Setting airplane_mode_on has moved from android.provider.Settings.System to android.provider.Settings.Global, returning read-only value.
07-25 14:52:33.885  2119  2119 W Settings: Setting airplane_mode_on has moved from android.provider.Settings.System to android.provider.Settings.Global, returning read-only value.
07-25 14:52:33.912  1557  1616 D BatteryStatsImpl: status:2, plugType:2, level:85, chargeUah:4089350
07-25 14:52:33.912  1557  1616 D BatteryStatsImpl: mOnBattery:false, mBatteryChargeUah:4089350, mBatteryStatus:2
07-25 14:52:33.913  1557  1616 D BatteryStatsImpl: status:2, plugType:2, level:85, chargeUah:4089350
07-25 14:52:33.913  1557  1616 D BatteryStatsImpl: mOnBattery:false, mBatteryChargeUah:4089350, mBatteryStatus:2
07-25 14:52:33.916   779   856 E HfLooper: light_data = 1.000000, raw_data = 0.000000, ir_data =14.000000, gain =1
07-25 14:52:33.931 22587 22587 I PowerSaveService: onReceive: android.intent.action.BATTERY_CHANGED
07-25 14:52:33.933 22587 22587 I PowerNoticeUI: handleBatteryChanged oldPlugType 2 mPlugType 2 oldBatteryLevel 85 mBatteryLevel 85 temperature 380
