07-25 14:52:25.580  1557  3771 D WindowManager: wms.finishDrawingLocked: mDrawState=COMMIT_DRAW_PENDING Window{231a6a7 u0 com.whatsapp/com.whatsapp.Conversation} in Surface(name=com.whatsapp/com.whatsapp.Conversation#69393)/@0xcdac39f
07-25 14:52:25.581  1557  1591 D WindowManager:  applyPostLayoutPolicyLw modify AppearanceRegion  win = Window{1274d1 u0 com.whatsapp/com.whatsapp.home.ui.HomeActivity} isEnable = false appearance = 0 getRecordAppearance() = 0
07-25 14:52:25.581  1557  1591 D MiuiRefreshRatePolicy: reset
07-25 14:52:25.582  1557  1591 I WindowManager: wms.showSurfaceRobustly mWin:Window{231a6a7 u0 com.whatsapp/com.whatsapp.Conversation}
07-25 14:52:25.583  1557  1591 E TransitionController: Collecting Transition (#5431) is not collecting. state=2
07-25 14:52:25.583  1557  1591 E TransitionController: android.util.Log$TerribleFailure: Collecting Transition (#5431) is not collecting. state=2
07-25 14:52:25.583  1557  1591 E TransitionController:  at android.util.Log.wtf(Log.java:338)
07-25 14:52:25.583  1557  1591 E TransitionController:  at android.util.Slog.wtfStack(Slog.java:248)
07-25 14:52:25.583  1557  1591 E TransitionController:  at com.android.server.wm.TransitionController.getCollectingTransition(TransitionController.java:460)
07-25 14:52:25.583  1557  1591 E TransitionController:  at com.android.server.wm.Transition.calculateTargets(Transition.java:3112)
07-25 14:52:25.583  1557  1591 E TransitionController:  at com.android.server.wm.Transition.onTransactionReady(Transition.java:2162)
07-25 14:52:25.583  1557  1591 E TransitionController:  at com.android.server.wm.BLASTSyncEngine$SyncGroup.finishNow(BLASTSyncEngine.java:345)
07-25 14:52:25.583  1557  1591 E TransitionController:  at com.android.server.wm.BLASTSyncEngine$SyncGroup.tryFinish(BLASTSyncEngine.java:274)
07-25 14:52:25.583  1557  1591 E TransitionController:  at com.android.server.wm.BLASTSyncEngine$SyncGroup.-$$Nest$mtryFinish(Unknown Source:0)
07-25 14:52:25.583  1557  1591 E TransitionController:  at com.android.server.wm.BLASTSyncEngine.onSurfacePlacement(BLASTSyncEngine.java:674)
07-25 14:52:25.583  1557  1591 E TransitionController:  at com.android.server.wm.RootWindowContainer.performSurfacePlacementNoTrace(RootWindowContainer.java:944)
07-25 14:52:25.583  1557  1591 E TransitionController:  at com.android.server.wm.RootWindowContainer.performSurfacePlacement(RootWindowContainer.java:889)
07-25 14:52:25.583  1557  1591 E TransitionController:  at com.android.server.wm.WindowSurfacePlacer.performSurfacePlacementLoop(WindowSurfacePlacer.java:200)
07-25 14:52:25.583  1557  1591 E TransitionController:  at com.android.server.wm.WindowSurfacePlacer.performSurfacePlacement(WindowSurfacePlacer.java:149)
07-25 14:52:25.583  1557  1591 E TransitionController:  at com.android.server.wm.WindowSurfacePlacer.performSurfacePlacement(WindowSurfacePlacer.java:138)
07-25 14:52:25.583  1557  1591 E TransitionController:  at com.android.server.wm.WindowSurfacePlacer$Traverser.run(WindowSurfacePlacer.java:80)
07-25 14:52:25.583  1557  1591 E TransitionController:  at android.os.Handler.handleCallback(Handler.java:959)
07-25 14:52:25.583  1557  1591 E TransitionController:  at android.os.Handler.dispatchMessage(Handler.java:100)
07-25 14:52:25.583  1557  1591 E TransitionController:  at android.os.Looper.loopOnce(Looper.java:249)
07-25 14:52:25.583  1557  1591 E TransitionController:  at android.os.Looper.loop(Looper.java:337)
07-25 14:52:25.583  1557  1591 E TransitionController:  at android.os.HandlerThread.run(HandlerThread.java:85)
07-25 14:52:25.583  1557  1591 E TransitionController:  at com.android.server.ServiceThread.run(ServiceThread.java:46)
07-25 14:52:25.584  1557  1591 E TransitionController: Collecting Transition (#5431) is not collecting. state=2
07-25 14:52:25.584  1557  1591 E TransitionController: android.util.Log$TerribleFailure: Collecting Transition (#5431) is not collecting. state=2
07-25 14:52:25.584  1557  1591 E TransitionController:  at android.util.Log.wtf(Log.java:338)
07-25 14:52:25.584  1557  1591 E TransitionController:  at android.util.Slog.wtfStack(Slog.java:248)
07-25 14:52:25.584  1557  1591 E TransitionController:  at com.android.server.wm.TransitionController.getCollectingTransition(TransitionController.java:460)
07-25 14:52:25.584  1557  1591 E TransitionController:  at com.android.server.wm.Transition.calculateTargets(Transition.java:3112)
07-25 14:52:25.584  1557  1591 E TransitionController:  at com.android.server.wm.Transition.onTransactionReady(Transition.java:2162)
07-25 14:52:25.584  1557  1591 E TransitionController:  at com.android.server.wm.BLASTSyncEngine$SyncGroup.finishNow(BLASTSyncEngine.java:345)
07-25 14:52:25.584  1557  1591 E TransitionController:  at com.android.server.wm.BLASTSyncEngine$SyncGroup.tryFinish(BLASTSyncEngine.java:274)
07-25 14:52:25.584  1557  1591 E TransitionController:  at com.android.server.wm.BLASTSyncEngine$SyncGroup.-$$Nest$mtryFinish(Unknown Source:0)
07-25 14:52:25.584  1557  1591 E TransitionController:  at com.android.server.wm.BLASTSyncEngine.onSurfacePlacement(BLASTSyncEngine.java:674)
07-25 14:52:25.584  1557  1591 E TransitionController:  at com.android.server.wm.RootWindowContainer.performSurfacePlacementNoTrace(RootWindowContainer.java:944)
07-25 14:52:25.584  1557  1591 E TransitionController:  at com.android.server.wm.RootWindowContainer.performSurfacePlacement(RootWindowContainer.java:889)
07-25 14:52:25.584  1557  1591 E TransitionController:  at com.android.server.wm.WindowSurfacePlacer.performSurfacePlacementLoop(WindowSurfacePlacer.java:200)
07-25 14:52:25.584  1557  1591 E TransitionController:  at com.android.server.wm.WindowSurfacePlacer.performSurfacePlacement(WindowSurfacePlacer.java:149)
07-25 14:52:25.584  1557  1591 E TransitionController:  at com.android.server.wm.WindowSurfacePlacer.performSurfacePlacement(WindowSurfacePlacer.java:138)
07-25 14:52:25.584  1557  1591 E TransitionController:  at com.android.server.wm.WindowSurfacePlacer$Traverser.run(WindowSurfacePlacer.java:80)
07-25 14:52:25.584  1557  1591 E TransitionController:  at android.os.Handler.handleCallback(Handler.java:959)
07-25 14:52:25.584  1557  1591 E TransitionController:  at android.os.Handler.dispatchMessage(Handler.java:100)
07-25 14:52:25.584  1557  1591 E TransitionController:  at android.os.Looper.loopOnce(Looper.java:249)
07-25 14:52:25.584  1557  1591 E TransitionController:  at android.os.Looper.loop(Looper.java:337)
07-25 14:52:25.584  1557  1591 E TransitionController:  at android.os.HandlerThread.run(HandlerThread.java:85)
07-25 14:52:25.584  1557  1591 E TransitionController:  at com.android.server.ServiceThread.run(ServiceThread.java:46)
07-25 14:52:25.585  1557  1591 E TransitionController: Collecting Transition (#5431) is not collecting. state=2
07-25 14:52:25.585  1557  1591 E TransitionController: android.util.Log$TerribleFailure: Collecting Transition (#5431) is not collecting. state=2
07-25 14:52:25.585  1557  1591 E TransitionController:  at android.util.Log.wtf(Log.java:338)
07-25 14:52:25.585  1557  1591 E TransitionController:  at android.util.Slog.wtfStack(Slog.java:248)
07-25 14:52:25.585  1557  1591 E TransitionController:  at com.android.server.wm.TransitionController.getCollectingTransition(TransitionController.java:460)
07-25 14:52:25.585  1557  1591 E TransitionController:  at com.android.server.wm.Transition.calculateTargets(Transition.java:3112)
07-25 14:52:25.585  1557  1591 E TransitionController:  at com.android.server.wm.Transition.onTransactionReady(Transition.java:2162)
07-25 14:52:25.585  1557  1591 E TransitionController:  at com.android.server.wm.BLASTSyncEngine$SyncGroup.finishNow(BLASTSyncEngine.java:345)
07-25 14:52:25.585  1557  1591 E TransitionController:  at com.android.server.wm.BLASTSyncEngine$SyncGroup.tryFinish(BLASTSyncEngine.java:274)
07-25 14:52:25.585  1557  1591 E TransitionController:  at com.android.server.wm.BLASTSyncEngine$SyncGroup.-$$Nest$mtryFinish(Unknown Source:0)
07-25 14:52:25.585  1557  1591 E TransitionController:  at com.android.server.wm.BLASTSyncEngine.onSurfacePlacement(BLASTSyncEngine.java:674)
07-25 14:52:25.585  1557  1591 E TransitionController:  at com.android.server.wm.RootWindowContainer.performSurfacePlacementNoTrace(RootWindowContainer.java:944)
07-25 14:52:25.585  1557  1591 E TransitionController:  at com.android.server.wm.RootWindowContainer.performSurfacePlacement(RootWindowContainer.java:889)
07-25 14:52:25.585  1557  1591 E TransitionController:  at com.android.server.wm.WindowSurfacePlacer.performSurfacePlacementLoop(WindowSurfacePlacer.java:200)
07-25 14:52:25.585  1557  1591 E TransitionController:  at com.android.server.wm.WindowSurfacePlacer.performSurfacePlacement(WindowSurfacePlacer.java:149)
07-25 14:52:25.585  1557  1591 E TransitionController:  at com.android.server.wm.WindowSurfacePlacer.performSurfacePlacement(WindowSurfacePlacer.java:138)
07-25 14:52:25.585  1557  1591 E TransitionController:  at com.android.server.wm.WindowSurfacePlacer$Traverser.run(WindowSurfacePlacer.java:80)
07-25 14:52:25.585  1557  1591 E TransitionController:  at android.os.Handler.handleCallback(Handler.java:959)
07-25 14:52:25.585  1557  1591 E TransitionController:  at android.os.Handler.dispatchMessage(Handler.java:100)
07-25 14:52:25.585  1557  1591 E TransitionController:  at android.os.Looper.loopOnce(Looper.java:249)
07-25 14:52:25.585  1557  1591 E TransitionController:  at android.os.Looper.loop(Looper.java:337)
07-25 14:52:25.585  1557  1591 E TransitionController:  at android.os.HandlerThread.run(HandlerThread.java:85)
07-25 14:52:25.585  1557  1591 E TransitionController:  at com.android.server.ServiceThread.run(ServiceThread.java:46)
07-25 14:52:25.586  1557  1591 D WindowManager: Final targets: [TaskFragment{34aabd7 mode=fullscreen}, ActivityRecord{ec26d98 u0 com.whatsapp/.home.ui.HomeActivity t809}]
07-25 14:52:25.587  2134  2134 D ArtChoreographerMonitor: invoke error.
07-25 14:52:25.588   831  1636 I BufferQueueDebug: [Transition Root #5431: TaskFragment{34aabd7 mode=fullscreen}#69396](this:0xb40000792c5a0a60,id:-1,api:0,p:-1,c:-1) BufferQueue core=(831:/system/bin/surfaceflinger)
07-25 14:52:25.591  1557  1591 E TransitionController: Collecting Transition (#5431) is not collecting. state=2
07-25 14:52:25.591  1557  1591 E TransitionController: android.util.Log$TerribleFailure: Collecting Transition (#5431) is not collecting. state=2
07-25 14:52:25.591  1557  1591 E TransitionController:  at android.util.Log.wtf(Log.java:338)
07-25 14:52:25.591  1557  1591 E TransitionController:  at android.util.Slog.wtfStack(Slog.java:248)
07-25 14:52:25.591  1557  1591 E TransitionController:  at com.android.server.wm.TransitionController.getCollectingTransition(TransitionController.java:460)
07-25 14:52:25.591  1557  1591 E TransitionController:  at com.android.server.wm.TaskDisplayArea.assignRootTaskOrdering(TaskDisplayArea.java:756)
07-25 14:52:25.591  1557  1591 E TransitionController:  at com.android.server.wm.TaskDisplayArea.assignRootTaskOrdering(TaskDisplayArea.java:724)
07-25 14:52:25.591  1557  1591 E TransitionController:  at com.android.server.wm.TaskDisplayArea.assignChildLayers(TaskDisplayArea.java:715)
07-25 14:52:25.591  1557  1591 E TransitionController:  at com.android.server.wm.WindowContainer.assignChildLayers(WindowContainer.java:2907)
07-25 14:52:25.591  1557  1591 E TransitionController:  at com.android.server.wm.WindowContainer.assignChildLayers(WindowContainer.java:2907)
07-25 14:52:25.591  1557  1591 E TransitionController:  at com.android.server.wm.WindowContainer.assignChildLayers(WindowContainer.java:2907)
07-25 14:52:25.591  1557  1591 E TransitionController:  at com.android.server.wm.WindowContainer.assignChildLayers(WindowContainer.java:2907)
07-25 14:52:25.591  1557  1591 E TransitionController:  at com.android.server.wm.WindowContainer.assignChildLayers(WindowContainer.java:2907)
07-25 14:52:25.591  1557  1591 E TransitionController:  at com.android.server.wm.DisplayContent.assignChildLayers(DisplayContent.java:6139)
07-25 14:52:25.591  1557  1591 E TransitionController:  at com.android.server.wm.Transition.assignLayers(Transition.java:1286)
07-25 14:52:25.591  1557  1591 E TransitionController:  at com.android.server.wm.Transition.calculateTransitionRoots(Transition.java:3313)
07-25 14:52:25.591  1557  1591 E TransitionController:  at com.android.server.wm.Transition.calculateTransitionInfo(Transition.java:3367)
07-25 14:52:25.591  1557  1591 E TransitionController:  at com.android.server.wm.Transition.onTransactionReady(Transition.java:2171)
07-25 14:52:25.591  1557  1591 E TransitionController:  at com.android.server.wm.BLASTSyncEngine$SyncGroup.finishNow(BLASTSyncEngine.java:345)
07-25 14:52:25.591  1557  1591 E TransitionController:  at com.android.server.wm.BLASTSyncEngine$SyncGroup.tryFinish(BLASTSyncEngine.java:274)
07-25 14:52:25.591  1557  1591 E TransitionController:  at com.android.server.wm.BLASTSyncEngine$SyncGroup.-$$Nest$mtryFinish(Unknown Source:0)
07-25 14:52:25.591  1557  1591 E TransitionController:  at com.android.server.wm.BLASTSyncEngine.onSurfacePlacement(BLASTSyncEngine.java:674)
07-25 14:52:25.591  1557  1591 E TransitionController:  at com.android.server.wm.RootWindowContainer.performSurfacePlacementNoTrace(RootWindowContainer.java:944)
07-25 14:52:25.591  1557  1591 E TransitionController:  at com.android.server.wm.RootWindowContainer.performSurfacePlacement(RootWindowContainer.java:889)
07-25 14:52:25.591  1557  1591 E TransitionController:  at com.android.server.wm.WindowSurfacePlacer.performSurfacePlacementLoop(WindowSurfacePlacer.java:200)
07-25 14:52:25.591  1557  1591 E TransitionController:  at com.android.server.wm.WindowSurfacePlacer.performSurfacePlacement(WindowSurfacePlacer.java:149)
07-25 14:52:25.591  1557  1591 E TransitionController:  at com.android.server.wm.WindowSurfacePlacer.performSurfacePlacement(WindowSurfacePlacer.java:138)
07-25 14:52:25.591  1557  1591 E TransitionController:  at com.android.server.wm.WindowSurfacePlacer$Traverser.run(WindowSurfacePlacer.java:80)
07-25 14:52:25.591  1557  1591 E TransitionController:  at android.os.Handler.handleCallback(Handler.java:959)
07-25 14:52:25.591  1557  1591 E TransitionController:  at android.os.Handler.dispatchMessage(Handler.java:100)
07-25 14:52:25.591  1557  1591 E TransitionController:  at android.os.Looper.loopOnce(Looper.java:249)
07-25 14:52:25.591  1557  1591 E TransitionController:  at android.os.Looper.loop(Looper.java:337)
07-25 14:52:25.591  1557  1591 E TransitionController:  at android.os.HandlerThread.run(HandlerThread.java:85)
07-25 14:52:25.591  1557  1591 E TransitionController:  at com.android.server.ServiceThread.run(ServiceThread.java:46)
07-25 14:52:25.592  1557  1591 E TransitionController: Collecting Transition (#5431) is not collecting. state=2
07-25 14:52:25.592  1557  1591 E TransitionController: android.util.Log$TerribleFailure: Collecting Transition (#5431) is not collecting. state=2
07-25 14:52:25.592  1557  1591 E TransitionController:  at android.util.Log.wtf(Log.java:338)
07-25 14:52:25.592  1557  1591 E TransitionController:  at android.util.Slog.wtfStack(Slog.java:248)
07-25 14:52:25.592  1557  1591 E TransitionController:  at com.android.server.wm.TransitionController.getCollectingTransition(TransitionController.java:460)
07-25 14:52:25.592  1557  1591 E TransitionController:  at com.android.server.wm.TaskDisplayArea.assignRootTaskOrdering(TaskDisplayArea.java:756)
07-25 14:52:25.592  1557  1591 E TransitionController:  at com.android.server.wm.Transition.lambda$assignLayers$4(Transition.java:1290)
07-25 14:52:25.592  1557  1591 E TransitionController:  at com.android.server.wm.Transition$$ExternalSyntheticLambda10.accept(D8$$SyntheticClass:0)
07-25 14:52:25.592  1557  1591 E TransitionController:  at com.android.server.wm.TaskDisplayArea.forAllTaskDisplayAreas(TaskDisplayArea.java:510)
07-25 14:52:25.592  1557  1591 E TransitionController:  at com.android.server.wm.DisplayArea.forAllTaskDisplayAreas(DisplayArea.java:568)
07-25 14:52:25.592  1557  1591 E TransitionController:  at com.android.server.wm.DisplayArea.forAllTaskDisplayAreas(DisplayArea.java:568)
07-25 14:52:25.592  1557  1591 E TransitionController:  at com.android.server.wm.DisplayArea.forAllTaskDisplayAreas(DisplayArea.java:568)
07-25 14:52:25.592  1557  1591 E TransitionController:  at com.android.server.wm.DisplayArea.forAllTaskDisplayAreas(DisplayArea.java:568)
07-25 14:52:25.592  1557  1591 E TransitionController:  at com.android.server.wm.DisplayArea.forAllTaskDisplayAreas(DisplayArea.java:568)
07-25 14:52:25.592  1557  1591 E TransitionController:  at com.android.server.wm.WindowContainer.forAllTaskDisplayAreas(WindowContainer.java:2599)
07-25 14:52:25.592  1557  1591 E TransitionController:  at com.android.server.wm.Transition.assignLayers(Transition.java:1289)
07-25 14:52:25.592  1557  1591 E TransitionController:  at com.android.server.wm.Transition.calculateTransitionRoots(Transition.java:3313)
07-25 14:52:25.592  1557  1591 E TransitionController:  at com.android.server.wm.Transition.calculateTransitionInfo(Transition.java:3367)
07-25 14:52:25.592  1557  1591 E TransitionController:  at com.android.server.wm.Transition.onTransactionReady(Transition.java:2171)
07-25 14:52:25.592  1557  1591 E TransitionController:  at com.android.server.wm.BLASTSyncEngine$SyncGroup.finishNow(BLASTSyncEngine.java:345)
07-25 14:52:25.592  1557  1591 E TransitionController:  at com.android.server.wm.BLASTSyncEngine$SyncGroup.tryFinish(BLASTSyncEngine.java:274)
07-25 14:52:25.592  1557  1591 E TransitionController:  at com.android.server.wm.BLASTSyncEngine$SyncGroup.-$$Nest$mtryFinish(Unknown Source:0)
07-25 14:52:25.592  1557  1591 E TransitionController:  at com.android.server.wm.BLASTSyncEngine.onSurfacePlacement(BLASTSyncEngine.java:674)
07-25 14:52:25.592  1557  1591 E TransitionController:  at com.android.server.wm.RootWindowContainer.performSurfacePlacementNoTrace(RootWindowContainer.java:944)
07-25 14:52:25.592  1557  1591 E TransitionController:  at com.android.server.wm.RootWindowContainer.performSurfacePlacement(RootWindowContainer.java:889)
07-25 14:52:25.592  1557  1591 E TransitionController:  at com.android.server.wm.WindowSurfacePlacer.performSurfacePlacementLoop(WindowSurfacePlacer.java:200)
07-25 14:52:25.592  1557  1591 E TransitionController:  at com.android.server.wm.WindowSurfacePlacer.performSurfacePlacement(WindowSurfacePlacer.java:149)
07-25 14:52:25.592  1557  1591 E TransitionController:  at com.android.server.wm.WindowSurfacePlacer.performSurfacePlacement(WindowSurfacePlacer.java:138)
07-25 14:52:25.592  1557  1591 E TransitionController:  at com.android.server.wm.WindowSurfacePlacer$Traverser.run(WindowSurfacePlacer.java:80)
07-25 14:52:25.592  1557  1591 E TransitionController:  at android.os.Handler.handleCallback(Handler.java:959)
07-25 14:52:25.592  1557  1591 E TransitionController:  at android.os.Handler.dispatchMessage(Handler.java:100)
07-25 14:52:25.592  1557  1591 E TransitionController:  at android.os.Looper.loopOnce(Looper.java:249)
07-25 14:52:25.592  1557  1591 E TransitionController:  at android.os.Looper.loop(Looper.java:337)
07-25 14:52:25.592  1557  1591 E TransitionController:  at android.os.HandlerThread.run(HandlerThread.java:85)
07-25 14:52:25.592  1557  1591 E TransitionController:  at com.android.server.ServiceThread.run(ServiceThread.java:46)
07-25 14:52:25.596  1557  1591 D WindowManager:  applyPostLayoutPolicyLw modify AppearanceRegion  win = Window{231a6a7 u0 com.whatsapp/com.whatsapp.Conversation} isEnable = false appearance = 0 getRecordAppearance() = 0
07-25 14:52:25.596  1557  1591 D MiuiRefreshRatePolicy: reset
07-25 14:52:25.597  1557  1575 I ActivityTaskManager: Displayed com.whatsapp/.Conversation for user 0: +643ms
07-25 14:52:25.599   831  2342 I BufferQueueDebug: [55c732e ActivityRecordInputSink com.whatsapp/.Conversation#69397](this:0xb40000792c61daa0,id:-1,api:0,p:-1,c:-1) BufferQueue core=(831:/system/bin/surfaceflinger)
07-25 14:52:25.601  2127  2230 I ShellTransitions: Is abandon offsetY: false
07-25 14:52:25.601  2127  2230 I ShellTransitions: Is abandon offsetY: false
07-25 14:52:25.602  2127  2230 D MiuiFreeformModeAnimation: startAnimation change: {WCT{android.window.IWindowContainerToken$Stub$Proxy@e30f519} m=OPEN f=IN_TASK_WITH_EMBEDDED_ACTIVITY|FILLS_TASK leash=Surface(name=TaskFragment{34aabd7 mode=fullscreen}#69390)/@0x5a53692 sb=Rect(0, 0 - 720, 1600) eb=Rect(0, 0 - 720, 1600) d=0 bc=ff303030} info.getType(): 1
07-25 14:52:25.602  2127  2230 D MiuiFreeformModeAnimation: startAnimation change: {null m=TO_BACK f=IN_TASK_WITH_EMBEDDED_ACTIVITY|FILLS_TASK leash=Surface(name=ActivityRecord{ec26d98 u0 com.whatsapp/.home.ui.HomeActivity t809}#69344)/@0x4e4e863 sb=Rect(0, 0 - 720, 1600) eb=Rect(0, 0 - 720, 1600) d=0 bc=ff303030 lastParent=WCT{android.window.IWindowContainerToken$Stub$Proxy@fdc29de} component=com.whatsapp/.home.ui.HomeActivity} info.getType(): 1
07-25 14:52:25.602  2127  2230 D SoScStageCoordinator: inCloseTransition:false pairsStartedWithCloseTransition:false isRequestCloseTriggerTask:false inSingleSoScState:false inSoScUnactivie:true closeStage:null
07-25 14:52:25.603  1557  1572 W UserManagerService: Requested status bar icon for non-badged user 0
07-25 14:52:25.605  2127  2230 D TransitionAnimationHelper:  load default animation  type = 1 enter = false animAttr = 5 isTask = false translucent = false
07-25 14:52:25.606   831  2342 I BufferQueueDebug: [DefaultTransition Dim Layer for - Surface(name=ActivityRecord{ec26d98 u0 com.whatsapp/.home.ui.HomeActivity t809}#69344)/@0x4e4e863#69398](this:0xb40000792c62b8e0,id:-1,api:0,p:-1,c:-1) BufferQueue core=(831:/system/bin/surfaceflinger)
07-25 14:52:25.608   831  2342 I BufferQueueDebug: [Transition ActivityWrap: {com.whatsapp/com.whatsapp.home.ui.HomeActivity}#69399](this:0xb40000792c5dbaf0,id:-1,api:0,p:-1,c:-1) BufferQueue core=(831:/system/bin/surfaceflinger)
07-25 14:52:25.609  2127  2230 D TransitionAnimationHelper:  load default animation  type = 1 enter = true animAttr = 4 isTask = false translucent = false
07-25 14:52:25.611  2127  2280 D ShellTransitions: speed ui!!!!!!!!!!!
07-25 14:52:25.612  1557  1858 E HyperSentinel: -------------------------------------------------------
07-25 14:52:25.612  1557  1858 E HyperSentinel: Event_ThreadAmount
07-25 14:52:25.612  1557  1858 E HyperSentinel: -> audit event by proc 16382 "app.zophop": running threads amount, 0 -> 82
07-25 14:52:25.614   779   856 E HfLooper: light_data = 1.000000, raw_data = 0.000000, ir_data =14.000000, gain =1
07-25 14:52:25.620  2127  2280 D ArtChoreographerMonitor: invoke error.
07-25 14:52:25.624   831  1636 I SurfaceFlinger: onHandleDestroyed: name=Surface(name=2345e44 NavigationBar0#110)/@0xb13a862 - animation-leash of insets_animation#69381, layerId=69381, parentId=0
07-25 14:52:25.624   831  1035 I SurfaceFlinger: onHandleDestroyed: name=Surface(name=d842059 StatusBar#114)/@0x84d6915 - animation-leash of insets_animation#69382, layerId=69382, parentId=0
07-25 14:52:25.630   831   831 I BufferQueueDebug: [Surface(name=d842059 StatusBar#114)/@0x84d6915 - animation-leash of insets_animation#69382](this:0xb40000792c569160,id:-1,api:0,p:-1,c:831) onDestructor()
07-25 14:52:25.630   831   831 I BufferQueueDebug: [Surface(name=2345e44 NavigationBar0#110)/@0xb13a862 - animation-leash of insets_animation#69381](this:0xb40000792c5f3fe0,id:-1,api:0,p:-1,c:831) onDestructor()
07-25 14:52:25.635  2119  2547 D FiveGPowerController: Screen is on
07-25 14:52:25.636  2119  2547 D FiveGPowerController: screen state delay, oldScreenOn: true, currentScreenOn: true
07-25 14:52:25.644   831   831 I BufferQueueProducer: [FramebufferSurface](this:0xb40000799c39e710,id:-1,api:1,p:831,c:831) queueBuffer: fps=14.69 dur=1565.87 max=842.40 min=7.78
07-25 14:52:25.645   831   831 I MI-SF   : surfaceflinger setAffinity mode=1
07-25 14:52:25.645   831   831 E MI-SF   : surfaceflinger setAffinity success
07-25 14:52:25.645   831   831 I MI-SF   : surfaceflinger setreAffinity reTid=1042
07-25 14:52:25.645   831   831 E MI-SF   : surfaceflinger setAffinity success
07-25 14:52:25.651   791   890 I libPerfCtl: xgfGetFPS pid:1956 fps:-1
07-25 14:52:25.651   791   890 I libPerfCtl: xgfGetFPS pid:2127 fps:-1
07-25 14:52:25.653  2119  2547 D FiveGPowerController: screen state delay, isFivegModeEnabled: true, isMobileDataEnabled: true, mIsMobileConnected: true
07-25 14:52:25.656  2119  2547 D FiveGPowerController: changeEnableEndcStatus enabled=true; scene=SCREEN; phoneId=1
07-25 14:52:25.656  2119  2547 D FiveGPowerController: forceEnableEndcByPolicy rst[false], misFivegModeEnabled[true], mIsTestApp[false]], isNetworkOptimization[false], mPowerOptimizationEnabled[true]
07-25 14:52:25.656  2119  2547 D FiveGPowerController: Screen is on
07-25 14:52:25.657  2119  2547 D FiveGPowerController: shouldEnableEndc rst[true], mPowerOptimizationEnabled[true], mFiveGHostedModeEnabled[false], deviceRst[true], appRst[true], dataEnable[true], screenOn[true], wifi[false], coexistence[-1], misFivegModeEnabled[true], mGameRst[true], isNetworkOptimization[false], mNsaThermalFlag[false], mIsWechatVoipPreferForLte[false]
07-25 14:52:25.657  2119  2547 D FiveGPowerController: execNsaOptimization enableEndc=true; enabled=true; scene=SCREEN; mEndcPowerEnabled[1]=false; ssr=false; silentSa=false; phoneId=1
07-25 14:52:25.658  2119  2547 D FiveGPowerController: bindServiceAndEnableEndc enableEndc: true, phoneId = 0
07-25 14:52:25.658  1557  3771 D FileUtils: Rounded bytes from 3762401280 to 4000000000
07-25 14:52:25.659   791   890 I libPerfCtl: xgfGetFPS pid:2134 fps:-1
07-25 14:52:25.659   791   890 I libPerfCtl: xgfGetFPS pid:8209 fps:-1
07-25 14:52:25.659   791   890 I libPerfCtl: xgfGetFPS pid:13358 fps:-1
07-25 14:52:25.660 13358 13358 I HandWritingStubImpl: refreshLastKeyboardType: 1
07-25 14:52:25.660  1557  3771 D FileUtils: Rounded bytes from 3762401280 to 4000000000
07-25 14:52:25.662  2119  2547 D FiveGPowerController: bindServiceAndEnableEndc enableEndc: true, phoneId = 1
07-25 14:52:25.665 13358 13358 I HandWritingStubImpl: getCurrentKeyboardType: 1
07-25 14:52:25.675  1557  1572 D WindowManager:  applyPostLayoutPolicyLw modify AppearanceRegion  win = Window{231a6a7 u0 com.whatsapp/com.whatsapp.Conversation} isEnable = false appearance = 0 getRecordAppearance() = 0
07-25 14:52:25.676  1557  1572 D MiuiRefreshRatePolicy: reset
07-25 14:52:25.702 31861 32044 I AiAiTextClassifier: Initialize textClassifierLib, privileged changed = [true], TC null = [false]
07-25 14:52:25.715   779   856 E HfLooper: light_data = 1.000000, raw_data = 0.000000, ir_data =14.000000, gain =1
07-25 14:52:25.716 22543 22543 I GoogleInputMethodService: GoogleInputMethodService.onFinishInput():2045
07-25 14:52:25.718   831  1035 I BufferQueueDebug: [Surface(name=2a3f938 InputMethod#32309)/@0xa3d664e - animation-leash of insets_animation#69400](this:0xb40000792c6553a0,id:-1,api:0,p:-1,c:-1) BufferQueue core=(831:/system/bin/surfaceflinger)
07-25 14:52:25.724 22543 22543 I Module  : DeviceLockedStatusModuleProvider$Module.updateDeviceLockedStatus():100 repeatCheckTimes = 0, locked = false
07-25 14:52:25.725  1557  1591 D WindowManager:  applyPostLayoutPolicyLw modify AppearanceRegion  win = Window{231a6a7 u0 com.whatsapp/com.whatsapp.Conversation} isEnable = false appearance = 0 getRecordAppearance() = 0
07-25 14:52:25.725 22543 22543 I GoogleInputMethodService: GoogleInputMethodService.onStartInput():1311 onStartInput(EditorInfo{EditorInfo{packageName=com.whatsapp, inputType=2c001, inputTypeString=Normal[MultiLine|CapSentences|AutoCorrect], enableLearning=true, autoCorrection=true, autoComplete=true, imeOptions=40000006, privateImeOptions=null, actionName=DONE, actionLabel=null, initialSelStart=0, initialSelEnd=0, initialCapsMode=2000, label=null, fieldId=2131430843, fieldName=null, extras=Bundle[mParcelledData.dataSize=236], hintText=null, hintLocales=[]}}, false)
07-25 14:52:25.725  1557  1591 D MiuiRefreshRatePolicy: reset
07-25 14:52:25.728 22543 22543 I Module  : DeviceLockedStatusModuleProvider$Module.updateDeviceLockedStatus():100 repeatCheckTimes = 1, locked = false
07-25 14:52:25.729  1557  1572 W PackageConfigPersister: App-specific configuration not found for packageName: com.whatsapp and userId: 0
07-25 14:52:25.745   831  2342 I SurfaceFlinger: onHandleDestroyed: name=Surface(name=2a3f938 InputMethod#32309)/@0xa3d664e - animation-leash of insets_animation#69387, layerId=69387, parentId=0
07-25 14:52:25.747  2127  2127 D Utilities:  oldHints : 0 backDisposition : 0 imeShown : false hints 0
07-25 14:52:25.747  1557  1572 I PowerHalWrapper: amsBoostStop AMS_BOOST_PACK_SWITCH:true, AMS_BOOST_ACT_SWITCH:false, AMS_BOOST_PROCESS_CREATE:false, AMS_BOOST_PROCESS_CREATE_FOR_GAME:false, AMS_BOOST_HOT_LAUNCH:false
07-25 14:52:25.748   792   821 I mtkpower@impl: [mtkPowerHint] hint:22, hold:500, ext:30, ext_hold:1500
07-25 14:52:25.749   792   975 I libPowerHal: [perfLockAcq] idx:1 hdl:353131 hint:22 pid:792 tid:792 duration:500 lock_user:mtkpower@1.0-se => ret_hdl:353131
07-25 14:52:25.749   792   975 I libPowerHal: [setClusterFreq] MTKPOWER_HINT_PACK_SWITCH set cpufreq[0] min:2000000 max:-1 cpufreq[1] min:2200000 max:-1
07-25 14:52:25.749   792   975 I libPowerHal: [set_kswapd_affinity] set affinity = 16129
07-25 14:52:25.749   792   975 I libPowerHal: [PE] MTKPOWER_HINT_PACK_SWITCH update ONESHOT(set) cmd:10000700 param:16129
07-25 14:52:25.749   792   825 I mtkpower@impl: [setMode] type:5, enabled:0
07-25 14:52:25.749   792   975 I libPowerHal: [perfLockRel] hdl:353130, idx:3
07-25 14:52:25.749   792   975 I libPowerHal: [PD] MTKPOWER_HINT_PACK_SWITCH update ONESHOT(unset) cmd:10000700 param:16129
07-25 14:52:25.750   792   975 I libPowerHal: [perfLockAcq] idx:2 hdl:353132 hint:30 pid:792 tid:792 duration:1500 lock_user:mtkpower@1.0-se => ret_hdl:353132
07-25 14:52:25.750   792   975 I libPowerHal: [PE] MTKPOWER_HINT_EXT_LAUNCH update cmd:2020000, param:31
07-25 14:52:25.751   792   975 I libPowerHal: [perfLockRel] hdl:353128, idx:0
07-25 14:52:25.751   792   975 I libPowerHal: [PD] LAUNCH update cmd:300c000 param:0
07-25 14:52:25.753   831   831 I BufferQueueDebug: [Surface(name=2a3f938 InputMethod#32309)/@0xa3d664e - animation-leash of insets_animation#69387](this:0xb40000792c643dd0,id:-1,api:0,p:-1,c:831) onDestructor()
07-25 14:52:25.813   774   774 I hwcomposer: [HWCDisplay] [Display_0 (type:1, mode:2)] fps:83.107170,dur:1010.74,max:52.43,min:7.26
07-25 14:52:25.816   779   856 E HfLooper: light_data = 1.000000, raw_data = 0.000000, ir_data =14.000000, gain =1
07-25 14:52:25.859  1331  1405 D connsyslogger: data recycle:time out
07-25 14:52:25.859  1331  1405 D connsyslogger: idx=0 Bootup Log: 2 log files! filecount=3
07-25 14:52:25.914   779   856 E HfLooper: light_data = 1.000000, raw_data = 0.000000, ir_data =14.000000, gain =1
07-25 14:52:25.914  1198  1781 D AALLightSensor: oldLux=1 [SA:-1 LA:-1] newLux=1 (oriLux: 1)
07-25 14:52:25.915  1557  1572 I whetstone.activity: Power Event callback listener is empty for resId=256
07-25 14:52:25.915  1557  1572 D BatteryStatsManagerStub: notifyEvent for resId=256 used 1ms
07-25 14:52:25.920  1557  1780 I MiuiNetworkPolicy: updateUidState uid = 10327, uidState = 10
07-25 14:52:25.921  1557  1575 E ApplicationHelper: Fail to get PackageManager
07-25 14:52:25.926  1557  1575 E ApplicationHelper: Fail to get PackageManager
07-25 14:52:25.930 16382 16411 D CompatChangeReporter: Compat change id reported: 253665015; UID 10327; state: ENABLED
07-25 14:52:25.931  1557  1575 E ApplicationHelper: Fail to get PackageManager
07-25 14:52:25.932  1557  1780 I MiuiNetworkPolicy: updateUidState uid = 10327, uidState = 19
07-25 14:52:25.932  1557  1572 D CompatChangeReporter: Compat change id reported: 253665015; UID 10327; state: ENABLED
07-25 14:52:25.946  1557  1864 I DisplayModeDirectorImpl: SmartDisplayPolicyEnd
07-25 14:52:25.946   831  1035 D MI-SF   : updateScene: module = 268 (Unknown), value = 0, pkg = perf_interaction
07-25 14:52:25.947  1557  1590 D DisplayModeDirectorImpl: shouldInterceptUpdateDisplayModeSpecs:false
07-25 14:52:25.947  1557  1590 I DisplayModeDirectorImpl: onDesiredDisplayModeSpecsChanged:baseModeId=1 allowGroupSwitching=false primary=physical: (0.0 Infinity) render:  (0.0 90.0) appRequest=physical: (0.0 Infinity) render:  (0.0 90.0) idleScreenRefreshRateConfig=null noVotes=false
07-25 14:52:25.947  1557  1591 D WindowManager:  applyPostLayoutPolicyLw modify AppearanceRegion  win = Window{231a6a7 u0 com.whatsapp/com.whatsapp.Conversation} isEnable = false appearance = 0 getRecordAppearance() = 0
07-25 14:52:25.948  1557  1591 D MiuiRefreshRatePolicy: reset
07-25 14:52:25.950   831  2342 I SurfaceFlinger: setDesiredDisplayModeSpecs: calling_process=system_server
07-25 14:52:25.950   831  2342 D SurfaceFlinger: setDesiredDisplayModeSpecs: defaultMode：0 primaryRangesMin:0.000000 primaryRangesMax:90.000000appRequestRangesMin:0.000000 appRequestRangesMax:90.000000
07-25 14:52:25.951   831   831 I SurfaceFlinger: setDesiredDisplayModeSpecs: policy={defaultModeId=0, allowGroupSwitching=false, primaryRanges={physical=[0.00 Hz, inf Hz], render=[0.00 Hz, 90.00 Hz]}, appRequestRanges={physical=[0.00 Hz, inf Hz], render=[0.00 Hz, 90.00 Hz]} idleScreenConfig=nullptr}
07-25 14:52:25.951   831   831 I RefreshRateSelector: Display 4627039422300187648 policy changed
07-25 14:52:25.951   831   831 I RefreshRateSelector: Previous: {defaultModeId=0, allowGroupSwitching=false, primaryRanges={physical=[0.00 Hz, inf Hz], render=[0.00 Hz, 90.00 Hz]}, appRequestRanges={physical=[0.00 Hz, inf Hz], render=[0.00 Hz, 90.00 Hz]} idleScreenConfig=nullptr}
07-25 14:52:25.951   831   831 I RefreshRateSelector: Current:  DisplayManagerPolicy{defaultModeId=0, allowGroupSwitching=false, primaryRanges={physical=[0.00 Hz, inf Hz], render=[0.00 Hz, 90.00 Hz]}, appRequestRanges={physical=[0.00 Hz, inf Hz], render=[0.00 Hz, 90.00 Hz]} idleScreenConfig=nullptr}
07-25 14:52:25.951   831   831 I RefreshRateSelector: 0 mode changes were performed under the previous policy
07-25 14:52:25.951   831   831 D DisplayModeController: setDesiredMode 4627039422300187648 {mode={fps=90.00 Hz, modePtr={id=0, vsyncRate=90.00 Hz, peakRefreshRate=90.00 Hz}}, emitEvent=true, force=false}
07-25 14:52:25.951 31861 32083 I AiAiPeople: [1] fragments remain to process, dispatched event [32]
07-25 14:52:25.951 31861 32083 I AiAiPeople: [0] fragments remain to process, dispatched event [32]
07-25 14:52:25.964   373   373 I lowmemorykiller: Kill 'app.zophop' (16382), uid 10327, oom_score_adj 905 to free 211268kB rss, 41472kB swap; reason: cw
07-25 14:52:25.964   373   373 W LibMBrainProxy: MBrain offline
07-25 14:52:25.970   373   422 E lowmemorykiller: process_mrelease 16382 failed: No such process
07-25 14:52:25.987  1557  1612 I ExtM    : zram userate is low, no need to flush: 42
07-25 14:52:26.015   779   856 E HfLooper: light_data = 1.000000, raw_data = 0.000000, ir_data =14.000000, gain =1
07-25 14:52:26.020 16485 16726 I System.out: ur_dev_android:packageName:com.ubercab
07-25 14:52:26.036  1557  3771 D ConnectivityService: requestNetwork for uid/pid:10051/16485 activeRequest: null callbackRequest: 133233 [NetworkRequest [ REQUEST id=133234, [ Capabilities: INTERNET&NOT_RESTRICTED&TRUSTED&NOT_VCN_MANAGED&NOT_BANDWIDTH_CONSTRAINED Uid: 10051 RequestorUid: 10051 RequestorPkg: com.ubercab UnderlyingNetworks: Null] ]] callback flags: 0 order: 2147483647 isUidTracked: false declaredMethods: ALL
07-25 14:52:26.036  1557  2387 I ActivityManager: Process app.zophop (pid 16382) has died: cch+5 CEM
07-25 14:52:26.037  1557  1837 E ProcessManager: error write exception log
07-25 14:52:26.037   758   758 I Zygote  : Process 16382 exited due to signal 9 (Killed)
07-25 14:52:26.038  1557  1608 I libprocessgroup: Removed cgroup /sys/fs/cgroup/uid_10327/pid_16382
07-25 14:52:26.038  1557  1608 E libprocessgroup: Failed to write 1 to /sys/fs/cgroup/uid_10327/pid_16382/cgroup.kill: No such file or directory
07-25 14:52:26.038  1557  1608 E libprocessgroup: Failed to open /sys/fs/cgroup/uid_10327/pid_16382/cgroup.procs: No such file or directory
07-25 14:52:26.038  1557  1575 D DisplayManagerService: Drop pending events for gone uid 10327
07-25 14:52:26.039  1557  2387 I ScnModule: [GameDetection] packname: app.zophop, apkSize: 75953027.
07-25 14:52:26.040  1557  2387 I mtkpower_client: [PowerHal_Wrap_notifyAppState] app.zophop/app.zophop pid=16382 activityId:16382 state:3
07-25 14:52:26.040   791   791 I IPCThreadState: oneway function results for code 2 on binder at 0xb400007b3b41dc00 will be dropped but finished with status UNKNOWN_TRANSACTION
07-25 14:52:26.040   791   791 I vendor.mediatek.hardware.mtkpower_applist-service.mediatek: packName: app.zophop actName: app.zophop pid: 16382 uid: 10327 state: 3
07-25 14:52:26.040   791   791 I MTK_APPList: [notifyAPPstate] app.zophop/app.zophop, pid=16382, uid=10327, state:DEAD, fps:-1, win:0
07-25 14:52:26.040   791   791 I MTK_APPList: [notifyAPPstate] multi_resumed_app_count: 1
07-25 14:52:26.040   791   791 I MTK_APPList: [notifyAPPstate] multi_resumed_app_info[0] com.whatsapp/com.whatsapp.Conversation, pid:13358, fps:-1, isMultiWindow:0
07-25 14:52:26.040   791   791 I MTK_APPList: [getForegroundAPPCount] 1
07-25 14:52:26.040   791   791 I MTK_APPList: [notifyAPPstate] pack:app.zophop, pid:16382, STATE_DEAD
07-25 14:52:26.040   791   791 I MTK_APPList: [notifyNetdUID] 10299
07-25 14:52:26.040  1557  1780 I MiuiNetworkPolicy: removeUidState uid = 10327
07-25 14:52:26.041  1557  1795 D ConnectivityService: NetReassign [133234 : null → 279] [c 0] [a 2] [i 2]
07-25 14:52:26.041   791   791 I mtkpower_client: PowerHal_Wrap_setSysInfo, result:0
07-25 14:52:26.041   791   791 I MTK_APPList: [notifyPID] 13358
07-25 14:52:26.042   792   975 I libPowerHal: [perfSetSysInfo] pid type:24, 13358
07-25 14:52:26.042   791   791 I mtkpower_client: PowerHal_Wrap_setSysInfo, result:0
07-25 14:52:26.045  1557  1782 D WifiNetworkFactory: got request NetworkRequest [ REQUEST id=133234, [ Capabilities: INTERNET&NOT_RESTRICTED&TRUSTED&NOT_VCN_MANAGED&NOT_BANDWIDTH_CONSTRAINED Uid: 10051 RequestorUid: 10051 RequestorPkg: com.ubercab UnderlyingNetworks: Null] ]
07-25 14:52:26.046  1557  1795 D InetDiagMessage: Destroyed 0 sockets, proto=IPPROTO_TCP, family=AF_INET, states=14
07-25 14:52:26.046  1557  1782 D UntrustedWifiNetworkFactory: got request NetworkRequest [ REQUEST id=133234, [ Capabilities: INTERNET&NOT_RESTRICTED&TRUSTED&NOT_VCN_MANAGED&NOT_BANDWIDTH_CONSTRAINED Uid: 10051 RequestorUid: 10051 RequestorPkg: com.ubercab UnderlyingNetworks: Null] ]
07-25 14:52:26.046  1557  1782 D OemPaidWifiNetworkFactory: got request NetworkRequest [ REQUEST id=133234, [ Capabilities: INTERNET&NOT_RESTRICTED&TRUSTED&NOT_VCN_MANAGED&NOT_BANDWIDTH_CONSTRAINED Uid: 10051 RequestorUid: 10051 RequestorPkg: com.ubercab UnderlyingNetworks: Null] ]
07-25 14:52:26.046  1557  1782 D MultiInternetWifiNetworkFactory: got request NetworkRequest [ REQUEST id=133234, [ Capabilities: INTERNET&NOT_RESTRICTED&TRUSTED&NOT_VCN_MANAGED&NOT_BANDWIDTH_CONSTRAINED Uid: 10051 RequestorUid: 10051 RequestorPkg: com.ubercab UnderlyingNetworks: Null] ]
07-25 14:52:26.047 22587 32494 I MIUISafety-Monitor: onUid 10327 gone
07-25 14:52:26.047  1557  1795 D InetDiagMessage: Destroyed 0 sockets, proto=IPPROTO_TCP, family=AF_INET6, states=14
07-25 14:52:26.047  1557  1795 D InetDiagMessage: Destroyed live tcp sockets for uids={10327} in 5ms
07-25 14:52:26.048  1557  1795 D InetDiagMessage: Destroyed 0 sockets, proto=IPPROTO_TCP, family=AF_INET, states=14
07-25 14:52:26.049  1557  1795 D InetDiagMessage: Destroyed 0 sockets, proto=IPPROTO_TCP, family=AF_INET6, states=14
07-25 14:52:26.049  1557  1795 D InetDiagMessage: Destroyed live tcp sockets for uids={20327} in 3ms
07-25 14:52:26.068 16485 16744 D cr_HttpFlagsLoader: [SourceFile:73] Not loading HTTP flags because they are disabled in the manifest
07-25 14:52:26.078  1557  2387 D ConnectivityService: requestNetwork for uid/pid:10051/16485 activeRequest: null callbackRequest: 133235 [NetworkRequest [ REQUEST id=133236, [ Capabilities: INTERNET&NOT_RESTRICTED&TRUSTED&NOT_VCN_MANAGED&NOT_BANDWIDTH_CONSTRAINED Uid: 10051 RequestorUid: 10051 RequestorPkg: com.ubercab UnderlyingNetworks: Null] ]] callback flags: 0 order: 2147483647 isUidTracked: false declaredMethods: ALL
07-25 14:52:26.083  1557  1782 D WifiNetworkFactory: got request NetworkRequest [ REQUEST id=133236, [ Capabilities: INTERNET&NOT_RESTRICTED&TRUSTED&NOT_VCN_MANAGED&NOT_BANDWIDTH_CONSTRAINED Uid: 10051 RequestorUid: 10051 RequestorPkg: com.ubercab UnderlyingNetworks: Null] ]
07-25 14:52:26.084  1557  1782 D UntrustedWifiNetworkFactory: got request NetworkRequest [ REQUEST id=133236, [ Capabilities: INTERNET&NOT_RESTRICTED&TRUSTED&NOT_VCN_MANAGED&NOT_BANDWIDTH_CONSTRAINED Uid: 10051 RequestorUid: 10051 RequestorPkg: com.ubercab UnderlyingNetworks: Null] ]
07-25 14:52:26.084  1557  1782 D OemPaidWifiNetworkFactory: got request NetworkRequest [ REQUEST id=133236, [ Capabilities: INTERNET&NOT_RESTRICTED&TRUSTED&NOT_VCN_MANAGED&NOT_BANDWIDTH_CONSTRAINED Uid: 10051 RequestorUid: 10051 RequestorPkg: com.ubercab UnderlyingNetworks: Null] ]
07-25 14:52:26.084  1557  1782 D MultiInternetWifiNetworkFactory: got request NetworkRequest [ REQUEST id=133236, [ Capabilities: INTERNET&NOT_RESTRICTED&TRUSTED&NOT_VCN_MANAGED&NOT_BANDWIDTH_CONSTRAINED Uid: 10051 RequestorUid: 10051 RequestorPkg: com.ubercab UnderlyingNetworks: Null] ]
07-25 14:52:26.085  1557  1795 D ConnectivityService: NetReassign [133236 : null → 279] [c 1] [a 0] [i 5]
07-25 14:52:26.086 16485 16728 D nativeloader: Load /data/app/~~yTWWIFTNfumZwtU-Q32iLg==/com.ubercab-hR-V0mow39h0vEU3cWGE_w==/split_config.arm64_v8a.apk!/lib/arm64-v8a/libcronet.119.0.6045.31.so using ns clns-7 from class loader (caller=/data/app/~~yTWWIFTNfumZwtU-Q32iLg==/com.ubercab-hR-V0mow39h0vEU3cWGE_w==/base.apk!classes21.dex): ok
07-25 14:52:26.092  1557  1795 D ConnectivityService: NetReassign [no changes] [c 0] [a 1] [i 6]
07-25 14:52:26.095  1557  1612 I ExtM    : zram userate is low, no need to flush: 43
07-25 14:52:26.105 16485 16728 I cr_CronetLibraryLoader: Cronet version: 119.0.6045.31, arch: aarch64
07-25 14:52:26.113   779   856 E HfLooper: light_data = 1.000000, raw_data = 0.000000, ir_data =14.000000, gain =1
07-25 14:52:26.117  1557  2387 D FileUtils: Rounded bytes from 3762401280 to 4000000000
07-25 14:52:26.123 16485 16728 I System.out: ur_dev_android:packageName:com.ubercab
07-25 14:52:26.125  2127  2230 D SoScUtils: monitorTransitionFinished transition:android.os.BinderProxy@b40341d transaction: android.view.SurfaceControl$Transaction@79d96b6 mRequestCloseTransition:null mRequestOpenTransition:null mPairsOpenTransition:null mPairsOpenTransitionNull:null mRequestOpenTriggerTask:-1 mRequestCloseTriggerTask:-1 mOrientationTransition: null mMainStartingTask:-1 mSideStartingTask:-1
07-25 14:52:26.126 16485 16746 W chromium: [0725/145226.118495:WARNING:dns_config_service_android.cc(81)] Failed to read DnsConfig.
07-25 14:52:26.127  1557  1575 D WindowManager: Finish Transition (#5431): created at 07-25 14:52:24.876 collect-started=0.133ms request-sent=57.797ms started=62.967ms ready=537.995ms sent=716.86ms finished=1251.537ms
07-25 14:52:26.129  1557  3771 I Transition: finishTransition: updateLastSurfacePosition tf=TaskFragment{34aabd7 mode=fullscreen}
07-25 14:52:26.129 13358 13358 D VRI[HomeActivity]: visibilityChanged oldVisibility=true newVisibility=false
07-25 14:52:26.130  1557  3771 I Transition: finishTransition: updateLastSurfacePosition tf=Task{a50f545 #809 type=standard A=10299:com.whatsapp}
07-25 14:52:26.130  1557  3771 I Transition: finishTransition: updateLastSurfacePosition tf=TaskFragment{f356571 mode=fullscreen}
07-25 14:52:26.130   831   831 I SurfaceFlinger: onHandleDestroyed: name=Transition Root #5431: TaskFragment{34aabd7 mode=fullscreen}#69396, layerId=69396, parentId=0
07-25 14:52:26.130   831   831 I SurfaceFlinger: onHandleDestroyed: name=Transition ActivityWrap: {com.whatsapp/com.whatsapp.home.ui.HomeActivity}#69399, layerId=69399, parentId=0
07-25 14:52:26.130   831   831 I SurfaceFlinger: onHandleDestroyed: name=DefaultTransition Dim Layer for - Surface(name=ActivityRecord{ec26d98 u0 com.whatsapp/.home.ui.HomeActivity t809}#69344)/@0x4e4e863#69398, layerId=69398, parentId=0
07-25 14:52:26.132   831  2342 W VsyncModulator: setTransactionSchedule: Unexpected EarlyEnd
07-25 14:52:26.132  2127  2230 I RemoteTransitionHandlerStubImpl: invokeAndRemoveWctCB transition is null, curWctCB: null
07-25 14:52:26.132   831   831 I MI-SF   : surfaceflinger setAffinity mode=0
07-25 14:52:26.132   831   831 E MI-SF   : surfaceflinger setAffinity success
07-25 14:52:26.134  1557  1590 I PowerHalWrapper: amsBoostNotify pid:13358,activity:com.whatsapp.home.ui.HomeActivity, package:com.whatsapp, mProcessCreatePackcom.brave.browser
07-25 14:52:26.134  1557  1590 I PowerHalWrapper: state: 0
07-25 14:52:26.136  1557  1590 I ScnModule: [GameDetection] packname: com.whatsapp, apkSize: 68890266.
07-25 14:52:26.136  1557  1590 I mtkpower_client: [PowerHal_Wrap_notifyAppState] com.whatsapp/com.whatsapp.home.ui.HomeActivity pid=13358 activityId:247623064 state:0
07-25 14:52:26.136   791   791 I IPCThreadState: oneway function results for code 2 on binder at 0xb400007b3b41dc00 will be dropped but finished with status UNKNOWN_TRANSACTION
07-25 14:52:26.136   791   791 I vendor.mediatek.hardware.mtkpower_applist-service.mediatek: packName: com.whatsapp actName: com.whatsapp.home.ui.HomeActivity pid: 13358 uid: 10299 state: 0
07-25 14:52:26.136   791   791 I MTK_APPList: [notifyAPPstate] com.whatsapp/com.whatsapp.home.ui.HomeActivity, pid=13358, uid=10299, state:PAUSED, fps:-1, win:0
07-25 14:52:26.136   791   791 I MTK_APPList: [notifyAPPstate] multi_resumed_app_count: 1
07-25 14:52:26.136   791   791 I MTK_APPList: [notifyAPPstate] multi_resumed_app_info[0] com.whatsapp/com.whatsapp.Conversation, pid:13358, fps:-1, isMultiWindow:0
07-25 14:52:26.136   791   791 I MTK_APPList: [getForegroundAPPCount] 1
07-25 14:52:26.136   791   791 I MTK_APPList: [notifyNetdUID] 10299
07-25 14:52:26.137  1557  1590 I PowerHalWrapper: amsBoostNotify AMS_BOOST_PROCESS_CREATE_BOOST:false
07-25 14:52:26.137   791   791 I mtkpower_client: PowerHal_Wrap_setSysInfo, result:0
07-25 14:52:26.137   791   791 I MTK_APPList: [notifyPID] 13358
07-25 14:52:26.137   792   975 I libPowerHal: [perfSetSysInfo] pid type:24, 13358
07-25 14:52:26.138  1557  5545 D WindowManager:  applyPostLayoutPolicyLw modify AppearanceRegion  win = Window{231a6a7 u0 com.whatsapp/com.whatsapp.Conversation} isEnable = false appearance = 0 getRecordAppearance() = 0
07-25 14:52:26.139  1557  5545 D MiuiRefreshRatePolicy: reset
07-25 14:52:26.140  1557  1575 E ApplicationHelper: Fail to get PackageManager
07-25 14:52:26.140  1557  1575 E ApplicationHelper: Fail to get PackageManager
07-25 14:52:26.140  1557  1601 W ActivityManager: Rescheduling restart of crashed service com.xiaomi.bluetooth/com.android.bluetooth.ble.app.headset.BluetoothHeadsetService in 69848ms for mem-pressure-event
07-25 14:52:26.140  1557  1601 W ActivityManager: Rescheduling restart of crashed service com.xiaomi.mipicks/.downloadinstall.downloader.service.DownloadService in 109848ms for mem-pressure-event
07-25 14:52:26.140  1557  1601 W ActivityManager: Rescheduling restart of crashed service com.xiaomi.discover/com.xiaomi.downloader.service.DownloadService in 149848ms for mem-pressure-event
07-25 14:52:26.140   791   791 I mtkpower_client: PowerHal_Wrap_setSysInfo, result:0
07-25 14:52:26.140  1557  2387 W UserManagerService: Requested status bar icon for non-badged user 0
07-25 14:52:26.141 13358 13358 D BLASTBufferQueue: [VRI[HomeActivity]#1](f:0,a:3) destructor()
07-25 14:52:26.141  1557  5545 W UserManagerService: Requested status bar icon for non-badged user 0
07-25 14:52:26.143   831   831 I BufferQueueDebug: [Transition Root #5431: TaskFragment{34aabd7 mode=fullscreen}#69396](this:0xb40000792c5a0a60,id:-1,api:0,p:-1,c:831) onDestructor()
07-25 14:52:26.143   831   831 I BufferQueueDebug: [Transition ActivityWrap: {com.whatsapp/com.whatsapp.home.ui.HomeActivity}#69399](this:0xb40000792c5dbaf0,id:-1,api:0,p:-1,c:831) onDestructor()
07-25 14:52:26.143   831   831 I BufferQueueDebug: [DefaultTransition Dim Layer for - Surface(name=ActivityRecord{ec26d98 u0 com.whatsapp/.home.ui.HomeActivity t809}#69344)/@0x4e4e863#69398](this:0xb40000792c62b8e0,id:-1,api:0,p:-1,c:831) onDestructor()
07-25 14:52:26.144   831   831 I SurfaceFlinger: onHandleDestroyed: name=4e9f70a ActivityRecordInputSink com.whatsapp/.home.ui.HomeActivity#69383, layerId=69383, parentId=0
07-25 14:52:26.144   831  1034 I BpBinder: onLastStrongRef automatically unlinking death recipients:
07-25 14:52:26.144 13358 13358 D BufferQueueConsumer: [VRI[HomeActivity]#1(BLAST Consumer)1](id:342e00000001,api:0,p:-1,c:13358) disconnect
07-25 14:52:26.154   831   831 I BufferQueueDebug: [4e9f70a ActivityRecordInputSink com.whatsapp/.home.ui.HomeActivity#69383](this:0xb40000792c570080,id:-1,api:0,p:-1,c:831) onDestructor()
07-25 14:52:26.154  1557  2387 D WindowManager:  applyPostLayoutPolicyLw modify AppearanceRegion  win = Window{231a6a7 u0 com.whatsapp/com.whatsapp.Conversation} isEnable = false appearance = 0 getRecordAppearance() = 0
07-25 14:52:26.155  1557  2387 D MiuiRefreshRatePolicy: reset
07-25 14:52:26.165   831   831 I SurfaceFlinger: onHandleDestroyed: name=com.whatsapp/com.whatsapp.home.ui.HomeActivity#69386, layerId=69386, parentId=0
07-25 14:52:26.176   831   831 I BufferQueueDebug: [com.whatsapp/com.whatsapp.home.ui.HomeActivity#69386](this:0xb40000792c64acf0,id:-1,api:0,p:-1,c:831) onDestructor()
