07-25 14:52:32.236  1557  1669 I mtkpower_client: [PowerHal_Wrap_notifyAppState] com.android.vending/com.android.vending pid=16927 activityId:16927 state:3
07-25 14:52:32.236  1557  1795 D ConnectivityService: releasing NetworkRequest [ REQUEST id=133244, [ Capabilities: INTERNET&NOT_RESTRICTED&TRUSTED&NOT_VCN_MANAGED&NOT_BANDWIDTH_CONSTRAINED Uid: 10160 RequestorUid: 10160 RequestorPkg: com.android.vending UnderlyingNetworks: Null] ] (release request)
07-25 14:52:32.236   373   373 I lowmemorykiller: Kill 'com.android.vending' (16788), uid 10160, oom_score_adj 905 to free 171820kB rss, 39116kB swap; reason: cw
07-25 14:52:32.236   373   373 W LibMBrainProxy: MBrain offline
07-25 14:52:32.238 17008 17008 W fbservices:InitStatus: Not blocking Service (173162190)
07-25 14:52:32.238 17008 17008 W fbservices:InitStatus: Not blocking Service (173162190)
07-25 14:52:32.238   791   791 I IPCThreadState: oneway function results for code 2 on binder at 0xb400007b3b41dc00 will be dropped but finished with status UNKNOWN_TRANSACTION
07-25 14:52:32.238   791   791 I vendor.mediatek.hardware.mtkpower_applist-service.mediatek: packName: com.android.vending actName: com.android.vending pid: 16927 uid: 10160 state: 3
07-25 14:52:32.239   791   791 I MTK_APPList: [notifyAPPstate] com.android.vending/com.android.vending, pid=16927, uid=10160, state:DEAD, fps:-1, win:0
07-25 14:52:32.239   791   791 I MTK_APPList: [notifyAPPstate] multi_resumed_app_count: 1
07-25 14:52:32.239   791   791 I MTK_APPList: [notifyAPPstate] multi_resumed_app_info[0] com.whatsapp/com.whatsapp.Conversation, pid:13358, fps:-1, isMultiWindow:0
07-25 14:52:32.239   791   791 I MTK_APPList: [getForegroundAPPCount] 1
07-25 14:52:32.239   791   791 I MTK_APPList: [notifyAPPstate] pack:com.android.vending, pid:16927, STATE_DEAD
07-25 14:52:32.239   791   791 I MTK_APPList: [notifyNetdUID] 10299
07-25 14:52:32.239  1557  1608 I libprocessgroup: Removed cgroup /sys/fs/cgroup/uid_10160/pid_16927
07-25 14:52:32.239   791   791 I mtkpower_client: PowerHal_Wrap_setSysInfo, result:0
07-25 14:52:32.239   791   791 I MTK_APPList: [notifyPID] 13358
07-25 14:52:32.240   792   975 I libPowerHal: [perfSetSysInfo] pid type:24, 13358
07-25 14:52:32.240   791   791 I mtkpower_client: PowerHal_Wrap_setSysInfo, result:0
07-25 14:52:32.241 16999 16999 D AutoDensity: getAccessibilityDpi Exception: android.provider.Settings$SettingNotFoundException: display_density_forced
07-25 14:52:32.242   373   423 E lowmemorykiller: process_mrelease 16788 failed: No such process
07-25 14:52:32.251  1557  1601 W ActivityManager: Rescheduling restart of crashed service com.google.android.gms/.ads.identifier.service.AdvertisingIdService in 29746ms for mem-pressure-event
07-25 14:52:32.251  1557  1601 W ActivityManager: Rescheduling restart of crashed service com.google.android.gms/.chimera.GmsBoundBrokerService in 69746ms for mem-pressure-event
07-25 14:52:32.251  1557  1601 W ActivityManager: Rescheduling restart of crashed service com.imo.android.imoim/.DummyService in 109746ms for mem-pressure-event
07-25 14:52:32.251  1557  1601 W ActivityManager: Rescheduling restart of crashed service com.xiaomi.discover/com.xiaomi.downloader.service.DownloadService in 149746ms for mem-pressure-event
07-25 14:52:32.251  1557  1601 W ActivityManager: Rescheduling restart of crashed service com.google.android.gms/.chimera.GmsApiService in 189746ms for mem-pressure-event
07-25 14:52:32.254 17000 17000 D TaskSortUtil: task analyse cost makeTime 0
07-25 14:52:32.254 17000 17000 D TaskSortUtil: DebugTask
07-25 14:52:32.254 17000 17000 D TaskSortUtil: GAIDTask
07-25 14:52:32.254 17000 17000 D TaskSortUtil: OperatorTask
07-25 14:52:32.254 17000 17000 D TaskSortUtil: AppLifecycleObserverTask
07-25 14:52:32.254 17000 17000 D TaskSortUtil: ArouterTask
07-25 14:52:32.254 17000 17000 D TaskSortUtil: ChangeAliasTask
07-25 14:52:32.257 16999 16999 D MiuiApplication: onCreate
07-25 14:52:32.262 16999 16999 D MiuiApplication: initQigSaw: started = 1preloadFeatureState = 1isDebug = false
07-25 14:52:32.262 16999 16999 D MiuiApplication:  initQigSaw
07-25 14:52:32.263 16999 16999 D MiuiBluetoothOneTrackInterfaceUtil: region:IN
07-25 14:52:32.267 16999 16999 D CompatChangeReporter: Compat change id reported: 270674727; UID 1002; state: ENABLED
07-25 14:52:32.268 17000 17000 I MMKV    : <MemoryFile.cpp:97::open> open fd[0x97], /data/user/0/com.xiaomi.mipicks/files/mmkv/firebase_config
07-25 14:52:32.268 17000 17000 I MMKV    : <MemoryFile.cpp:97::open> open fd[0x98], /data/user/0/com.xiaomi.mipicks/files/mmkv/firebase_config.crc
07-25 14:52:32.271 17000 17000 I MMKV    : <MMKV_IO.cpp:81::loadFromFile> loading [firebase_config] with 2641 actual size, file size 8192, InterProcess 1, meta info version:3
07-25 14:52:32.271 17000 17000 I MMKV    : <MMKV_IO.cpp:86::loadFromFile> loading [firebase_config] with crc 2201838618 sequence 58 version 3
07-25 14:52:32.272 17000 17000 I MMKV    : <MMKV_IO.cpp:130::loadFromFile> loaded [firebase_config] with 31 key-values
07-25 14:52:32.273  1557  1575 E ApplicationHelper: Fail to get PackageManager
07-25 14:52:32.274 17000 17000 D TaskSortUtil: task analyse cost makeTime 1
07-25 14:52:32.274 17000 17000 D TaskSortUtil: UiConfigTask
07-25 14:52:32.274 17000 17000 D TaskSortUtil: PatchTask
07-25 14:52:32.274 17000 17000 D TaskSortUtil: CloudConfigTask
07-25 14:52:32.274 17000 17000 D TaskSortUtil: MiBusinessTask
07-25 14:52:32.274 17000 17000 D TaskSortUtil: DownloadInstallTask
07-25 14:52:32.274 17000 17000 D TaskSortUtil: ActivityMonitorTask
07-25 14:52:32.275 16999 16999 D OT-PubSub-Sdk: updateDebugSwitch sEnable: false sDebugMode：false sDebugProperty：false
07-25 14:52:32.275 16999 17078 D OT-PubSub-Sdk: updateDebugSwitch sEnable: false sDebugMode：false sDebugProperty：false
07-25 14:52:32.275 16999 16999 D MultiFeatureManager: There are 2 splits in your app!
07-25 14:52:32.276 16999 17078 D OT-PubSub-Sdk: log on: false, quick upload on: false
07-25 14:52:32.278  1557  1795 D ConnectivityService: releasing NetworkRequest [ REQUEST id=133241, [ Capabilities: INTERNET&NOT_RESTRICTED&TRUSTED&NOT_VCN_MANAGED&NOT_BANDWIDTH_CONSTRAINED Uid: 10160 RequestorUid: 10160 RequestorPkg: com.android.vending UnderlyingNetworks: Null] ] (release request)
07-25 14:52:32.278  1557  4792 I ActivityManager: Process com.android.vending (pid 16788) has died: cch+5 CEM
07-25 14:52:32.278   774  1369 I hwcomposer: [HWC] (0)fire a callback of refresh to SF[4]
07-25 14:52:32.279  1557  1837 E ProcessManager: error write exception log
07-25 14:52:32.279   758   758 I Zygote  : Process 16788 exited due to signal 9 (Killed)
07-25 14:52:32.279 16999 17078 D BroadcastExecutor: initIfNeeded : 747
07-25 14:52:32.280  1557  1608 I libprocessgroup: Removed cgroup /sys/fs/cgroup/uid_10160/pid_16788
07-25 14:52:32.280 17000 17000 D AutoDensity: autodensity debugEnable =
07-25 14:52:32.283  1557  4792 I mtkpower_client: [PowerHal_Wrap_notifyAppState] com.android.vending/com.android.vending pid=16788 activityId:16788 state:3
07-25 14:52:32.284   791   791 I IPCThreadState: oneway function results for code 2 on binder at 0xb400007b3b41dc00 will be dropped but finished with status UNKNOWN_TRANSACTION
07-25 14:52:32.284   791   791 I vendor.mediatek.hardware.mtkpower_applist-service.mediatek: packName: com.android.vending actName: com.android.vending pid: 16788 uid: 10160 state: 3
07-25 14:52:32.284   791   791 I MTK_APPList: [notifyAPPstate] com.android.vending/com.android.vending, pid=16788, uid=10160, state:DEAD, fps:-1, win:0
07-25 14:52:32.284   791   791 I MTK_APPList: [notifyAPPstate] multi_resumed_app_count: 1
07-25 14:52:32.284   791   791 I MTK_APPList: [notifyAPPstate] multi_resumed_app_info[0] com.whatsapp/com.whatsapp.Conversation, pid:13358, fps:-1, isMultiWindow:0
07-25 14:52:32.284   791   791 I MTK_APPList: [getForegroundAPPCount] 1
07-25 14:52:32.284   791   791 I MTK_APPList: [notifyAPPstate] pack:com.android.vending, pid:16788, STATE_DEAD
07-25 14:52:32.284   791   791 I MTK_APPList: [notifyNetdUID] 10299
07-25 14:52:32.284 16999 16999 W ActivityThread: ClassLoader.getResources: The class loader returned by Thread.getContextClassLoader() may fail for processes that host multiple applications. You should explicitly specify a context class loader. For example: Thread.setContextClassLoader(getClass().getClassLoader());
07-25 14:52:32.285   791   791 I mtkpower_client: PowerHal_Wrap_setSysInfo, result:0
07-25 14:52:32.285   791   791 I MTK_APPList: [notifyPID] 13358
07-25 14:52:32.285   792   975 I libPowerHal: [perfSetSysInfo] pid type:24, 13358
07-25 14:52:32.285  1557  1780 I MiuiNetworkPolicy: removeUidState uid = 10160
07-25 14:52:32.286   791   791 I mtkpower_client: PowerHal_Wrap_setSysInfo, result:0
07-25 14:52:32.286  1557  1575 D DisplayManagerService: Drop pending events for gone uid 10160
07-25 14:52:32.287 22587 15754 I MIUISafety-Monitor: onUid 10160 gone
07-25 14:52:32.289 17000 17079 D SessionsDependencies: Dependency to CRASHLYTICS added.
07-25 14:52:32.289 17000 17000 D AutoDensity:   getAccessibilityDpi Exception: android.provider.Settings$SettingNotFoundException: display_density_forced
07-25 14:52:32.290 16999 16999 I SplitInfoVersionManager: No new split info version, just use default version.
07-25 14:52:32.290   831   831 I MI-SF   : surfaceflinger setAffinity mode=1
07-25 14:52:32.290   831   831 E MI-SF   : surfaceflinger setAffinity success
07-25 14:52:32.290 16999 16999 W System  : ClassLoader referenced unknown path:
07-25 14:52:32.290   831   831 I MI-SF   : surfaceflinger setreAffinity reTid=1042
07-25 14:52:32.290   831   831 E MI-SF   : surfaceflinger setAffinity success
07-25 14:52:32.290 16999 16999 W iaomi.bluetooth: Unsupported class loader
07-25 14:52:32.291 16999 16999 D MultiFeatureManager: init: split attach cost 15ms
07-25 14:52:32.291 16999 16999 D SplitAABInfoProvider: App has no fused modules.
07-25 14:52:32.292 16999 16999 D SplitAABInfoProvider: Split names are: []
07-25 14:52:32.292 16999 16999 I Split:MultiDex: VM with version 2.1.0 has multidex support
07-25 14:52:32.293 16999 16999 D SplitInstallSupervisor: No splits need to uninstall!
07-25 14:52:32.294 16999 16999 I SplitInfoManagerImpl: currentVersion : 1.3_1.32 defaultVersion : 1.3_1.32
07-25 14:52:32.294 16999 16999 I SplitInfoManagerImpl: Default split file name: qigsaw/qigsaw_1.3_1.32.json
07-25 14:52:32.294 17000 17079 I FirebaseApp: Device unlocked: initializing all Firebase APIs for app [DEFAULT]
07-25 14:52:32.296 16999 16999 I SplitInfoManagerImpl: Cost 1 mil-second to parse default split info
07-25 14:52:32.297 16999 16999 E SplitLoadManager: canBeWorkedInThisProcessForSplit:
07-25 14:52:32.297 16999 16999 E SplitLoadManager: canBeWorkedInThisProcessForSplit: :ui
07-25 14:52:32.297 16999 16999 E SplitLoadManager: canBeWorkedInThisProcessForSplit: simpleProcessName =
07-25 14:52:32.297 16999 17091 I Split:AbiUtil: Succeed to get primaryCpuAbi arm64-v8a from ApplicationInfo.
07-25 14:52:32.303 16999 16999 I SplitLoadManager: Split preloadedFeature will work in process com.xiaomi.bluetooth, and it is installed
07-25 14:52:32.306 17000 17000 D TaskSortUtil: task analyse cost makeTime 0
07-25 14:52:32.306 17000 17000 D TaskSortUtil: FirebaseTask
07-25 14:52:32.306 17000 17000 D TaskSortUtil: PrivacyTask
07-25 14:52:32.306 17000 17000 D TaskSortUtil: TraceTask
07-25 14:52:32.306 17000 17000 D TaskSortUtil: DeviceInfoTask
07-25 14:52:32.306 17000 17000 D TaskSortUtil: RegisterGlobalMonitorTask
07-25 14:52:32.306 17000 17000 D TaskSortUtil: MsaOnDeviceScoreTask
07-25 14:52:32.306 17000 17000 D TaskSortUtil: ApmTask
07-25 14:52:32.306 17000 17000 D TaskSortUtil: NetworkTask
07-25 14:52:32.306 17000 17000 D TaskSortUtil: MsgBusTask
07-25 14:52:32.306 17000 17000 D TaskSortUtil: DbTask
07-25 14:52:32.306 17000 17000 D TaskSortUtil: AbTestTask
07-25 14:52:32.306 17000 17000 D TaskSortUtil: LoginTask
07-25 14:52:32.306 17000 17000 D TaskSortUtil: ImageLoadTask
07-25 14:52:32.306 17000 17000 D TaskSortUtil: CompatibleOldVersionTask
07-25 14:52:32.306 17000 17000 D TaskSortUtil: UpdateAppTask
07-25 14:52:32.306 17000 17000 D TaskSortUtil: DownloadAppTask
07-25 14:52:32.306 17000 17000 D TaskSortUtil: SpTask
07-25 14:52:32.306 17000 17000 D TaskSortUtil: AppChooserTask
07-25 14:52:32.306 17000 17000 D TaskSortUtil: DesktopHotAppsTask
07-25 14:52:32.306 17000 17000 D TaskSortUtil: LocalCacheTask
07-25 14:52:32.306 17000 17000 D TaskSortUtil: MiCTBrowserTask
07-25 14:52:32.306 17000 17000 D TaskSortUtil: PushTask
07-25 14:52:32.307 17000 17103 D OT-PubSub-Sdk: updateDebugSwitch sEnable: false sDebugMode：false sDebugProperty：false
07-25 14:52:32.308 17000 17079 D FirebaseSessions: Initializing Firebase Sessions SDK.
07-25 14:52:32.309  1557  2387 D CompatChangeReporter: Compat change id reported: 161145287; UID 10222; state: ENABLED
07-25 14:52:32.310 17000 17079 I FirebaseCrashlytics: Initializing Firebase Crashlytics 18.6.2 for com.xiaomi.mipicks
07-25 14:52:32.311  1557  1575 E ApplicationHelper: Fail to get PackageManager
07-25 14:52:32.311  1557  6006 W ParceledListSlice: Element #15 is 24908 bytes.
07-25 14:52:32.312  1557  3289 I ClipboardServiceI: checkProviderWakePathForClipboard: com.xiaomi.mipicksis not a activePermissionOwner
07-25 14:52:32.313 16999 16999 I SplitLoadManager: Split fc will work in process com.xiaomi.bluetooth, and it is installed
07-25 14:52:32.313 16999 16999 E SplitLoadManager: canBeWorkedInThisProcessForSplit:
07-25 14:52:32.313 16999 16999 E SplitLoadManager: canBeWorkedInThisProcessForSplit: :ui
07-25 14:52:32.313 16999 16999 E SplitLoadManager: canBeWorkedInThisProcessForSplit: simpleProcessName =
07-25 14:52:32.313 16999 16999 I SplitLoadManager: Split preloadedFeature need load in process com.xiaomi.bluetooth
07-25 14:52:32.313 16999 16999 I SplitLoadManager: Split fc need load in process com.xiaomi.bluetooth
07-25 14:52:32.313 16999 16999 D SplitLoadHandler: split name: preloadedFeature, origin native path: null
07-25 14:52:32.313 16999 16999 D SplitLoadHandler: split name: preloadedFeature, mapped native path: null
07-25 14:52:32.313 16999 16999 W iaomi.bluetooth: Unsupported class loader
07-25 14:52:32.315   779   856 E HfLooper: light_data = 1.000000, raw_data = 0.000000, ir_data =14.000000, gain =1
07-25 14:52:32.315 17000 17103 D OneTrackSdk: updateDebugSwitch sEnable: false sDebugMode：false sDebugProperty：false
07-25 14:52:32.318 17000 17101 I MMKV    : Disable checkProcessMode()
07-25 14:52:32.318 17000 17101 I MMKV    : <MMKV.cpp:208::initializeMMKV> root dir: /data/user/0/com.xiaomi.mipicks/files/mmkv
07-25 14:52:32.318 17000 17109 I MMKV    : <MemoryFile.cpp:97::open> open fd[0xa0], /data/user/0/com.xiaomi.mipicks/files/mmkv/ab_test
07-25 14:52:32.318 17000 17109 I MMKV    : <MemoryFile.cpp:97::open> open fd[0xa1], /data/user/0/com.xiaomi.mipicks/files/mmkv/ab_test.crc
07-25 14:52:32.319 17000 17109 I MMKV    : <MMKV_IO.cpp:81::loadFromFile> loading [ab_test] with 1344 actual size, file size 16384, InterProcess 1, meta info version:3
07-25 14:52:32.320 17000 17109 I MMKV    : <MMKV_IO.cpp:86::loadFromFile> loading [ab_test] with crc 2493606294 sequence 38 version 3
07-25 14:52:32.320 17000 17109 I MMKV    : <MMKV_IO.cpp:130::loadFromFile> loaded [ab_test] with 3 key-values
07-25 14:52:32.320 17000 17101 I MMKV    : <MemoryFile.cpp:97::open> open fd[0xa3], /data/user/0/com.xiaomi.mipicks/files/mmkv/overseas_100009
07-25 14:52:32.322 17000 17101 I MMKV    : <MemoryFile.cpp:97::open> open fd[0xa4], /data/user/0/com.xiaomi.mipicks/files/mmkv/overseas_100009.crc
07-25 14:52:32.324 17000 17101 I MMKV    : <MMKV_IO.cpp:81::loadFromFile> loading [overseas_100009] with 0 actual size, file size 4096, InterProcess 1, meta info version:1
07-25 14:52:32.324 17000 17101 I MMKV    : <MMKV_IO.cpp:130::loadFromFile> loaded [overseas_100009] with 0 key-values
07-25 14:52:32.333 17000 17101 D OT-PubSub-Sdk: updateDebugSwitch sEnable: false sDebugMode：false sDebugProperty：false
07-25 14:52:32.335   568   568 I [MITEE] : mitee_keymaster_call 229 4
07-25 14:52:32.335   568   568 E [MITEE] : Request: 274 Max size: 131072
07-25 14:52:32.336 17000 17110 D OT-PubSub-Sdk: updateDebugSwitch sEnable: false sDebugMode：false sDebugProperty：false
07-25 14:52:32.336 17000 17110 D OT-PubSub-Sdk: log on: false, quick upload on: false
07-25 14:52:32.336 17000 17110 D BroadcastExecutor: initIfNeeded : 771
07-25 14:52:32.339 17000 17116 D MarketSdk-MarketManager: currVersion: OS2.0.1.0.VGQINXM
07-25 14:52:32.342 17000 17116 D MarketSdk-MarketManager: targetVersion: V10.0.0.0
07-25 14:52:32.345   568   568 I [MITEE] : mitee_keymaster_call 229 8
07-25 14:52:32.345   568   568 E [MITEE] : Request: 34 Max size: 131072
07-25 14:52:32.348   568   568 I [MITEE] : mitee_keymaster_call 229 12
07-25 14:52:32.348   568   568 E [MITEE] : Request: 28 Max size: 131072
07-25 14:52:32.355  1557  4792 D ShortcutService: rescanPackageIfNeeded 0@com.xiaomi.mipicks, forceRescan=false , isNewApp=false
07-25 14:52:32.355   568   568 I [MITEE] : mitee_keymaster_call 229 4
07-25 14:52:32.355   568   568 E [MITEE] : Request: 298 Max size: 131072
07-25 14:52:32.359  1557  2387 D CompatChangeReporter: Compat change id reported: 261072174; UID 10222; state: ENABLED
07-25 14:52:32.361 17000 17079 D SessionsDependencies: Subscriber CRASHLYTICS registered.
07-25 14:52:32.361   568   568 I [MITEE] : mitee_keymaster_call 229 8
07-25 14:52:32.361  1557  2232 W ParceledListSlice: Element #58 is 16648 bytes.
07-25 14:52:32.361   568   568 E [MITEE] : Request: 50 Max size: 131072
07-25 14:52:32.364   568   568 I [MITEE] : mitee_keymaster_call 229 12
07-25 14:52:32.364   568   568 E [MITEE] : Request: 28 Max size: 131072
07-25 14:52:32.365  1557  1780 I MiuiNetworkPolicy: updateUidState uid = 10222, uidState = 10
07-25 14:52:32.365  1557  1575 E ApplicationHelper: Fail to get PackageManager
07-25 14:52:32.369 17000 17000 W libc    : Access denied finding property "ro.vendor.perf.scroll_opt"
07-25 14:52:32.371   568   568 I [MITEE] : mitee_keymaster_call 229 4
07-25 14:52:32.371   568   568 E [MITEE] : Request: 298 Max size: 131072
07-25 14:52:32.374  1557  3289 D PackageManager: set app component=ComponentInfo{com.xiaomi.mipicks/com.xiaomi.mipicks.DefaultAlias} enabled state: 1 from com.xiaomi.mipicks,uid=10222,pid=17000
07-25 14:52:32.377  1557  1575 E ApplicationHelper: Fail to get PackageManager
07-25 14:52:32.377  1557  4792 I ClipboardServiceI: checkProviderWakePathForClipboard: com.xiaomi.mipicksis not a activePermissionOwner
07-25 14:52:32.378   568   568 I [MITEE] : mitee_keymaster_call 229 8
07-25 14:52:32.378   568   568 E [MITEE] : Request: 181 Max size: 131072
07-25 14:52:32.379 17000 17103 D BaseOneTrackImp: OneTrackImp init : Configuration{appId='31*******61'projectId='mi****ks'pKeyId='f0************************************af', pluginId='null', channel='null', international=true, region='null', overrideMiuiRegionSetting=false, mode=APP, GAIDEnable=true, IMSIEnable=true, IMEIEnable=true, ExceptionCatcherEnable=false, instanceId=null}
07-25 14:52:32.380 17000 17103 D BaseOneTrackImp: OneTrackImp sdk ver : 3.1.2
07-25 14:52:32.380 17000 17108 E DeviceUtils: static init: ComputilityLevel Load Class Exception:java.lang.ClassNotFoundException: Didn't find class "com.miui.performance.ComputilityLevelUtils" on path: DexPathList[[zip file "/system_ext/framework/MiuiBooster.jar"],nativeLibraryDirectories=[/system/lib64, /system_ext/lib64]]
07-25 14:52:32.381 17000 17134 D OneTrackSdk: updateDebugSwitch sEnable: false sDebugMode：false sDebugProperty：false
07-25 14:52:32.381 17000 17134 D OneTrackSdk: updateTestSwitch sTestEnable: false sTestMode：false sTestProperty：false
07-25 14:52:32.381 17000 17134 D OneTrackSdk: log on: false, quick upload on: false
07-25 14:52:32.381 17000 17108 I DeviceLevelUtils: platform：mt6835
07-25 14:52:32.383  2134  2134 I Launcher.Model: onReceive home receiver intent=Intent { act=com.xiaomi.market.ACTION_HD_ICON_UPDATE flg=0x10 (has extras) }
07-25 14:52:32.383  2134  2265 D Launcher.Model: Got broadcast:Intent { act=com.xiaomi.market.ACTION_HD_ICON_UPDATE flg=0x10 (has extras) }
07-25 14:52:32.384   568   568 I [MITEE] : mitee_keymaster_call 229 12
07-25 14:52:32.384   568   568 E [MITEE] : Request: 28 Max size: 131072
07-25 14:52:32.385 17000 17108 I MiSpeedRecord: Connecting to PerfShielder service.
07-25 14:52:32.387  2134  2265 W PreviewDisappear: getIcon info target: ComponentInfo{com.xiaomi.mipicks/com.xiaomi.mipicks.DefaultAlias}
07-25 14:52:32.387  2134  2265 W PreviewDisappear: getIcon info user: UserHandle{0}
07-25 14:52:32.387  2134  2265 W PreviewDisappear: getIcon info intent: Intent { act=android.intent.action.MAIN cat=[android.intent.category.LAUNCHER] flg=0x10200000 cmp=com.xiaomi.mipicks/.DefaultAlias (has extras) }
07-25 14:52:32.387  2134  2265 W PreviewDisappear: 1 getIcon entry: null
07-25 14:52:32.390  2134  2265 W IconCustomizer: Density abnormal: context density=293 systemDensity=320
07-25 14:52:32.390  2134  2265 W IconCustomizer: Density abnormal: context density=293 systemDensity=320
07-25 14:52:32.393  2134  2265 I IconCustomizer: com.xiaomi.mipicks.png adaptiveIcon2Drawable size 108
07-25 14:52:32.396 17000 17110 D OT-PubSub-Sdk: updateDebugSwitch sEnable: false sDebugMode：false sDebugProperty：false
07-25 14:52:32.396 17000 17110 D OT-PubSub-Sdk: log on: false, quick upload on: false
07-25 14:52:32.397 17000 17129 D FirebaseSessions: No Sessions subscribers. Not listening to lifecycle events.
07-25 14:52:32.398  2134  2265 W PreviewDisappear: 2 getIcon entry: com.miui.home.launcher.graphics.DrawableInfo@ebb7afa
07-25 14:52:32.398  2134  2265 W PreviewDisappear: applyCacheEntry entry: android.graphics.drawable.BitmapDrawable@ca7b8ab
07-25 14:52:32.399   568   568 I [MITEE] : mitee_keymaster_call 229 4
07-25 14:52:32.401   568   568 E [MITEE] : Request: 274 Max size: 131072
07-25 14:52:32.406  1557  1795 D ConnectivityService: NetReassign [no changes] [c 1] [a 1] [i 5]
07-25 14:52:32.407 17000 17137 I MMKV    : <MemoryFile.cpp:97::open> open fd[0xc1], /data/user/0/com.xiaomi.mipicks/files/mmkv/multi_proc_shared
07-25 14:52:32.409  1557  5993 W ParceledListSlice: Element #73 is 25012 bytes.
07-25 14:52:32.409  1557  5993 W ParceledListSlice: Overly large reply size: 83072
07-25 14:52:32.410 17000 17137 I MMKV    : <MemoryFile.cpp:97::open> open fd[0xb6], /data/user/0/com.xiaomi.mipicks/files/mmkv/multi_proc_shared.crc
07-25 14:52:32.410 16999 16999 W iaomi.bluetooth: Unsupported class loader
07-25 14:52:32.410 16999 16999 W iaomi.bluetooth: Unsupported class loader
07-25 14:52:32.410   568   568 I [MITEE] : mitee_keymaster_call 229 8
07-25 14:52:32.410   568   568 E [MITEE] : Request: 34 Max size: 131072
07-25 14:52:32.412  2134  2134 D AlphabeticalAppsList: firstPageRowCount: 6 numAppsPerRow: 4
07-25 14:52:32.413 16999 16999 D SplitDexClassLoader: Cost 99 ms to load preloadedFeature code
07-25 14:52:32.414   568   568 I [MITEE] : mitee_keymaster_call 229 12
07-25 14:52:32.414   568   568 E [MITEE] : Request: 28 Max size: 131072
07-25 14:52:32.415  2134  2134 D MemoryUtils_Boot.opt: Home has been resumed, Do not call Explicit GC
07-25 14:52:32.415   779   856 E HfLooper: light_data = 1.000000, raw_data = 0.000000, ir_data =14.000000, gain =1
07-25 14:52:32.417 16999 16999 D SplitCompatResourcesLoader: Install split /data/user_de/0/com.xiaomi.bluetooth/app_qigsaw/1.3/preloadedFeature/1.14@1/preloadedFeature-master.apk resources for application.
07-25 14:52:32.418 16999 16999 D SplitLoadHandler: split name: fc, origin native path: null
07-25 14:52:32.418 16999 16999 D SplitLoadHandler: split name: fc, mapped native path: null
07-25 14:52:32.418 16999 16999 W iaomi.bluetooth: Unsupported class loader
07-25 14:52:32.419   568   568 I [MITEE] : mitee_keymaster_call 229 4
07-25 14:52:32.419   568   568 E [MITEE] : Request: 298 Max size: 131072
07-25 14:52:32.421  2134  2134 D ScrollerOptimizationManager: registerConfigChangedListener
07-25 14:52:32.423 17000 17137 I MMKV    : <MMKV_IO.cpp:81::loadFromFile> loading [multi_proc_shared] with 1486 actual size, file size 4096, InterProcess 1, meta info version:3
07-25 14:52:32.424 17000 17137 I MMKV    : <MMKV_IO.cpp:86::loadFromFile> loading [multi_proc_shared] with crc 3694753097 sequence 49 version 3
07-25 14:52:32.424 17000 17137 I MMKV    : <MMKV_IO.cpp:130::loadFromFile> loaded [multi_proc_shared] with 1 key-values
07-25 14:52:32.424 17000 17137 I SecurityDevice: getService: sService == null.
07-25 14:52:32.424 17000 17137 W SecurityDevice: getService: binder not alive.
07-25 14:52:32.425  2134  2134 D ScrollerOptimizationManager: registerConfigChangedListener
07-25 14:52:32.426 16999 16999 W iaomi.bluetooth: Unsupported class loader
07-25 14:52:32.426 16999 16999 W iaomi.bluetooth: Unsupported class loader
07-25 14:52:32.427   568   568 I [MITEE] : mitee_keymaster_call 229 8
07-25 14:52:32.427   568   568 E [MITEE] : Request: 50 Max size: 131072
07-25 14:52:32.429 16999 16999 D SplitDexClassLoader: Cost 10 ms to load fc code
07-25 14:52:32.429   568   568 I [MITEE] : mitee_keymaster_call 229 12
07-25 14:52:32.429   568   568 E [MITEE] : Request: 28 Max size: 131072
07-25 14:52:32.431 16999 16999 D SplitCompatResourcesLoader: Install split /data/user_de/0/com.xiaomi.bluetooth/app_qigsaw/1.3/fc/1.6@1/fc-master.apk resources for application.
07-25 14:52:32.431 16999 16999 I SplitLoadReporter: Success to load [{"splitName":"preloadedFeature","version":"1.14@1","builtIn":true}, {"splitName":"fc","version":"1.6@1","builtIn":true}] in process com.xiaomi.bluetooth cost 118 ms!
07-25 14:52:32.431 16999 16999 D SampleSplitLoadReporter: onLoadOK: cost = 118
07-25 14:52:32.433  2134  2134 D ArtChoreographerMonitor: invoke error.
07-25 14:52:32.433   568   568 I [MITEE] : mitee_keymaster_call 229 4
07-25 14:52:32.433   568   568 E [MITEE] : Request: 298 Max size: 131072
07-25 14:52:32.433 16999 16999 D SplitInstallManagerImpl: App has no fused modules.
07-25 14:52:32.433 16999 16999 D SplitInstallManagerImpl: Split names are: []
07-25 14:52:32.434  1557  3289 D FileUtils: Rounded bytes from 3762401280 to 4000000000
07-25 14:52:32.435 16999 16999 W Split:ClassNotFound: Class com.xiaomi.bluetooth.plugin.fc.DeviceSupportImpl is not found in preloadedFeature ClassLoader
07-25 14:52:32.435 16999 16999 I Split:ClassNotFound: Class com.xiaomi.bluetooth.plugin.fc.DeviceSupportImpl is found in fc ClassLoader
07-25 14:52:32.437 16999 16999 I Split:ClassNotFound: Class com.xiaomi.bluetooth.plugin.pf.pFDeviceSupportImpl is found in preloadedFeature ClassLoader
07-25 14:52:32.437 16999 16999 D SplitInstallManagerImpl: App has no fused modules.
07-25 14:52:32.437 16999 16999 D SplitInstallManagerImpl: Split names are: []
07-25 14:52:32.437 16999 16999 D SplitInstallManagerImpl: App has no fused modules.
07-25 14:52:32.437 16999 16999 D SplitInstallManagerImpl: Split names are: []
07-25 14:52:32.437 16999 16999 V BluetoothPluginCloud: queryPluginFeatureSupport: pluginVersion = 1.3_1.32featureId = spp_pc_service
07-25 14:52:32.439   568   568 I [MITEE] : mitee_keymaster_call 229 8
07-25 14:52:32.439   568   568 E [MITEE] : Request: 148 Max size: 131072
07-25 14:52:32.441  1557  3289 D FileUtils: Rounded bytes from 3762401280 to 4000000000
07-25 14:52:32.442 16999 16999 V MultiFeatureManager: initBuildinFeatures: SPP_PC_SERVICE = false
07-25 14:52:32.443 17000 17127 W .xiaomi.mipicks: ClassLoaderContext classpath size mismatch. expected=1, found=0 (DLC[];PCL[base.apk*129399461]{PCL[/system/framework/org.apache.http.legacy.jar*4025584831]#PCL[/system/framework/com.android.media.remotedisplay.jar*2042759013]#PCL[/system/framework/com.android.location.provider.jar*3414091812]#PCL[/system_ext/framework/androidx.window.extensions.jar*681982811]#PCL[/system_ext/framework/androidx.window.sidecar.jar*150681844]} | DLC[];PCL[])
07-25 14:52:32.446 16999 16999 V BluetoothPluginCloud: queryPluginFeatureSupport: pluginVersion = 1.3_1.32featureId = pc_service
07-25 14:52:32.448 16999 16999 D MiuiDataBaseUtils: minversion: 1.32, minversionLocal: 1.31
07-25 14:52:32.448 16999 16999 V MultiFeatureManager: initBuildinFeatures: PC_SERVICE = true
07-25 14:52:32.449 16999 16999 I Split:ClassNotFound: Class com.xiaomi.bluetooth.peripheral.MiuiPeripheralConnectionServiceReal is found in preloadedFeature ClassLoader
07-25 14:52:32.449 16999 16999 D MultiFeatureManager: lunchService: className = com.xiaomi.bluetooth.peripheral.MiuiPeripheralConnectionServiceReal
07-25 14:52:32.452 16999 16999 V BluetoothPluginCloud: queryPluginFeatureSupport: pluginVersion = 1.3_1.32featureId = fastconnect_service
07-25 14:52:32.452   568   568 I [MITEE] : mitee_keymaster_call 229 12
07-25 14:52:32.452   568   568 E [MITEE] : Request: 28 Max size: 131072
07-25 14:52:32.453  1557  5993 D PackageManager: set app component=ComponentInfo{com.xiaomi.mipicks/androidx.work.impl.background.systemjob.SystemJobService} enabled state: 1 from com.xiaomi.mipicks,uid=10222,pid=17000
07-25 14:52:32.453 16999 16999 D MiuiDataBaseUtils: minversion: 1.32, minversionLocal: 1.31
07-25 14:52:32.454 16999 16999 V MultiFeatureManager: initBuildinFeatures: FASTCONNECT_SERVICE = true
07-25 14:52:32.455 16999 16999 V BluetoothPluginCloud: queryPluginFeatureSupport: pluginVersion = 1.3_1.32featureId = platform_service
07-25 14:52:32.458 17000 17000 D nativeloader: Load libpowerhalwrap_jni.so using system ns (caller=/system_ext/framework/mediatek-framework.jar): ok
07-25 14:52:32.463   568   568 I [MITEE] : mitee_keymaster_call 229 4
07-25 14:52:32.463   568   568 E [MITEE] : Request: 274 Max size: 131072
07-25 14:52:32.464  1557  1575 E ApplicationHelper: Fail to get PackageManager
07-25 14:52:32.465  1557  1780 I MiuiNetworkPolicy: updateUidState uid = 1002, uidState = 6
07-25 14:52:32.465 17000 17000 I PowerHalWrapper: PowerHalWrapper.getInstance
07-25 14:52:32.472 17000 17132 I FirebaseCrashlytics: No version control information found
07-25 14:52:32.472   568   568 I [MITEE] : mitee_keymaster_call 229 8
07-25 14:52:32.472   568   568 E [MITEE] : Request: 34 Max size: 131072
07-25 14:52:32.473 17000 17000 I M-ProMotion: M-ProMotion is disabled
07-25 14:52:32.475   568   568 I [MITEE] : mitee_keymaster_call 229 12
07-25 14:52:32.475   568   568 E [MITEE] : Request: 28 Max size: 131072
07-25 14:52:32.475 16999 16999 I AudioEffect: set 0xb4000079376c2a30 uuid: 0x7fe10d8090 timeLow ec7178ec
07-25 14:52:32.480   568   568 I [MITEE] : mitee_keymaster_call 229 4
07-25 14:52:32.480   568   568 E [MITEE] : Request: 298 Max size: 131072
07-25 14:52:32.480   814 13999 V audio_utils::mutex: mutex_impl: audio_mutex initialized: ret:0  order:20
07-25 14:52:32.481   814 13999 V audio_utils::mutex: mutex_impl: audio_mutex initialized: ret:0  order:20
07-25 14:52:32.482   814 13999 V audio_utils::mutex: mutex_impl: audio_mutex initialized: ret:0  order:20
07-25 14:52:32.482   814 13999 V audio_utils::mutex: mutex_impl: audio_mutex initialized: ret:0  order:20
07-25 14:52:32.482   814 13999 V audio_utils::mutex: mutex_impl: audio_mutex initialized: ret:0  order:20
07-25 14:52:32.484   814  1250 D AudioFlinger: updateActiveAudioState mLastActiveAudioState=0 isActiveAudio=1
07-25 14:52:32.484   814  1253 D AudioFlinger: updateActiveAudioState mLastActiveAudioState=1 isActiveAudio=1
07-25 14:52:32.485   814  1253 D AudioFlinger_Threads: updateWakeLockUids_l AudioOut_1D uids:
07-25 14:52:32.485   814  1254 D AudioFlinger: updateActiveAudioState mLastActiveAudioState=1 isActiveAudio=1
07-25 14:52:32.485   814  1254 D AudioFlinger_Threads: updateWakeLockUids_l AudioOut_25 uids:
07-25 14:52:32.485   814  1257 D AudioFlinger: updateActiveAudioState mLastActiveAudioState=1 isActiveAudio=1
07-25 14:52:32.485   814  1250 D AudioFlinger_Threads: updateWakeLockUids_l AudioOut_D uids:
07-25 14:52:32.485   814  1257 D AudioFlinger_Threads: updateWakeLockUids_l AudioOut_35 uids:
07-25 14:52:32.485 17000 17127 I DynamiteModule: Considering local module com.google.android.gms.measurement.dynamite:100 and remote module com.google.android.gms.measurement.dynamite:153
07-25 14:52:32.485 17000 17127 I DynamiteModule: Selected remote version of com.google.android.gms.measurement.dynamite, version >= 153
07-25 14:52:32.486 17000 17127 V DynamiteModule: Dynamite loader version >= 2, using loadModule2NoCrashUtils
07-25 14:52:32.487   568   568 I [MITEE] : mitee_keymaster_call 229 8
07-25 14:52:32.487   568   568 E [MITEE] : Request: 50 Max size: 131072
07-25 14:52:32.488  1557  5993 W ParceledListSlice: Element #134 is 17148 bytes.
07-25 14:52:32.490   568   568 I [MITEE] : mitee_keymaster_call 229 12
07-25 14:52:32.490   568   568 E [MITEE] : Request: 28 Max size: 131072
07-25 14:52:32.491   814  1251 D AudioFlinger: updateActiveAudioState mLastActiveAudioState=1 isActiveAudio=1
07-25 14:52:32.491   814  1251 D AudioFlinger_Threads: updateWakeLockUids_l AudioOut_15 uids:
07-25 14:52:32.494   568   568 I [MITEE] : mitee_keymaster_call 229 4
07-25 14:52:32.494   568   568 E [MITEE] : Request: 298 Max size: 131072
07-25 14:52:32.497   814 13999 I AudioFlinger: createEffect pid 16999, effectClient 0xb400007d062947b0, priority 0, sessionId 0, io 0, factory 0xb400007bc62664e0
07-25 14:52:32.500   568   568 I [MITEE] : mitee_keymaster_call 229 8
07-25 14:52:32.500   568   568 E [MITEE] : Request: 181 Max size: 131072
07-25 14:52:32.502   568   568 I [MITEE] : mitee_keymaster_call 229 12
07-25 14:52:32.502   568   568 E [MITEE] : Request: 28 Max size: 131072
07-25 14:52:32.508   568   568 I [MITEE] : mitee_keymaster_call 229 4
07-25 14:52:32.509   568   568 E [MITEE] : Request: 274 Max size: 131072
07-25 14:52:32.512   814 13999 D APM::AudioPolicyEngine: getDevices ForStrategy() strategy 0, device 0x2 avadevice 0x1, 0x2, 0x10000 sfu [0]:0, [1]:0, [4]:11
07-25 14:52:32.514 17000 17127 W System  : ClassLoader referenced unknown path:
07-25 14:52:32.515 17000 17127 D nativeloader: Configuring clns-8 for other apk . target_sdk_version=36, uses_libraries=, library_path=/data/app/~~9x20RdRMENYcTUYvEEDmBQ==/com.google.android.gms-QIWLUYY1--B3O1rnpheR9Q==/lib/arm64:/data/app/~~9x20RdRMENYcTUYvEEDmBQ==/com.google.android.gms-QIWLUYY1--B3O1rnpheR9Q==/base.apk!/lib/arm64-v8a, permitted_path=/data:/mnt/expand:/data/user/0/com.google.android.gms
07-25 14:52:32.515 17000 17000 I WM-RemoteWorkManagerSer: Binding to RemoteWorkManager
07-25 14:52:32.515   814 13999 I AudioFlinger_Threads: createEffect_l() thread 0xb400007df134b700 effect MiSound on session 0
07-25 14:52:32.515   814 13999 I AudioFlinger_Threads: createEffect_l() got effect 0xb400007bb6269150 on chain 0xb400007d162762d0
07-25 14:52:32.515   814 13999 V audio_utils::mutex: mutex_impl: audio_mutex initialized: ret:0  order:2
07-25 14:52:32.515   814 13999 V EffectHandle: constructor 0xb400007c262676d0 client 0xb400007d0628c6a0
07-25 14:52:32.516   814 13999 V EffectHandle: setControl 0xb400007c26267cd0 control 0
07-25 14:52:32.516   814 13999 V EffectHandle: setControl 0xb400007c262676d0 control 1
07-25 14:52:32.516   814 13999 V EffectBase: addHandle() 0xb400007bb6269160 added handle 0xb400007c262676d0 in position 0
07-25 14:52:32.516   814 13999 V audio_utils::mutex: mutex_impl: audio_mutex initialized: ret:0  order:20
07-25 14:52:32.516   779   856 E HfLooper: light_data = 1.000000, raw_data = 0.000000, ir_data =14.000000, gain =1
07-25 14:52:32.517   814 31612 I AudioEffect: controlStatusChanged 0xb400007c76278630 control 0 callback 0x0
07-25 14:52:32.517   568   568 I [MITEE] : mitee_keymaster_call 229 8
07-25 14:52:32.517   568   568 E [MITEE] : Request: 34 Max size: 131072
07-25 14:52:32.517 16999 16999 I AudioEffect: set() 0xb4000079376c2a30 OK effect: MiSound id: 11 status 0 enabled 1 pid 16999
07-25 14:52:32.518  1557  1575 E ApplicationHelper: Fail to get PackageManager
07-25 14:52:32.518  1557  1575 E ApplicationHelper: Fail to get PackageManager
07-25 14:52:32.518  1557  1575 E ApplicationHelper: Fail to get PackageManager
07-25 14:52:32.520   568   568 I [MITEE] : mitee_keymaster_call 229 12
07-25 14:52:32.520   568   568 E [MITEE] : Request: 28 Max size: 131072
07-25 14:52:32.520 16999 16999 D BluetoothHeadsetService: onCreate
07-25 14:52:32.522 17000 17000 W FirebaseRemoteConfig: No value of type 'FirebaseRemoteConfigValue' exists for parameter key 'abKeyList'.
07-25 14:52:32.523 17000 17000 W FirebaseRemoteConfig: No value of type 'FirebaseRemoteConfigValue' exists for parameter key 'sid'.
07-25 14:52:32.526   568   568 I [MITEE] : mitee_keymaster_call 229 4
07-25 14:52:32.526   568   568 E [MITEE] : Request: 298 Max size: 131072
07-25 14:52:32.534   568   568 I [MITEE] : mitee_keymaster_call 229 8
07-25 14:52:32.534   568   568 E [MITEE] : Request: 50 Max size: 131072
07-25 14:52:32.537 17000 17164 D CompatChangeReporter: Compat change id reported: 263076149; UID 10222; state: ENABLED
07-25 14:52:32.542   568   568 I [MITEE] : mitee_keymaster_call 229 12
07-25 14:52:32.542   568   568 E [MITEE] : Request: 28 Max size: 131072
07-25 14:52:32.548 17000 17127 W .xiaomi.mipicks: ClassLoaderContext classpath element checksum mismatch. expected=129399461, found=869465178 (DLC[];PCL[base.apk*129399461]{PCL[/system/framework/org.apache.http.legacy.jar*4025584831]#PCL[/system/framework/com.android.media.remotedisplay.jar*2042759013]#PCL[/system/framework/com.android.location.provider.jar*3414091812]#PCL[/system_ext/framework/androidx.window.extensions.jar*681982811]#PCL[/system_ext/framework/androidx.window.sidecar.jar*150681844]} | DLC[];PCL[/data/app/~~PAQKzt67J3yduRlLaOSEZQ==/com.xiaomi.mipicks-jS9azx6ICaDvlx3V4gteqw==/base.apk*869465178]{PCL[/system/framework/org.apache.http.legacy.jar*4025584831]#PCL[/system_ext/framework/androidx.window.extensions.jar*681982811]#PCL[/system_ext/framework/androidx.window.sidecar.jar*150681844]})
07-25 14:52:32.549 16999 16999 D BluetoothHeadsetService: mHeadsetPermissionSwitchSupport = false
07-25 14:52:32.549 16999 16999 D MiuiMMAService: getMMAService() - returning null
07-25 14:52:32.550   568   568 I [MITEE] : mitee_keymaster_call 229 4
07-25 14:52:32.551   568   568 E [MITEE] : Request: 298 Max size: 131072
07-25 14:52:32.551 16999 16999 D BluetoothHeadsetService: onCreate: miui_version = 16
07-25 14:52:32.552 16999 17166 D MiuiBluetoothNotification: handle message: 101
07-25 14:52:32.552 16999 17166 D MiuiBluetoothNotification: initLocalMiuiNotificationSource
07-25 14:52:32.553 16999 17166 D MiuiBluetoothNotification: saveToLocal sourceName :earphone.mp4
07-25 14:52:32.555 16999 17166 D MiuiBluetoothNotification: file has been created earphone.mp4
07-25 14:52:32.555 16999 17166 D MiuiBluetoothNotification: saveToLocal sourceName :earphone_left_inear.mp4
07-25 14:52:32.556 16999 16999 W libc    : Access denied finding property "ro.hardware.wlan.vendor"
07-25 14:52:32.557 16999 16999 I AudioEffect: set 0xb4000079376c5180 uuid: 0x7fe10d82d0 timeLow ec7178ec
07-25 14:52:32.559 16999 17166 D MiuiBluetoothNotification: file has been created earphone_left_inear.mp4
07-25 14:52:32.559 16999 17166 D MiuiBluetoothNotification: saveToLocal sourceName :earphone_left_no_inear.mp4
07-25 14:52:32.559   814 13999 I AudioFlinger: createEffect pid 16999, effectClient 0xb400007d06293ef0, priority 0, sessionId 0, io 0, factory 0xb400007bc62664e0
07-25 14:52:32.559   568   568 I [MITEE] : mitee_keymaster_call 229 8
07-25 14:52:32.559  1557  2232 W ParceledListSlice: Element #196 is 18836 bytes.
07-25 14:52:32.559 16999 17166 D MiuiBluetoothNotification: file has been created earphone_left_no_inear.mp4
07-25 14:52:32.559   568   568 E [MITEE] : Request: 148 Max size: 131072
07-25 14:52:32.559 16999 17166 D MiuiBluetoothNotification: saveToLocal sourceName :earphone_right_inear.mp4
07-25 14:52:32.560   814 13999 D APM::AudioPolicyEngine: getDevices ForStrategy() strategy 0, device 0x2 avadevice 0x1, 0x2, 0x10000 sfu [0]:0, [1]:0, [4]:11
07-25 14:52:32.560 16999 17166 D MiuiBluetoothNotification: file has been created earphone_right_inear.mp4
07-25 14:52:32.560 16999 17166 D MiuiBluetoothNotification: saveToLocal sourceName :earphone_right_no_inear.mp4
07-25 14:52:32.560   814 13999 I AudioFlinger_Threads: createEffect_l() thread 0xb400007df134b700 effect MiSound on session 0
07-25 14:52:32.560   814 13999 I AudioFlinger_Threads: createEffect_l() got effect 0xb400007bb6269150 on chain 0xb400007d162762d0
07-25 14:52:32.560   814 13999 V audio_utils::mutex: mutex_impl: audio_mutex initialized: ret:0  order:2
07-25 14:52:32.560   814 13999 V EffectHandle: constructor 0xb400007c26268150 client 0xb400007d0628c6a0
07-25 14:52:32.561   814 13999 V EffectHandle: setControl 0xb400007c262676d0 control 0
07-25 14:52:32.561   814 13999 V EffectHandle: setControl 0xb400007c26268150 control 1
07-25 14:52:32.561 16999 17016 I AudioEffect: controlStatusChanged 0xb4000079376c2a30 control 0 callback 0xb4000079e770c210
07-25 14:52:32.561   814 13999 V EffectBase: addHandle() 0xb400007bb6269160 added handle 0xb400007c26268150 in position 0
07-25 14:52:32.561 16999 17166 D MiuiBluetoothNotification: file has been created earphone_right_no_inear.mp4
07-25 14:52:32.561   814 13999 V audio_utils::mutex: mutex_impl: audio_mutex initialized: ret:0  order:20
07-25 14:52:32.561 16999 17166 D MiuiBluetoothNotification: saveToLocal sourceName :earphone_static.mp4
07-25 14:52:32.562 16999 16999 I AudioEffect: set() 0xb4000079376c5180 OK effect: MiSound id: 11 status 0 enabled 1 pid 16999
07-25 14:52:32.562   568   568 I [MITEE] : mitee_keymaster_call 229 12
07-25 14:52:32.562   568   568 E [MITEE] : Request: 28 Max size: 131072
07-25 14:52:32.564 16999 16999 W libc    : Access denied finding property "ro.audio.spatializer_enabled"
07-25 14:52:32.564 16999 16999 I AudioEffect: set 0xb4000079376c5ac0 uuid: 0x7fe10d8280 timeLow ec7178ec
07-25 14:52:32.564 16999 17166 D MiuiBluetoothNotification: file has been created earphone_static.mp4
07-25 14:52:32.565   814 13999 I AudioFlinger: createEffect pid 16999, effectClient 0xb400007d0628b5c0, priority 0, sessionId 0, io 0, factory 0xb400007bc62664e0
07-25 14:52:32.566   814 13999 D APM::AudioPolicyEngine: getDevices ForStrategy() strategy 0, device 0x2 avadevice 0x1, 0x2, 0x10000 sfu [0]:0, [1]:0, [4]:11
07-25 14:52:32.566   814 13999 I AudioFlinger_Threads: createEffect_l() thread 0xb400007df134b700 effect MiSound on session 0
07-25 14:52:32.566   814 13999 I AudioFlinger_Threads: createEffect_l() got effect 0xb400007bb6269150 on chain 0xb400007d162762d0
07-25 14:52:32.566   814 13999 V audio_utils::mutex: mutex_impl: audio_mutex initialized: ret:0  order:2
07-25 14:52:32.566   814 13999 V EffectHandle: constructor 0xb400007c26268ed0 client 0xb400007d0628c6a0
07-25 14:52:32.566   814 13999 V EffectHandle: setControl 0xb400007c26268150 control 0
07-25 14:52:32.566   814 13999 V EffectHandle: setControl 0xb400007c26268ed0 control 1
07-25 14:52:32.566   814 13999 V EffectBase: addHandle() 0xb400007bb6269160 added handle 0xb400007c26268ed0 in position 0
07-25 14:52:32.566   814 13999 V audio_utils::mutex: mutex_impl: audio_mutex initialized: ret:0  order:20
07-25 14:52:32.566 16999 17016 I AudioEffect: controlStatusChanged 0xb4000079376c5180 control 0 callback 0xb4000079e7708cd0
07-25 14:52:32.567 16999 16999 I AudioEffect: set() 0xb4000079376c5ac0 OK effect: MiSound id: 11 status 0 enabled 1 pid 16999
07-25 14:52:32.572 16999 16999 D BluetoothHeadsetService: getProfileProxy
07-25 14:52:32.573 16999 16999 D BluetoothAdapter: getProfileProxy(),profile = 1
07-25 14:52:32.573   568   568 I [MITEE] : mitee_keymaster_call 229 4
07-25 14:52:32.573   568   568 E [MITEE] : Request: 274 Max size: 131072
07-25 14:52:32.574 30573 30591 I miui.msa.global: Background concurrent mark compact GC freed 1473KB AllocSpace bytes, 132(4752KB) LOS objects, 63% free, 3532KB/9676KB, paused 1.951ms,5.647ms total 134.071ms
07-25 14:52:32.574 16999 16999 D BluetoothAdapter: getProfileProxy(),profile = 2
07-25 14:52:32.575 16999 16999 D BluetoothAdapter: getProfileProxy(),profile = 4
07-25 14:52:32.581 16999 17165 D MiuiMMAService: getMMAService() - returning null
07-25 14:52:32.581 16999 17165 E FragmentHandler: service has not start up
07-25 14:52:32.582   568   568 I [MITEE] : mitee_keymaster_call 229 8
07-25 14:52:32.582   568   568 E [MITEE] : Request: 34 Max size: 131072
07-25 14:52:32.582  1557  1575 E ApplicationHelper: Fail to get PackageManager
07-25 14:52:32.583 17008 17008 W fbservices:InitStatus: Not blocking Service (173162190)
07-25 14:52:32.583 17008 17008 W fbservices:InitStatus: Not blocking Service (173162190)
07-25 14:52:32.584 16999 16999 D BluetoothHeadsetService: registerInstalledCallback
07-25 14:52:32.584 16999 16999 E MultiFeatureManager: registerCallback
07-25 14:52:32.584 16999 16999 D SplitInstallManagerImpl: App has no fused modules.
07-25 14:52:32.584 16999 16999 D SplitInstallManagerImpl: Split names are: []
07-25 14:52:32.584 16999 16999 D BluetoothHeadsetService: onModuleInstalled
07-25 14:52:32.584 16999 16999 D BluetoothHeadsetService: updateSupportDeviceId
07-25 14:52:32.584 16999 16999 D MultiFeatureManager: getDeviceInfoV2!!!
07-25 14:52:32.584   568   568 I [MITEE] : mitee_keymaster_call 229 12
07-25 14:52:32.584   568   568 E [MITEE] : Request: 28 Max size: 131072
07-25 14:52:32.591  1557  5993 D PackageManager: set app component=ComponentInfo{com.xiaomi.mipicks/androidx.work.impl.background.systemalarm.RescheduleReceiver} enabled state: 1 from com.xiaomi.mipicks,uid=10222,pid=17000
07-25 14:52:32.595 16999 16999 D DeviceSupport: device info v2 length =81
07-25 14:52:32.595 16999 16999 D DeviceSupport: device info v2 has data, add to support id!81
07-25 14:52:32.598 16999 16999 D MultiFeatureManager: [checkSupport] check support in deviceinfoV2
07-25 14:52:32.598 16999 16999 D MultiFeatureManager: getDeviceInfoV2!!!
07-25 14:52:32.598   568   568 I [MITEE] : mitee_keymaster_call 229 4
07-25 14:52:32.598   568   568 E [MITEE] : Request: 298 Max size: 131072
07-25 14:52:32.600 17000 17157 D CompatChangeReporter: Compat change id reported: 253665015; UID 10222; state: ENABLED
07-25 14:52:32.602  1557  2232 D CompatChangeReporter: Compat change id reported: 271850009; UID 10222; state: ENABLED
07-25 14:52:32.603  1557  2232 D CompatChangeReporter: Compat change id reported: 253665015; UID 10222; state: ENABLED
07-25 14:52:32.605  2134  2134 D ArtChoreographerMonitor: invoke error.
07-25 14:52:32.605   568   568 I [MITEE] : mitee_keymaster_call 229 8
07-25 14:52:32.605   568   568 E [MITEE] : Request: 50 Max size: 131072
07-25 14:52:32.605 17008 17008 W SoLoader: Loading notifgateway-jni on the main thread
07-25 14:52:32.607 17008 17008 W SoLoader[NativeDeps]: Falling back to custom ELF parsing when loading libnotifgateway.so, this can be slow
07-25 14:52:32.607   568   568 I [MITEE] : mitee_keymaster_call 229 12
07-25 14:52:32.607   568   568 E [MITEE] : Request: 28 Max size: 131072
07-25 14:52:32.608 16999 16999 D DeviceSupport: device info v2 length =81
07-25 14:52:32.609 16999 16999 D DeviceSupport: device info v2 has data, add to support id!81
07-25 14:52:32.609 17008 17008 W SoLoader[NativeDeps]: Falling back to custom ELF parsing when loading libc++_shared.so, this can be slow
07-25 14:52:32.611   568   568 I [MITEE] : mitee_keymaster_call 229 4
07-25 14:52:32.611   568   568 E [MITEE] : Request: 298 Max size: 131072
07-25 14:52:32.612 17008 17008 D nativeloader: Load /data/app/~~SodD0CWwEEccQVtgAaPz6Q==/com.facebook.services-gkLrzP-O_5Hurf6s7G2J7Q==/lib/arm64/libc++_shared.so using ns clns-7 from class loader (caller=/data/app/~~SodD0CWwEEccQVtgAaPz6Q==/com.facebook.services-gkLrzP-O_5Hurf6s7G2J7Q==/base.apk): ok
07-25 14:52:32.615 16999 16999 D BluetoothHeadsetService: onBind
07-25 14:52:32.615   779   856 E HfLooper: light_data = 1.000000, raw_data = 0.000000, ir_data =14.000000, gain =1
07-25 14:52:32.615 17008 17008 D nativeloader: Load /data/app/~~SodD0CWwEEccQVtgAaPz6Q==/com.facebook.services-gkLrzP-O_5Hurf6s7G2J7Q==/lib/arm64/libnotifgateway.so using ns clns-7 from class loader (caller=/data/app/~~SodD0CWwEEccQVtgAaPz6Q==/com.facebook.services-gkLrzP-O_5Hurf6s7G2J7Q==/base.apk): ok
07-25 14:52:32.616   568   568 I [MITEE] : mitee_keymaster_call 229 8
07-25 14:52:32.616   568   568 E [MITEE] : Request: 181 Max size: 131072
07-25 14:52:32.616 17008 17008 W SoLoader: Loading simplejni on the main thread
07-25 14:52:32.617 17008 17008 W SoLoader: Loading simplejni on the main thread
07-25 14:52:32.618 16999 16999 I Split:ClassNotFound: Class com.xiaomi.bluetooth.peripheral.MiuiPeripheralConnectionServiceReal is found in preloadedFeature ClassLoader
07-25 14:52:32.619   568   568 I [MITEE] : mitee_keymaster_call 229 12
07-25 14:52:32.619   568   568 E [MITEE] : Request: 28 Max size: 131072
07-25 14:52:32.620 30356 30356 D MiaoXiang MxBluetoothService: BluetoothHeadsetService Connected com.android.bluetooth.ble.app.IMiuiHeadsetService$Stub$Proxy@4ac65af
07-25 14:52:32.625 17008 17008 I DGW     : I[startConnection:365] ConnectivityManager start connection.
07-25 14:52:32.625  4945  4945 I MiuiPerfServiceClient: IonService onStartJob
07-25 14:52:32.627   568   568 I [MITEE] : mitee_keymaster_call 229 4
07-25 14:52:32.627   568   568 E [MITEE] : Request: 274 Max size: 131072
07-25 14:52:32.629 17008 17065 I DGW     : I[sendRequest:85] StreamGroupConnectivityAwareNetworkLayer Request is queued for serviceId : {notifgateway}
07-25 14:52:32.630 16999 16999 D MiuiPeripheralConnectionServiceReal: onCreate: version = 2
07-25 14:52:32.632  1557  2232 D CompatChangeReporter: Compat change id reported: 319212206; UID 10100; state: ENABLED
07-25 14:52:32.633  1557  5993 I ClipboardServiceI: checkProviderWakePathForClipboard: com.xiaomi.mipicksis not a activePermissionOwner
07-25 14:52:32.638   568   568 I [MITEE] : mitee_keymaster_call 229 8
07-25 14:52:32.638   568   568 E [MITEE] : Request: 34 Max size: 131072
